Archive member included to satisfy reference by file (symbol)

/usr/lib/gcc/arm-none-eabi/8.3.1/thumb/v7e-m+fp/hard/libgcc.a(_arm_addsubdf3.o)
                              /data/data/com.termux/files/home/arm-examples/decoders/GCC_Project/output/ql_test_signals.o (__aeabi_dadd)
/usr/lib/gcc/arm-none-eabi/8.3.1/thumb/v7e-m+fp/hard/libgcc.a(_arm_muldivdf3.o)
                              /data/data/com.termux/files/home/arm-examples/decoders/GCC_Project/output/ql_test_signals.o (__aeabi_dmul)
/usr/lib/gcc/arm-none-eabi/8.3.1/thumb/v7e-m+fp/hard/libgcc.a(_arm_fixdfsi.o)
                              /data/data/com.termux/files/home/arm-examples/decoders/GCC_Project/output/ql_test_signals.o (__aeabi_d2iz)
/usr/lib/gcc/arm-none-eabi/8.3.1/thumb/v7e-m+fp/hard/libgcc.a(_arm_truncdfsf2.o)
                              /data/data/com.termux/files/home/arm-examples/decoders/GCC_Project/output/eoss3_hal_i2c.o (__aeabi_d2f)
/usr/lib/gcc/arm-none-eabi/8.3.1/thumb/v7e-m+fp/hard/libgcc.a(_aeabi_ldivmod.o)
                              /data/data/com.termux/files/home/arm-examples/decoders/GCC_Project/output/dbg_uart.o (__aeabi_ldivmod)
/usr/lib/gcc/arm-none-eabi/8.3.1/thumb/v7e-m+fp/hard/libgcc.a(_aeabi_uldivmod.o)
                              /data/data/com.termux/files/home/arm-examples/decoders/GCC_Project/output/s3x_lpm.o (__aeabi_uldivmod)
/usr/lib/gcc/arm-none-eabi/8.3.1/thumb/v7e-m+fp/hard/libgcc.a(_udivmoddi4.o)
                              /usr/lib/gcc/arm-none-eabi/8.3.1/thumb/v7e-m+fp/hard/libgcc.a(_aeabi_ldivmod.o) (__udivmoddi4)
/usr/lib/gcc/arm-none-eabi/8.3.1/thumb/v7e-m+fp/hard/libgcc.a(_dvmd_tls.o)
                              /usr/lib/gcc/arm-none-eabi/8.3.1/thumb/v7e-m+fp/hard/libgcc.a(_aeabi_ldivmod.o) (__aeabi_ldiv0)
/usr/lib/gcc/arm-none-eabi/8.3.1/../../../arm-none-eabi/lib/thumb/v7e-m+fp/hard/libg_nano.a(lib_a-atexit.o)
                              /usr/lib/gcc/arm-none-eabi/8.3.1/../../../arm-none-eabi/lib/thumb/v7e-m+fp/hard/crt0.o (atexit)
/usr/lib/gcc/arm-none-eabi/8.3.1/../../../arm-none-eabi/lib/thumb/v7e-m+fp/hard/libg_nano.a(lib_a-exit.o)
                              /usr/lib/gcc/arm-none-eabi/8.3.1/../../../arm-none-eabi/lib/thumb/v7e-m+fp/hard/crt0.o (exit)
/usr/lib/gcc/arm-none-eabi/8.3.1/../../../arm-none-eabi/lib/thumb/v7e-m+fp/hard/libg_nano.a(lib_a-fini.o)
                              /usr/lib/gcc/arm-none-eabi/8.3.1/../../../arm-none-eabi/lib/thumb/v7e-m+fp/hard/crt0.o (__libc_fini_array)
/usr/lib/gcc/arm-none-eabi/8.3.1/../../../arm-none-eabi/lib/thumb/v7e-m+fp/hard/libg_nano.a(lib_a-impure.o)
                              /usr/lib/gcc/arm-none-eabi/8.3.1/../../../arm-none-eabi/lib/thumb/v7e-m+fp/hard/libg_nano.a(lib_a-exit.o) (_global_impure_ptr)
/usr/lib/gcc/arm-none-eabi/8.3.1/../../../arm-none-eabi/lib/thumb/v7e-m+fp/hard/libg_nano.a(lib_a-init.o)
                              /usr/lib/gcc/arm-none-eabi/8.3.1/../../../arm-none-eabi/lib/thumb/v7e-m+fp/hard/crt0.o (__libc_init_array)
/usr/lib/gcc/arm-none-eabi/8.3.1/../../../arm-none-eabi/lib/thumb/v7e-m+fp/hard/libg_nano.a(lib_a-malloc.o)
                              /data/data/com.termux/files/home/arm-examples/decoders/GCC_Project/output/circularBuffQueue.o (malloc)
/usr/lib/gcc/arm-none-eabi/8.3.1/../../../arm-none-eabi/lib/thumb/v7e-m+fp/hard/libg_nano.a(lib_a-memcpy.o)
                              /data/data/com.termux/files/home/arm-examples/decoders/GCC_Project/output/cli_args.o (memcpy)
/usr/lib/gcc/arm-none-eabi/8.3.1/../../../arm-none-eabi/lib/thumb/v7e-m+fp/hard/libg_nano.a(lib_a-memset.o)
                              /usr/lib/gcc/arm-none-eabi/8.3.1/../../../arm-none-eabi/lib/thumb/v7e-m+fp/hard/crt0.o (memset)
/usr/lib/gcc/arm-none-eabi/8.3.1/../../../arm-none-eabi/lib/thumb/v7e-m+fp/hard/libg_nano.a(lib_a-nano-freer.o)
                              /usr/lib/gcc/arm-none-eabi/8.3.1/../../../arm-none-eabi/lib/thumb/v7e-m+fp/hard/libg_nano.a(lib_a-malloc.o) (_free_r)
/usr/lib/gcc/arm-none-eabi/8.3.1/../../../arm-none-eabi/lib/thumb/v7e-m+fp/hard/libg_nano.a(lib_a-nano-mallocr.o)
                              /usr/lib/gcc/arm-none-eabi/8.3.1/../../../arm-none-eabi/lib/thumb/v7e-m+fp/hard/libg_nano.a(lib_a-malloc.o) (_malloc_r)
/usr/lib/gcc/arm-none-eabi/8.3.1/../../../arm-none-eabi/lib/thumb/v7e-m+fp/hard/libg_nano.a(lib_a-printf.o)
                              /data/data/com.termux/files/home/arm-examples/decoders/GCC_Project/output/circularBuffQueue.o (printf)
/usr/lib/gcc/arm-none-eabi/8.3.1/../../../arm-none-eabi/lib/thumb/v7e-m+fp/hard/libg_nano.a(lib_a-puts.o)
                              /data/data/com.termux/files/home/arm-examples/decoders/GCC_Project/output/eoss3_hal_i2s_slave_assp.o (puts)
/usr/lib/gcc/arm-none-eabi/8.3.1/../../../arm-none-eabi/lib/thumb/v7e-m+fp/hard/libg_nano.a(lib_a-sbrkr.o)
                              /usr/lib/gcc/arm-none-eabi/8.3.1/../../../arm-none-eabi/lib/thumb/v7e-m+fp/hard/libg_nano.a(lib_a-nano-mallocr.o) (_sbrk_r)
[...]
Memory Configuration

Name             Origin             Length             Attributes
rom              0x0000000000000000 0x0000000000027000 xr
ram              0x0000000020027000 0x000000000003c800 xrw
spiram           0x0000000020063800 0x0000000000000800 rw
HWA              0x0000000020064000 0x0000000000018000 rw
shm              0x000000002007c000 0x0000000000004000
*default*        0x0000000000000000 0xffffffffffffffff

Linker script and memory map

LOAD /usr/lib/gcc/arm-none-eabi/8.3.1/thumb/v7e-m+fp/hard/crti.o
LOAD /usr/lib/gcc/arm-none-eabi/8.3.1/thumb/v7e-m+fp/hard/crtbegin.o
LOAD /usr/lib/gcc/arm-none-eabi/8.3.1/../../../arm-none-eabi/lib/thumb/v7e-m+fp/hard/crt0.o
LOAD /data/data/com.termux/files/home/arm-examples/decoders/GCC_Project/output/c_lib_retarget.o
LOAD /data/data/com.termux/files/home/arm-examples/decoders/GCC_Project/output/circularBuffQueue.o
LOAD /data/data/com.termux/files/home/arm-examples/decoders/GCC_Project/output/cli_args.o
LOAD /data/data/com.termux/files/home/arm-examples/decoders/GCC_Project/output/cli_hexdump.o
LOAD /data/data/com.termux/files/home/arm-examples/decoders/GCC_Project/output/cli_io.o
LOAD /data/data/com.termux/files/home/arm-examples/decoders/GCC_Project/output/cli_loop.o
LOAD /data/data/com.termux/files/home/arm-examples/decoders/GCC_Project/output/cli_misc.o
LOAD /data/data/com.termux/files/home/arm-examples/decoders/GCC_Project/output/cli_platform.o
LOAD /data/data/com.termux/files/home/arm-examples/decoders/GCC_Project/output/cli_stdcmds.o
LOAD /data/data/com.termux/files/home/arm-examples/decoders/GCC_Project/output/crc16.o
LOAD /data/data/com.termux/files/home/arm-examples/decoders/GCC_Project/output/crc32.o
LOAD /data/data/com.termux/files/home/arm-examples/decoders/GCC_Project/output/croutine.o
LOAD /data/data/com.termux/files/home/arm-examples/decoders/GCC_Project/output/dbg_bufferedprinttask.o
LOAD /data/data/com.termux/files/home/arm-examples/decoders/GCC_Project/output/dbg_queue_monitor.o
LOAD /data/data/com.termux/files/home/arm-examples/decoders/GCC_Project/output/dbg_uart.o
LOAD /data/data/com.termux/files/home/arm-examples/decoders/GCC_Project/output/dbgtrace.o
LOAD /data/data/com.termux/files/home/arm-examples/decoders/GCC_Project/output/eoss3_hal_adc.o
LOAD /data/data/com.termux/files/home/arm-examples/decoders/GCC_Project/output/eoss3_hal_gpio.o
LOAD /data/data/com.termux/files/home/arm-examples/decoders/GCC_Project/output/eoss3_hal_i2c.o
LOAD /data/data/com.termux/files/home/arm-examples/decoders/GCC_Project/output/eoss3_hal_i2s.o
LOAD /data/data/com.termux/files/home/arm-examples/decoders/GCC_Project/output/eoss3_hal_i2s_slave_assp.o
LOAD /data/data/com.termux/files/home/arm-examples/decoders/GCC_Project/output/eoss3_hal_pad_config.o
LOAD /data/data/com.termux/files/home/arm-examples/decoders/GCC_Project/output/eoss3_hal_pkfb.o
LOAD /data/data/com.termux/files/home/arm-examples/decoders/GCC_Project/output/eoss3_hal_rtc.o
LOAD /data/data/com.termux/files/home/arm-examples/decoders/GCC_Project/output/eoss3_hal_sdma.o
LOAD /data/data/com.termux/files/home/arm-examples/decoders/GCC_Project/output/eoss3_hal_spi.o
LOAD /data/data/com.termux/files/home/arm-examples/decoders/GCC_Project/output/eoss3_hal_timer.o
LOAD /data/data/com.termux/files/home/arm-examples/decoders/GCC_Project/output/eoss3_hal_uart.o
LOAD /data/data/com.termux/files/home/arm-examples/decoders/GCC_Project/output/eoss3_hal_wb.o
LOAD /data/data/com.termux/files/home/arm-examples/decoders/GCC_Project/output/eoss3_hal_wdt.o
LOAD /data/data/com.termux/files/home/arm-examples/decoders/GCC_Project/output/event_groups.o
LOAD /data/data/com.termux/files/home/arm-examples/decoders/GCC_Project/output/exceptions.o
LOAD /data/data/com.termux/files/home/arm-examples/decoders/GCC_Project/output/freertos_static_memory.o
LOAD /data/data/com.termux/files/home/arm-examples/decoders/GCC_Project/output/heap_4.o
LOAD /data/data/com.termux/files/home/arm-examples/decoders/GCC_Project/output/hearable_pwrcfg.o
LOAD /data/data/com.termux/files/home/arm-examples/decoders/GCC_Project/output/leds.o
LOAD /data/data/com.termux/files/home/arm-examples/decoders/GCC_Project/output/list.o
LOAD /data/data/com.termux/files/home/arm-examples/decoders/GCC_Project/output/main.o
LOAD /data/data/com.termux/files/home/arm-examples/decoders/GCC_Project/output/main_dbg_cli_menu.o
LOAD /data/data/com.termux/files/home/arm-examples/decoders/GCC_Project/output/pincfg_table.o
LOAD /data/data/com.termux/files/home/arm-examples/decoders/GCC_Project/output/port.o
LOAD /data/data/com.termux/files/home/arm-examples/decoders/GCC_Project/output/qf_baremetalsetup.o
LOAD /data/data/com.termux/files/home/arm-examples/decoders/GCC_Project/output/qf_hardwaresetup.o
LOAD /data/data/com.termux/files/home/arm-examples/decoders/GCC_Project/output/ql_base64.o
LOAD /data/data/com.termux/files/home/arm-examples/decoders/GCC_Project/output/ql_stackwatermark.o
LOAD /data/data/com.termux/files/home/arm-examples/decoders/GCC_Project/output/ql_test_signals.o
LOAD /data/data/com.termux/files/home/arm-examples/decoders/GCC_Project/output/ql_time.o
LOAD /data/data/com.termux/files/home/arm-examples/decoders/GCC_Project/output/queue.o
LOAD /data/data/com.termux/files/home/arm-examples/decoders/GCC_Project/output/s3x_clock.o
LOAD /data/data/com.termux/files/home/arm-examples/decoders/GCC_Project/output/s3x_clock_hal.o
LOAD /data/data/com.termux/files/home/arm-examples/decoders/GCC_Project/output/s3x_cpuload.o
LOAD /data/data/com.termux/files/home/arm-examples/decoders/GCC_Project/output/s3x_dfs.o
LOAD /data/data/com.termux/files/home/arm-examples/decoders/GCC_Project/output/s3x_lpm.o
LOAD /data/data/com.termux/files/home/arm-examples/decoders/GCC_Project/output/s3x_pi.o
LOAD /data/data/com.termux/files/home/arm-examples/decoders/GCC_Project/output/s3x_pwrcfg.o
LOAD /data/data/com.termux/files/home/arm-examples/decoders/GCC_Project/output/s3x_qos.o
LOAD /data/data/com.termux/files/home/arm-examples/decoders/GCC_Project/output/sec_debug.o
LOAD /data/data/com.termux/files/home/arm-examples/decoders/GCC_Project/output/spi_flash.o
LOAD /data/data/com.termux/files/home/arm-examples/decoders/GCC_Project/output/startup_EOSS3B_GCC.o
LOAD /data/data/com.termux/files/home/arm-examples/decoders/GCC_Project/output/stream_buffer.o
LOAD /data/data/com.termux/files/home/arm-examples/decoders/GCC_Project/output/tasks.o
LOAD /data/data/com.termux/files/home/arm-examples/decoders/GCC_Project/output/timers.o
LOAD /data/data/com.termux/files/home/arm-examples/decoders/GCC_Project/output/vectors_CM4F_gcc.o
LOAD /data/data/com.termux/files/home/arm-examples/decoders/GCC_Project/output/watchdog.o
LOAD /usr/lib/gcc/arm-none-eabi/8.3.1/../../../arm-none-eabi/lib/thumb/v7e-m+fp/hard/libm.a
LOAD /data/data/com.termux/files/home/pygmy-dev/pygmy-sdk/Libraries/CMSIS/lib/GCC/libarm_cortexM4lf_math.a
START GROUP
LOAD /usr/lib/gcc/arm-none-eabi/8.3.1/thumb/v7e-m+fp/hard/libgcc.a
LOAD /usr/lib/gcc/arm-none-eabi/8.3.1/../../../arm-none-eabi/lib/thumb/v7e-m+fp/hard/libg_nano.a
LOAD /usr/lib/gcc/arm-none-eabi/8.3.1/../../../arm-none-eabi/lib/thumb/v7e-m+fp/hard/libc_nano.a
END GROUP
START GROUP
LOAD /usr/lib/gcc/arm-none-eabi/8.3.1/thumb/v7e-m+fp/hard/libgcc.a
LOAD /usr/lib/gcc/arm-none-eabi/8.3.1/../../../arm-none-eabi/lib/thumb/v7e-m+fp/hard/libc_nano.a
LOAD /usr/lib/gcc/arm-none-eabi/8.3.1/../../../arm-none-eabi/lib/thumb/v7e-m+fp/hard/libnosys.a
END GROUP
START GROUP
LOAD /usr/lib/gcc/arm-none-eabi/8.3.1/thumb/v7e-m+fp/hard/libgcc.a
LOAD /usr/lib/gcc/arm-none-eabi/8.3.1/../../../arm-none-eabi/lib/thumb/v7e-m+fp/hard/libc_nano.a
LOAD /usr/lib/gcc/arm-none-eabi/8.3.1/../../../arm-none-eabi/lib/thumb/v7e-m+fp/hard/libnosys.a
END GROUP
LOAD /usr/lib/gcc/arm-none-eabi/8.3.1/thumb/v7e-m+fp/hard/crtend.o
LOAD /usr/lib/gcc/arm-none-eabi/8.3.1/thumb/v7e-m+fp/hard/crtn.o

.text           0x0000000000000000     0x98e5
 *(.isr_vector)
 .isr_vector    0x0000000000000000      0x124 /data/data/com.termux/files/home/arm-examples/decoders/GCC_Project/output/vectors_CM4F_gcc.o
                0x0000000000000000                __Vectors
 *(.text*)
 .text          0x0000000000000124       0x88 /usr/lib/gcc/arm-none-eabi/8.3.1/thumb/v7e-m+fp/hard/crtbegin.o
 .text          0x00000000000001ac       0x70 /usr/lib/gcc/arm-none-eabi/8.3.1/../../../arm-none-eabi/lib/thumb/v7e-m+fp/hard/crt0.o
                0x00000000000001ac                _stack_init
                0x00000000000001b4                _mainCRTStartup
                0x00000000000001b4                _start
 .text._write   0x000000000000021c        0xe /data/data/com.termux/files/home/arm-examples/decoders/GCC_Project/output/c_lib_retarget.o
                0x000000000000021c                _write
 .text._close   0x000000000000022a        0x6 /data/data/com.termux/files/home/arm-examples/decoders/GCC_Project/output/c_lib_retarget.o
                0x000000000000022a                _close
 .text._lseek   0x0000000000000230        0x4 /data/data/com.termux/files/home/arm-examples/decoders/GCC_Project/output/c_lib_retarget.o
                0x0000000000000230                _lseek
 .text._read    0x0000000000000234        0x4 /data/data/com.termux/files/home/arm-examples/decoders/GCC_Project/output/c_lib_retarget.o
                0x0000000000000234                _read
 .text.do_str_fetch
                0x0000000000000238       0x38 /data/data/com.termux/files/home/arm-examples/decoders/GCC_Project/output/cli_args.o
 .text.CLI_string_ptr_get_subcmd
                0x0000000000000270       0x20 /data/data/com.termux/files/home/arm-examples/decoders/GCC_Project/output/cli_args.o
                0x0000000000000270                CLI_string_ptr_get_subcmd
 .text.CLI_numX_getshow_X
                0x0000000000000290      0x178 /data/data/com.termux/files/home/arm-examples/decoders/GCC_Project/output/cli_args.o
                0x0000000000000290                CLI_numX_getshow_X
 .text.CLI_uint8_getshow
                0x0000000000000408        0x8 /data/data/com.termux/files/home/arm-examples/decoders/GCC_Project/output/cli_args.o
                0x0000000000000408                CLI_uint8_getshow
 .text.append_key
                0x0000000000000410       0x30 /data/data/com.termux/files/home/arm-examples/decoders/GCC_Project/output/cli_io.o
 .text.get_key_ignore_null
                0x0000000000000440       0x18 /data/data/com.termux/files/home/arm-examples/decoders/GCC_Project/output/cli_io.o
 .text.CLI_getkey_peek
                0x0000000000000458      0x110 /data/data/com.termux/files/home/arm-examples/decoders/GCC_Project/output/cli_io.o
                0x0000000000000458                CLI_getkey_peek
 .text.CLI_getkey
                0x0000000000000568       0x30 /data/data/com.termux/files/home/arm-examples/decoders/GCC_Project/output/cli_io.o
                0x0000000000000568                CLI_getkey
 .text.CLI_col0_timestamp
                0x0000000000000598       0x78 /data/data/com.termux/files/home/arm-examples/decoders/GCC_Project/output/cli_io.o
                0x0000000000000598                CLI_col0_timestamp
 .text.CLI_putc
                0x0000000000000610       0x4c /data/data/com.termux/files/home/arm-examples/decoders/GCC_Project/output/cli_io.o
                0x0000000000000610                CLI_putc
 .text.CLI_puts_no_nl
                0x000000000000065c       0x12 /data/data/com.termux/files/home/arm-examples/decoders/GCC_Project/output/cli_io.o
                0x000000000000065c                CLI_puts_no_nl
 *fill*         0x000000000000066e        0x2 
 .text.CLI_vprintf
                0x0000000000000670       0x24 /data/data/com.termux/files/home/arm-examples/decoders/GCC_Project/output/cli_io.o
                0x0000000000000670                CLI_vprintf
 .text.CLI_printf
                0x0000000000000694       0x1a /data/data/com.termux/files/home/arm-examples/decoders/GCC_Project/output/cli_io.o
                0x0000000000000694                CLI_printf
 *fill*         0x00000000000006ae        0x2 
 .text.handle_help
                0x00000000000006b0       0xc4 /data/data/com.termux/files/home/arm-examples/decoders/GCC_Project/output/cli_loop.o
 .text.CLI_cmd_stack_replace
                0x0000000000000774       0x10 /data/data/com.termux/files/home/arm-examples/decoders/GCC_Project/output/cli_loop.o
                0x0000000000000774                CLI_cmd_stack_replace
 .text.CLI_cmd_stack_push
                0x0000000000000784       0x30 /data/data/com.termux/files/home/arm-examples/decoders/GCC_Project/output/cli_loop.o
                0x0000000000000784                CLI_cmd_stack_push
 .text.CLI_cmd_stack_clear
                0x00000000000007b4       0x24 /data/data/com.termux/files/home/arm-examples/decoders/GCC_Project/output/cli_loop.o
                0x00000000000007b4                CLI_cmd_stack_clear
 .text.CLI_cmd_stack_pop
                0x00000000000007d8       0x40 /data/data/com.termux/files/home/arm-examples/decoders/GCC_Project/output/cli_loop.o
                0x00000000000007d8                CLI_cmd_stack_pop
 .text.handle_exit
                0x0000000000000818       0x1c /data/data/com.termux/files/home/arm-examples/decoders/GCC_Project/output/cli_loop.o
 .text.CLI_init
                0x0000000000000834       0x24 /data/data/com.termux/files/home/arm-examples/decoders/GCC_Project/output/cli_loop.o
                0x0000000000000834                CLI_init
 .text.CLI_print_prompt
                0x0000000000000858       0x44 /data/data/com.termux/files/home/arm-examples/decoders/GCC_Project/output/cli_loop.o
                0x0000000000000858                CLI_print_prompt
 .text.CLI_dispatch_subcmd
                0x000000000000089c       0x84 /data/data/com.termux/files/home/arm-examples/decoders/GCC_Project/output/cli_loop.o
                0x000000000000089c                CLI_dispatch_subcmd
 .text.CLI_dispatch
                0x0000000000000920       0xc0 /data/data/com.termux/files/home/arm-examples/decoders/GCC_Project/output/cli_loop.o
 .text.CLI_submenu_handler
                0x00000000000009e0       0x30 /data/data/com.termux/files/home/arm-examples/decoders/GCC_Project/output/cli_loop.o
                0x00000000000009e0                CLI_submenu_handler
 .text.CLI_verror
                0x0000000000000a10       0x40 /data/data/com.termux/files/home/arm-examples/decoders/GCC_Project/output/cli_loop.o
                0x0000000000000a10                CLI_verror
 .text.CLI_rx_byte
                0x0000000000000a50       0xe8 /data/data/com.termux/files/home/arm-examples/decoders/GCC_Project/output/cli_loop.o
                0x0000000000000a50                CLI_rx_byte
 .text.CLI_is_more_args
                0x0000000000000b38       0x14 /data/data/com.termux/files/home/arm-examples/decoders/GCC_Project/output/cli_misc.o
                0x0000000000000b38                CLI_is_more_args
 .text.CLI_error
                0x0000000000000b4c       0x1a /data/data/com.termux/files/home/arm-examples/decoders/GCC_Project/output/cli_misc.o
                0x0000000000000b4c                CLI_error
 *fill*         0x0000000000000b66        0x2 
 .text.CLI_error_missing_parameter
                0x0000000000000b68        0xc /data/data/com.termux/files/home/arm-examples/decoders/GCC_Project/output/cli_misc.o
                0x0000000000000b68                CLI_error_missing_parameter
 .text.CLI_error_not_a_number
                0x0000000000000b74       0x10 /data/data/com.termux/files/home/arm-examples/decoders/GCC_Project/output/cli_misc.o
                0x0000000000000b74                CLI_error_not_a_number
 .text.CLI_task
                0x0000000000000b84       0x54 /data/data/com.termux/files/home/arm-examples/decoders/GCC_Project/output/cli_platform.o
                0x0000000000000b84                CLI_task
 .text.CLI_time_now
                0x0000000000000bd8        0x4 /data/data/com.termux/files/home/arm-examples/decoders/GCC_Project/output/cli_platform.o
                0x0000000000000bd8                CLI_time_now
 .text.CLI_beep
                0x0000000000000bdc        0x6 /data/data/com.termux/files/home/arm-examples/decoders/GCC_Project/output/cli_platform.o
                0x0000000000000bdc                CLI_beep
 .text.CLI_timeout_expired
                0x0000000000000be2       0x22 /data/data/com.termux/files/home/arm-examples/decoders/GCC_Project/output/cli_platform.o
                0x0000000000000be2                CLI_timeout_expired
 .text.CLI_putc_raw
                0x0000000000000c04        0x8 /data/data/com.termux/files/home/arm-examples/decoders/GCC_Project/output/cli_platform.o
                0x0000000000000c04                CLI_putc_raw
 .text.CLI_getkey_raw
                0x0000000000000c0c       0x3c /data/data/com.termux/files/home/arm-examples/decoders/GCC_Project/output/cli_platform.o
                0x0000000000000c0c                CLI_getkey_raw
 .text.CLI_start_task
                0x0000000000000c48       0x58 /data/data/com.termux/files/home/arm-examples/decoders/GCC_Project/output/cli_platform.o
                0x0000000000000c48                CLI_start_task
 .text.__debug_lockup
                0x0000000000000ca0       0x14 /data/data/com.termux/files/home/arm-examples/decoders/GCC_Project/output/dbg_uart.o
 .text._semihost_write
                0x0000000000000cb4       0x54 /data/data/com.termux/files/home/arm-examples/decoders/GCC_Project/output/dbg_uart.o
                0x0000000000000cb4                _semihost_write
 .text.dbg_ch_raw
                0x0000000000000d08       0x74 /data/data/com.termux/files/home/arm-examples/decoders/GCC_Project/output/dbg_uart.o
                0x0000000000000d08                dbg_ch_raw
 .text.dbg_nl   0x0000000000000d7c       0x12 /data/data/com.termux/files/home/arm-examples/decoders/GCC_Project/output/dbg_uart.o
                0x0000000000000d7c                dbg_nl
 .text.dbg_ch   0x0000000000000d8e        0xc /data/data/com.termux/files/home/arm-examples/decoders/GCC_Project/output/dbg_uart.o
                0x0000000000000d8e                dbg_ch
 .text.dbg_hex4
                0x0000000000000d9a       0x14 /data/data/com.termux/files/home/arm-examples/decoders/GCC_Project/output/dbg_uart.o
 .text.dbg_hex8
                0x0000000000000dae       0x14 /data/data/com.termux/files/home/arm-examples/decoders/GCC_Project/output/dbg_uart.o
                0x0000000000000dae                dbg_hex8
 .text.dbg_hex16
                0x0000000000000dc2       0x14 /data/data/com.termux/files/home/arm-examples/decoders/GCC_Project/output/dbg_uart.o
                0x0000000000000dc2                dbg_hex16
 .text.dbg_hex32
                0x0000000000000dd6       0x14 /data/data/com.termux/files/home/arm-examples/decoders/GCC_Project/output/dbg_uart.o
                0x0000000000000dd6                dbg_hex32
 .text._dbg_int
                0x0000000000000dea       0x20 /data/data/com.termux/files/home/arm-examples/decoders/GCC_Project/output/dbg_uart.o
 .text.dbg_memdumpx
                0x0000000000000e0a       0xea /data/data/com.termux/files/home/arm-examples/decoders/GCC_Project/output/dbg_uart.o
 .text.dbg_str  0x0000000000000ef4       0x84 /data/data/com.termux/files/home/arm-examples/decoders/GCC_Project/output/dbg_uart.o
                0x0000000000000ef4                dbg_str
 .text._dbg_str_xxx
                0x0000000000000f78       0x16 /data/data/com.termux/files/home/arm-examples/decoders/GCC_Project/output/dbg_uart.o
 .text.dbg_str_hexXX
                0x0000000000000f8e       0x22 /data/data/com.termux/files/home/arm-examples/decoders/GCC_Project/output/dbg_uart.o
 .text.dbg_int  0x0000000000000fb0       0x24 /data/data/com.termux/files/home/arm-examples/decoders/GCC_Project/output/dbg_uart.o
                0x0000000000000fb0                dbg_int
 .text.dbg_str_str
                0x0000000000000fd4       0x16 /data/data/com.termux/files/home/arm-examples/decoders/GCC_Project/output/dbg_uart.o
                0x0000000000000fd4                dbg_str_str
 .text.dbg_str_int
                0x0000000000000fea       0x16 /data/data/com.termux/files/home/arm-examples/decoders/GCC_Project/output/dbg_uart.o
                0x0000000000000fea                dbg_str_int
 .text.dbg_str_int_noln
                0x0000000000001000       0x12 /data/data/com.termux/files/home/arm-examples/decoders/GCC_Project/output/dbg_uart.o
                0x0000000000001000                dbg_str_int_noln
 *fill*         0x0000000000001012        0x2 
 .text.dbg_str_hex32
                0x0000000000001014        0xc /data/data/com.termux/files/home/arm-examples/decoders/GCC_Project/output/dbg_uart.o
                0x0000000000001014                dbg_str_hex32
 .text.dbg_fatal_error
                0x0000000000001020       0x12 /data/data/com.termux/files/home/arm-examples/decoders/GCC_Project/output/dbg_uart.o
                0x0000000000001020                dbg_fatal_error
 .text.dbg_fatal_error_int
                0x0000000000001032        0xe /data/data/com.termux/files/home/arm-examples/decoders/GCC_Project/output/dbg_uart.o
                0x0000000000001032                dbg_fatal_error_int
 .text.dbg_memdump32
                0x0000000000001040       0x1e /data/data/com.termux/files/home/arm-examples/decoders/GCC_Project/output/dbg_uart.o
                0x0000000000001040                dbg_memdump32
 *fill*         0x000000000000105e        0x2 
 .text.HAL_GPIO_Write
                0x0000000000001060       0x28 /data/data/com.termux/files/home/arm-examples/decoders/GCC_Project/output/eoss3_hal_gpio.o
                0x0000000000001060                HAL_GPIO_Write
 .text.HAL_PAD_Config
                0x0000000000001088      0x17c /data/data/com.termux/files/home/arm-examples/decoders/GCC_Project/output/eoss3_hal_pad_config.o
                0x0000000000001088                HAL_PAD_Config
 .text.configure_s3_pads
                0x0000000000001204       0x1a /data/data/com.termux/files/home/arm-examples/decoders/GCC_Project/output/eoss3_hal_pad_config.o
                0x0000000000001204                configure_s3_pads
 *fill*         0x000000000000121e        0x2 
 .text.eoss3_rtc_enable_irq
                0x0000000000001220       0x28 /data/data/com.termux/files/home/arm-examples/decoders/GCC_Project/output/eoss3_hal_rtc.o
 .text.write_rtc_reg
                0x0000000000001248       0x18 /data/data/com.termux/files/home/arm-examples/decoders/GCC_Project/output/eoss3_hal_rtc.o
 .text.__rtc_setup_alarm.isra.0
                0x0000000000001260       0x44 /data/data/com.termux/files/home/arm-examples/decoders/GCC_Project/output/eoss3_hal_rtc.o
 .text.HAL_RTC_ISR
                0x00000000000012a4       0x24 /data/data/com.termux/files/home/arm-examples/decoders/GCC_Project/output/eoss3_hal_rtc.o
                0x00000000000012a4                HAL_RTC_ISR
 .text.unlock_spi1_bus
                0x00000000000012c8       0x58 /data/data/com.termux/files/home/arm-examples/decoders/GCC_Project/output/eoss3_hal_spi.o
                0x00000000000012c8                unlock_spi1_bus
 .text.SPI_DMA_Complete
                0x0000000000001320       0x88 /data/data/com.termux/files/home/arm-examples/decoders/GCC_Project/output/eoss3_hal_spi.o
                0x0000000000001320                SPI_DMA_Complete
 .text.HAL_SPI_IRQHandler
                0x00000000000013a8       0x6c /data/data/com.termux/files/home/arm-examples/decoders/GCC_Project/output/eoss3_hal_spi.o
                0x00000000000013a8                HAL_SPI_IRQHandler
 .text.HAL_Delay_Init
                0x0000000000001414       0x54 /data/data/com.termux/files/home/arm-examples/decoders/GCC_Project/output/eoss3_hal_timer.o
                0x0000000000001414                HAL_Delay_Init
 .text.HAL_Timer_ISR
                0x0000000000001468       0x88 /data/data/com.termux/files/home/arm-examples/decoders/GCC_Project/output/eoss3_hal_timer.o
                0x0000000000001468                HAL_Timer_ISR
 .text.uart_baud_rate
                0x00000000000014f0       0x60 /data/data/com.termux/files/home/arm-examples/decoders/GCC_Project/output/eoss3_hal_uart.o
 .text.is_hw_uart_enabled
                0x0000000000001550       0x20 /data/data/com.termux/files/home/arm-examples/decoders/GCC_Project/output/eoss3_hal_uart.o
 .text.uart_disable
                0x0000000000001570       0x1c /data/data/com.termux/files/home/arm-examples/decoders/GCC_Project/output/eoss3_hal_uart.o
 .text.uart_lpm_callback
                0x000000000000158c       0x70 /data/data/com.termux/files/home/arm-examples/decoders/GCC_Project/output/eoss3_hal_uart.o
 .text.uart_init
                0x00000000000015fc      0x168 /data/data/com.termux/files/home/arm-examples/decoders/GCC_Project/output/eoss3_hal_uart.o
                0x00000000000015fc                uart_init
 .text.uart_isr_handler
                0x0000000000001764       0x84 /data/data/com.termux/files/home/arm-examples/decoders/GCC_Project/output/eoss3_hal_uart.o
                0x0000000000001764                uart_isr_handler
 .text.uart_tx_raw
                0x00000000000017e8       0x38 /data/data/com.termux/files/home/arm-examples/decoders/GCC_Project/output/eoss3_hal_uart.o
                0x00000000000017e8                uart_tx_raw
 .text.uart_tx  0x0000000000001820       0x1c /data/data/com.termux/files/home/arm-examples/decoders/GCC_Project/output/eoss3_hal_uart.o
                0x0000000000001820                uart_tx
 .text.uart_tx_buf
                0x000000000000183c       0x1a /data/data/com.termux/files/home/arm-examples/decoders/GCC_Project/output/eoss3_hal_uart.o
                0x000000000000183c                uart_tx_buf
 *fill*         0x0000000000001856        0x2 
 .text.uart_rx_wait
                0x0000000000001858       0x34 /data/data/com.termux/files/home/arm-examples/decoders/GCC_Project/output/eoss3_hal_uart.o
                0x0000000000001858                uart_rx_wait
 .text.uart_rx_available
                0x000000000000188c       0x34 /data/data/com.termux/files/home/arm-examples/decoders/GCC_Project/output/eoss3_hal_uart.o
                0x000000000000188c                uart_rx_available
 .text.uart_rx  0x00000000000018c0       0x60 /data/data/com.termux/files/home/arm-examples/decoders/GCC_Project/output/eoss3_hal_uart.o
                0x00000000000018c0                uart_rx
 .text.WDT_ISR  0x0000000000001920       0x8c /data/data/com.termux/files/home/arm-examples/decoders/GCC_Project/output/eoss3_hal_wdt.o
                0x0000000000001920                WDT_ISR
 .text.spurious_interrupt
                0x00000000000019ac        0xc /data/data/com.termux/files/home/arm-examples/decoders/GCC_Project/output/exceptions.o
 .text.prvGetRegistersFromStack
                0x00000000000019b8       0xf0 /data/data/com.termux/files/home/arm-examples/decoders/GCC_Project/output/exceptions.o
                0x00000000000019b8                prvGetRegistersFromStack
 .text.HardFault_Handler
                0x0000000000001aa8       0x16 /data/data/com.termux/files/home/arm-examples/decoders/GCC_Project/output/exceptions.o
                0x0000000000001aa8                HardFault_Handler
 .text.NMI_Handler
                0x0000000000001abe        0x6 /data/data/com.termux/files/home/arm-examples/decoders/GCC_Project/output/exceptions.o
                0x0000000000001abe                NMI_Handler
 .text.MemManage_Handler
                0x0000000000001ac4        0x6 /data/data/com.termux/files/home/arm-examples/decoders/GCC_Project/output/exceptions.o
                0x0000000000001ac4                MemManage_Handler
 .text.BusFault_Handler
                0x0000000000001aca        0x6 /data/data/com.termux/files/home/arm-examples/decoders/GCC_Project/output/exceptions.o
                0x0000000000001aca                BusFault_Handler
 .text.UsageFault_Handler
                0x0000000000001ad0        0x6 /data/data/com.termux/files/home/arm-examples/decoders/GCC_Project/output/exceptions.o
                0x0000000000001ad0                UsageFault_Handler
 .text.DebugMon_Handler
                0x0000000000001ad6        0x6 /data/data/com.termux/files/home/arm-examples/decoders/GCC_Project/output/exceptions.o
                0x0000000000001ad6                DebugMon_Handler
 .text.Uart_Handler
                0x0000000000001adc       0x50 /data/data/com.termux/files/home/arm-examples/decoders/GCC_Project/output/exceptions.o
                0x0000000000001adc                Uart_Handler
 .text.Timer_Handler
                0x0000000000001b2c       0x24 /data/data/com.termux/files/home/arm-examples/decoders/GCC_Project/output/exceptions.o
                0x0000000000001b2c                Timer_Handler
 .text.CpuWdtInt_Handler
                0x0000000000001b50       0x24 /data/data/com.termux/files/home/arm-examples/decoders/GCC_Project/output/exceptions.o
                0x0000000000001b50                CpuWdtInt_Handler
 .text.CpuWdtRst_Handler
                0x0000000000001b74        0x6 /data/data/com.termux/files/home/arm-examples/decoders/GCC_Project/output/exceptions.o
                0x0000000000001b74                CpuWdtRst_Handler
 .text.BusTimeout_Handler
                0x0000000000001b7a        0x6 /data/data/com.termux/files/home/arm-examples/decoders/GCC_Project/output/exceptions.o
                0x0000000000001b7a                BusTimeout_Handler
 .text.Fpu_Handler
                0x0000000000001b80        0x6 /data/data/com.termux/files/home/arm-examples/decoders/GCC_Project/output/exceptions.o
                0x0000000000001b80                Fpu_Handler
 *fill*         0x0000000000001b86        0x2 
 .text.Pkfb_Handler
                0x0000000000001b88       0x10 /data/data/com.termux/files/home/arm-examples/decoders/GCC_Project/output/exceptions.o
                0x0000000000001b88                Pkfb_Handler
 .text.I2s_Handler
                0x0000000000001b98        0x6 /data/data/com.termux/files/home/arm-examples/decoders/GCC_Project/output/exceptions.o
                0x0000000000001b98                I2s_Handler
 .text.Audio_Handler
                0x0000000000001b9e        0x6 /data/data/com.termux/files/home/arm-examples/decoders/GCC_Project/output/exceptions.o
                0x0000000000001b9e                Audio_Handler
 .text.SpiMs_Handler
                0x0000000000001ba4       0x5c /data/data/com.termux/files/home/arm-examples/decoders/GCC_Project/output/exceptions.o
                0x0000000000001ba4                SpiMs_Handler
 .text.CfgDma_Handler
                0x0000000000001c00       0x28 /data/data/com.termux/files/home/arm-examples/decoders/GCC_Project/output/exceptions.o
                0x0000000000001c00                CfgDma_Handler
 .text.PmuTimer_Handler
                0x0000000000001c28        0x2 /data/data/com.termux/files/home/arm-examples/decoders/GCC_Project/output/exceptions.o
                0x0000000000001c28                PmuTimer_Handler
 .text.AdcDone_Handler
                0x0000000000001c2a        0x8 /data/data/com.termux/files/home/arm-examples/decoders/GCC_Project/output/exceptions.o
                0x0000000000001c2a                AdcDone_Handler
 *fill*         0x0000000000001c32        0x2 
 .text.RtcAlarm_Handler
                0x0000000000001c34       0x1c /data/data/com.termux/files/home/arm-examples/decoders/GCC_Project/output/exceptions.o
                0x0000000000001c34                RtcAlarm_Handler
 .text.ResetInt_Handler
                0x0000000000001c50        0x8 /data/data/com.termux/files/home/arm-examples/decoders/GCC_Project/output/exceptions.o
                0x0000000000001c50                ResetInt_Handler
 .text.Ffe0_Handler
                0x0000000000001c58       0x18 /data/data/com.termux/files/home/arm-examples/decoders/GCC_Project/output/exceptions.o
                0x0000000000001c58                Ffe0_Handler
 .text.FbMsg_Handler
                0x0000000000001c70       0x6c /data/data/com.termux/files/home/arm-examples/decoders/GCC_Project/output/exceptions.o
                0x0000000000001c70                FbMsg_Handler
 .text.SensorGpio_Handler
                0x0000000000001cdc        0x8 /data/data/com.termux/files/home/arm-examples/decoders/GCC_Project/output/exceptions.o
                0x0000000000001cdc                SensorGpio_Handler
 .text.M4SramSleep_Handler
                0x0000000000001ce4        0x8 /data/data/com.termux/files/home/arm-examples/decoders/GCC_Project/output/exceptions.o
                0x0000000000001ce4                M4SramSleep_Handler
 .text.LDO30_PG_Handler
                0x0000000000001cec        0x8 /data/data/com.termux/files/home/arm-examples/decoders/GCC_Project/output/exceptions.o
                0x0000000000001cec                LDO30_PG_Handler
 .text.LDO50_PG_Handler
                0x0000000000001cf4        0x8 /data/data/com.termux/files/home/arm-examples/decoders/GCC_Project/output/exceptions.o
                0x0000000000001cf4                LDO50_PG_Handler
 .text.DMIC_Voice_Det_Handler
                0x0000000000001cfc        0x8 /data/data/com.termux/files/home/arm-examples/decoders/GCC_Project/output/exceptions.o
                0x0000000000001cfc                DMIC_Voice_Det_Handler
 .text.ApPDMClkOn_Handler
                0x0000000000001d04        0x8 /data/data/com.termux/files/home/arm-examples/decoders/GCC_Project/output/exceptions.o
                0x0000000000001d04                ApPDMClkOn_Handler
 .text.ApPDMClkOff_Handler
                0x0000000000001d0c        0x8 /data/data/com.termux/files/home/arm-examples/decoders/GCC_Project/output/exceptions.o
                0x0000000000001d0c                ApPDMClkOff_Handler
 .text.Dmac0BlkDone_Handler
                0x0000000000001d14        0x8 /data/data/com.termux/files/home/arm-examples/decoders/GCC_Project/output/exceptions.o
                0x0000000000001d14                Dmac0BlkDone_Handler
 .text.Dmac0BufDone_Handler
                0x0000000000001d1c        0x8 /data/data/com.termux/files/home/arm-examples/decoders/GCC_Project/output/exceptions.o
                0x0000000000001d1c                Dmac0BufDone_Handler
 .text.Dmac1BlkDone_Handler
                0x0000000000001d24        0x8 /data/data/com.termux/files/home/arm-examples/decoders/GCC_Project/output/exceptions.o
                0x0000000000001d24                Dmac1BlkDone_Handler
 .text.Dmac1BufDone_Handler
                0x0000000000001d2c        0x8 /data/data/com.termux/files/home/arm-examples/decoders/GCC_Project/output/exceptions.o
                0x0000000000001d2c                Dmac1BufDone_Handler
 .text.Sdma0Done_Handler
                0x0000000000001d34        0x8 /data/data/com.termux/files/home/arm-examples/decoders/GCC_Project/output/exceptions.o
                0x0000000000001d34                Sdma0Done_Handler
 .text.Sdma1Done_Handler
                0x0000000000001d3c        0x8 /data/data/com.termux/files/home/arm-examples/decoders/GCC_Project/output/exceptions.o
                0x0000000000001d3c                Sdma1Done_Handler
 .text.Sdma2Done_Handler
                0x0000000000001d44        0x8 /data/data/com.termux/files/home/arm-examples/decoders/GCC_Project/output/exceptions.o
                0x0000000000001d44                Sdma2Done_Handler
 .text.Sdma3Done_Handler
                0x0000000000001d4c        0x8 /data/data/com.termux/files/home/arm-examples/decoders/GCC_Project/output/exceptions.o
                0x0000000000001d4c                Sdma3Done_Handler
 .text.Sdma4Done_Handler
                0x0000000000001d54        0x8 /data/data/com.termux/files/home/arm-examples/decoders/GCC_Project/output/exceptions.o
                0x0000000000001d54                Sdma4Done_Handler
 .text.Sdma5Done_Handler
                0x0000000000001d5c        0x8 /data/data/com.termux/files/home/arm-examples/decoders/GCC_Project/output/exceptions.o
                0x0000000000001d5c                Sdma5Done_Handler
 .text.Sdma6Done_Handler
                0x0000000000001d64        0x8 /data/data/com.termux/files/home/arm-examples/decoders/GCC_Project/output/exceptions.o
                0x0000000000001d64                Sdma6Done_Handler
 .text.Sdma7Done_Handler
                0x0000000000001d6c        0x8 /data/data/com.termux/files/home/arm-examples/decoders/GCC_Project/output/exceptions.o
                0x0000000000001d6c                Sdma7Done_Handler
 .text.Sdma8Done_Handler
                0x0000000000001d74        0x8 /data/data/com.termux/files/home/arm-examples/decoders/GCC_Project/output/exceptions.o
                0x0000000000001d74                Sdma8Done_Handler
 .text.Sdma9Done_Handler
                0x0000000000001d7c        0x8 /data/data/com.termux/files/home/arm-examples/decoders/GCC_Project/output/exceptions.o
                0x0000000000001d7c                Sdma9Done_Handler
 .text.Sdma10Done_Handler
                0x0000000000001d84        0x8 /data/data/com.termux/files/home/arm-examples/decoders/GCC_Project/output/exceptions.o
                0x0000000000001d84                Sdma10Done_Handler
 .text.Sdma11Done_Handler
                0x0000000000001d8c        0x8 /data/data/com.termux/files/home/arm-examples/decoders/GCC_Project/output/exceptions.o
                0x0000000000001d8c                Sdma11Done_Handler
 .text.SdmaErr_Handler
                0x0000000000001d94        0x8 /data/data/com.termux/files/home/arm-examples/decoders/GCC_Project/output/exceptions.o
                0x0000000000001d94                SdmaErr_Handler
 .text.I2S_SlvM4TxOr_Handler
                0x0000000000001d9c        0x8 /data/data/com.termux/files/home/arm-examples/decoders/GCC_Project/output/exceptions.o
                0x0000000000001d9c                I2S_SlvM4TxOr_Handler
 .text.SRAM_128KB_Handler
                0x0000000000001da4        0x8 /data/data/com.termux/files/home/arm-examples/decoders/GCC_Project/output/exceptions.o
                0x0000000000001da4                SRAM_128KB_Handler
 .text.LPSD_Voice_Det_Handler
                0x0000000000001dac        0x8 /data/data/com.termux/files/home/arm-examples/decoders/GCC_Project/output/exceptions.o
                0x0000000000001dac                LPSD_Voice_Det_Handler
 .text.FfeWdt_Handler
                0x0000000000001db4        0x8 /data/data/com.termux/files/home/arm-examples/decoders/GCC_Project/output/exceptions.o
                0x0000000000001db4                FfeWdt_Handler
 .text.ApBoot_Handler
                0x0000000000001dbc        0x8 /data/data/com.termux/files/home/arm-examples/decoders/GCC_Project/output/exceptions.o
                0x0000000000001dbc                ApBoot_Handler
 .text.SwInt2_Handler
                0x0000000000001dc4        0x8 /data/data/com.termux/files/home/arm-examples/decoders/GCC_Project/output/exceptions.o
                0x0000000000001dc4                SwInt2_Handler
 .text.SwInt1_Handler
                0x0000000000001dcc       0x24 /data/data/com.termux/files/home/arm-examples/decoders/GCC_Project/output/exceptions.o
                0x0000000000001dcc                SwInt1_Handler
 .text.Ffe0Msg_Handler
                0x0000000000001df0        0x8 /data/data/com.termux/files/home/arm-examples/decoders/GCC_Project/output/exceptions.o
                0x0000000000001df0                Ffe0Msg_Handler
 .text.lpsdVoiceOffHandler
                0x0000000000001df8        0x8 /data/data/com.termux/files/home/arm-examples/decoders/GCC_Project/output/exceptions.o
                0x0000000000001df8                lpsdVoiceOffHandler
 .text.dmicVoiceOffHandler
                0x0000000000001e00        0x8 /data/data/com.termux/files/home/arm-examples/decoders/GCC_Project/output/exceptions.o
                0x0000000000001e00                dmicVoiceOffHandler
 .text.vApplicationMallocFailedHook
                0x0000000000001e08       0x24 /data/data/com.termux/files/home/arm-examples/decoders/GCC_Project/output/exceptions.o
                0x0000000000001e08                vApplicationMallocFailedHook
 .text.vApplicationStackOverflowHook
                0x0000000000001e2c       0x24 /data/data/com.termux/files/home/arm-examples/decoders/GCC_Project/output/exceptions.o
                0x0000000000001e2c                vApplicationStackOverflowHook
 .text.vApplicationTickHook
                0x0000000000001e50        0x2 /data/data/com.termux/files/home/arm-examples/decoders/GCC_Project/output/exceptions.o
                0x0000000000001e50                vApplicationTickHook
 .text.vApplicationIdleHook
                0x0000000000001e52        0x2 /data/data/com.termux/files/home/arm-examples/decoders/GCC_Project/output/exceptions.o
                0x0000000000001e52                vApplicationIdleHook
 .text.prvInsertBlockIntoFreeList
                0x0000000000001e54       0x74 /data/data/com.termux/files/home/arm-examples/decoders/GCC_Project/output/heap_4.o
 .text.pvPortMalloc
                0x0000000000001ec8      0x198 /data/data/com.termux/files/home/arm-examples/decoders/GCC_Project/output/heap_4.o
                0x0000000000001ec8                pvPortMalloc
 .text.vPortFree
                0x0000000000002060       0xa0 /data/data/com.termux/files/home/arm-examples/decoders/GCC_Project/output/heap_4.o
                0x0000000000002060                vPortFree
 .text.vListInitialise
                0x0000000000002100       0x16 /data/data/com.termux/files/home/arm-examples/decoders/GCC_Project/output/list.o
                0x0000000000002100                vListInitialise
 .text.vListInitialiseItem
                0x0000000000002116        0x6 /data/data/com.termux/files/home/arm-examples/decoders/GCC_Project/output/list.o
                0x0000000000002116                vListInitialiseItem
 .text.vListInsertEnd
                0x000000000000211c       0x18 /data/data/com.termux/files/home/arm-examples/decoders/GCC_Project/output/list.o
                0x000000000000211c                vListInsertEnd
 .text.vListInsert
                0x0000000000002134       0x2e /data/data/com.termux/files/home/arm-examples/decoders/GCC_Project/output/list.o
                0x0000000000002134                vListInsert
 .text.uxListRemove
                0x0000000000002162       0x20 /data/data/com.termux/files/home/arm-examples/decoders/GCC_Project/output/list.o
                0x0000000000002162                uxListRemove
 .text.SystemInit
                0x0000000000002182        0x2 /data/data/com.termux/files/home/arm-examples/decoders/GCC_Project/output/main.o
                0x0000000000002182                SystemInit
 .text.PyHal_GPIO_Set
                0x0000000000002184       0x34 /data/data/com.termux/files/home/arm-examples/decoders/GCC_Project/output/main.o
                0x0000000000002184                PyHal_GPIO_Set
 .text.sevenseg
                0x00000000000021b8       0x50 /data/data/com.termux/files/home/arm-examples/decoders/GCC_Project/output/main.o
                0x00000000000021b8                sevenseg
 .text.sevenseg_setup
                0x0000000000002208       0x10 /data/data/com.termux/files/home/arm-examples/decoders/GCC_Project/output/main.o
                0x0000000000002208                sevenseg_setup
 .text.startup.main
                0x0000000000002218       0xb8 /data/data/com.termux/files/home/arm-examples/decoders/GCC_Project/output/main.o
                0x0000000000002218                main
 .text.set_gpio_input
                0x00000000000022d0       0x34 /data/data/com.termux/files/home/arm-examples/decoders/GCC_Project/output/main_dbg_cli_menu.o
 .text.set_gpio_output
                0x0000000000002304       0x60 /data/data/com.termux/files/home/arm-examples/decoders/GCC_Project/output/main_dbg_cli_menu.o
 .text.get_gpio_value
                0x0000000000002364       0x50 /data/data/com.termux/files/home/arm-examples/decoders/GCC_Project/output/main_dbg_cli_menu.o
 .text.prvPortStartFirstTask
                0x00000000000023b4       0x28 /data/data/com.termux/files/home/arm-examples/decoders/GCC_Project/output/port.o
 .text.vPortEnableVFP
                0x00000000000023dc       0x14 /data/data/com.termux/files/home/arm-examples/decoders/GCC_Project/output/port.o
 .text.prvTaskExitError
                0x00000000000023f0       0x50 /data/data/com.termux/files/home/arm-examples/decoders/GCC_Project/output/port.o
 .text.pxPortInitialiseStack
                0x0000000000002440       0x2c /data/data/com.termux/files/home/arm-examples/decoders/GCC_Project/output/port.o
                0x0000000000002440                pxPortInitialiseStack
 *fill*         0x000000000000246c        0x4 
 .text.SVC_Handler
                0x0000000000002470       0x24 /data/data/com.termux/files/home/arm-examples/decoders/GCC_Project/output/port.o
                0x0000000000002470                SVC_Handler
 .text.vPortEnterCritical
                0x0000000000002494       0x58 /data/data/com.termux/files/home/arm-examples/decoders/GCC_Project/output/port.o
                0x0000000000002494                vPortEnterCritical
 .text.vPortExitCritical
                0x00000000000024ec       0x3c /data/data/com.termux/files/home/arm-examples/decoders/GCC_Project/output/port.o
                0x00000000000024ec                vPortExitCritical
 *fill*         0x0000000000002528        0x8 
 .text.PendSV_Handler
                0x0000000000002530       0x64 /data/data/com.termux/files/home/arm-examples/decoders/GCC_Project/output/port.o
                0x0000000000002530                PendSV_Handler
 .text.xPortSysTickHandler
                0x0000000000002594       0x2c /data/data/com.termux/files/home/arm-examples/decoders/GCC_Project/output/port.o
                0x0000000000002594                xPortSysTickHandler
 .text.xPortStartScheduler
                0x00000000000025c0      0x158 /data/data/com.termux/files/home/arm-examples/decoders/GCC_Project/output/port.o
                0x00000000000025c0                xPortStartScheduler
 .text.vPortValidateInterruptPriority
                0x0000000000002718       0x7c /data/data/com.termux/files/home/arm-examples/decoders/GCC_Project/output/port.o
                0x0000000000002718                vPortValidateInterruptPriority
 .text.system_init
                0x0000000000002794       0x6c /data/data/com.termux/files/home/arm-examples/decoders/GCC_Project/output/qf_hardwaresetup.o
                0x0000000000002794                system_init
 .text.qf_hardwareSetup
                0x0000000000002800       0x74 /data/data/com.termux/files/home/arm-examples/decoders/GCC_Project/output/qf_hardwaresetup.o
                0x0000000000002800                qf_hardwareSetup
 .text.prvIsQueueEmpty
                0x0000000000002874       0x16 /data/data/com.termux/files/home/arm-examples/decoders/GCC_Project/output/queue.o
 .text.prvCopyDataToQueue
                0x000000000000288a       0x78 /data/data/com.termux/files/home/arm-examples/decoders/GCC_Project/output/queue.o
 .text.prvCopyDataFromQueue
                0x0000000000002902       0x2a /data/data/com.termux/files/home/arm-examples/decoders/GCC_Project/output/queue.o
 .text.prvUnlockQueue
                0x000000000000292c       0x70 /data/data/com.termux/files/home/arm-examples/decoders/GCC_Project/output/queue.o
 .text.xQueueGenericReset
                0x000000000000299c       0x90 /data/data/com.termux/files/home/arm-examples/decoders/GCC_Project/output/queue.o
                0x000000000000299c                xQueueGenericReset
 .text.xQueueGenericCreate
                0x0000000000002a2c       0x74 /data/data/com.termux/files/home/arm-examples/decoders/GCC_Project/output/queue.o
                0x0000000000002a2c                xQueueGenericCreate
 .text.xQueueGenericSend
                0x0000000000002aa0      0x198 /data/data/com.termux/files/home/arm-examples/decoders/GCC_Project/output/queue.o
                0x0000000000002aa0                xQueueGenericSend
 .text.xQueueGenericSendFromISR
                0x0000000000002c38       0xf0 /data/data/com.termux/files/home/arm-examples/decoders/GCC_Project/output/queue.o
                0x0000000000002c38                xQueueGenericSendFromISR
 .text.xQueueGenericSendFromISRDebug
                0x0000000000002d28       0x30 /data/data/com.termux/files/home/arm-examples/decoders/GCC_Project/output/queue.o
                0x0000000000002d28                xQueueGenericSendFromISRDebug
 .text.xQueueGiveFromISR
                0x0000000000002d58       0xdc /data/data/com.termux/files/home/arm-examples/decoders/GCC_Project/output/queue.o
                0x0000000000002d58                xQueueGiveFromISR
 .text.xQueueReceive
                0x0000000000002e34      0x160 /data/data/com.termux/files/home/arm-examples/decoders/GCC_Project/output/queue.o
                0x0000000000002e34                xQueueReceive
 .text.xQueueSemaphoreTake
                0x0000000000002f94      0x1b0 /data/data/com.termux/files/home/arm-examples/decoders/GCC_Project/output/queue.o
                0x0000000000002f94                xQueueSemaphoreTake
 .text.xQueuePeek
                0x0000000000003144      0x160 /data/data/com.termux/files/home/arm-examples/decoders/GCC_Project/output/queue.o
                0x0000000000003144                xQueuePeek
 .text.uxQueueMessagesWaiting
                0x00000000000032a4       0x38 /data/data/com.termux/files/home/arm-examples/decoders/GCC_Project/output/queue.o
                0x00000000000032a4                uxQueueMessagesWaiting
 .text.vQueueAddToRegistry
                0x00000000000032dc       0x24 /data/data/com.termux/files/home/arm-examples/decoders/GCC_Project/output/queue.o
                0x00000000000032dc                vQueueAddToRegistry
 .text.vQueueWaitForMessageRestricted
                0x0000000000003300       0x46 /data/data/com.termux/files/home/arm-examples/decoders/GCC_Project/output/queue.o
                0x0000000000003300                vQueueWaitForMessageRestricted
 .text.s3x_clkd_write_div
                0x0000000000003346       0xa8 /data/data/com.termux/files/home/arm-examples/decoders/GCC_Project/output/s3x_clock.o
 .text.s3x_clkd_read_div
                0x00000000000033ee       0x44 /data/data/com.termux/files/home/arm-examples/decoders/GCC_Project/output/s3x_clock.o
 *fill*         0x0000000000003432        0x2 
 .text.s3x_clkd_cal_div.part.1
                0x0000000000003434       0x30 /data/data/com.termux/files/home/arm-examples/decoders/GCC_Project/output/s3x_clock.o
 .text.S3x_Id_To_Domain
                0x0000000000003464       0x1c /data/data/com.termux/files/home/arm-examples/decoders/GCC_Project/output/s3x_clock.o
                0x0000000000003464                S3x_Id_To_Domain
 .text.s3x_clkd_get_init_rate
                0x0000000000003480       0x28 /data/data/com.termux/files/home/arm-examples/decoders/GCC_Project/output/s3x_clock.o
                0x0000000000003480                s3x_clkd_get_init_rate
 .text.s3x_clkd_update_div_val
                0x00000000000034a8       0x4c /data/data/com.termux/files/home/arm-examples/decoders/GCC_Project/output/s3x_clock.o
                0x00000000000034a8                s3x_clkd_update_div_val
 .text.s3x_clkd_update_fd_rate
                0x00000000000034f4        0xe /data/data/com.termux/files/home/arm-examples/decoders/GCC_Project/output/s3x_clock.o
                0x00000000000034f4                s3x_clkd_update_fd_rate
 *fill*         0x0000000000003502        0x2 
 .text.s3x_clkd_update_sd_div
                0x0000000000003504       0x5c /data/data/com.termux/files/home/arm-examples/decoders/GCC_Project/output/s3x_clock.o
 .text.s3x_clkd_update_all_src_div
                0x0000000000003560       0xc8 /data/data/com.termux/files/home/arm-examples/decoders/GCC_Project/output/s3x_clock.o
                0x0000000000003560                s3x_clkd_update_all_src_div
 .text.S3x_Clkd_Get_Hsosc_Rate
                0x0000000000003628       0x34 /data/data/com.termux/files/home/arm-examples/decoders/GCC_Project/output/s3x_clock.o
                0x0000000000003628                S3x_Clkd_Get_Hsosc_Rate
 .text.s3x_clkd_get_active_HSOSC_qos
                0x000000000000365c        0xc /data/data/com.termux/files/home/arm-examples/decoders/GCC_Project/output/s3x_clock.o
                0x000000000000365c                s3x_clkd_get_active_HSOSC_qos
 .text.S3x_Clkd_Change_Hsosc
                0x0000000000003668       0x70 /data/data/com.termux/files/home/arm-examples/decoders/GCC_Project/output/s3x_clock.o
                0x0000000000003668                S3x_Clkd_Change_Hsosc
 .text.s3x_clkd_get_src_rate
                0x00000000000036d8       0x12 /data/data/com.termux/files/home/arm-examples/decoders/GCC_Project/output/s3x_clock.o
                0x00000000000036d8                s3x_clkd_get_src_rate
 *fill*         0x00000000000036ea        0x2 
 .text.s3x_clkd_get_div
                0x00000000000036ec       0x74 /data/data/com.termux/files/home/arm-examples/decoders/GCC_Project/output/s3x_clock.o
                0x00000000000036ec                s3x_clkd_get_div
 .text.s3x_clkd_srate
                0x0000000000003760      0x134 /data/data/com.termux/files/home/arm-examples/decoders/GCC_Project/output/s3x_clock.o
 .text.s3x_clkd_grate
                0x0000000000003894       0x68 /data/data/com.termux/files/home/arm-examples/decoders/GCC_Project/output/s3x_clock.o
 .text.s3x_clkd_set_src_div_st
                0x00000000000038fc       0x4c /data/data/com.termux/files/home/arm-examples/decoders/GCC_Project/output/s3x_clock.o
 .text.s3x_update_clk_rate
                0x0000000000003948       0xb0 /data/data/com.termux/files/home/arm-examples/decoders/GCC_Project/output/s3x_clock.o
                0x0000000000003948                s3x_update_clk_rate
 .text.s3x_clkd_get_gate_mask_st
                0x00000000000039f8       0x16 /data/data/com.termux/files/home/arm-examples/decoders/GCC_Project/output/s3x_clock.o
                0x00000000000039f8                s3x_clkd_get_gate_mask_st
 *fill*         0x0000000000003a0e        0x2 
 .text.s3x_clkd_set_gate_mask
                0x0000000000003a10       0x50 /data/data/com.termux/files/home/arm-examples/decoders/GCC_Project/output/s3x_clock.o
                0x0000000000003a10                s3x_clkd_set_gate_mask
 .text.s3x_clkd_enable_gate
                0x0000000000003a60       0x68 /data/data/com.termux/files/home/arm-examples/decoders/GCC_Project/output/s3x_clock.o
 .text.s3x_clkd_disable_gate
                0x0000000000003ac8       0x54 /data/data/com.termux/files/home/arm-examples/decoders/GCC_Project/output/s3x_clock.o
 .text._S3x_Clk_Enable
                0x0000000000003b1c       0xb8 /data/data/com.termux/files/home/arm-examples/decoders/GCC_Project/output/s3x_clock.o
                0x0000000000003b1c                _S3x_Clk_Enable
 .text._S3x_Clk_Disable
                0x0000000000003bd4       0xc8 /data/data/com.termux/files/home/arm-examples/decoders/GCC_Project/output/s3x_clock.o
                0x0000000000003bd4                _S3x_Clk_Disable
 .text._S3x_Clk_Get_Status
                0x0000000000003c9c       0x2c /data/data/com.termux/files/home/arm-examples/decoders/GCC_Project/output/s3x_clock.o
                0x0000000000003c9c                _S3x_Clk_Get_Status
 .text._S3x_Clk_Get_Rate
                0x0000000000003cc8       0x28 /data/data/com.termux/files/home/arm-examples/decoders/GCC_Project/output/s3x_clock.o
                0x0000000000003cc8                _S3x_Clk_Get_Rate
 .text._S3x_Clk_Set_Rate
                0x0000000000003cf0       0x48 /data/data/com.termux/files/home/arm-examples/decoders/GCC_Project/output/s3x_clock.o
                0x0000000000003cf0                _S3x_Clk_Set_Rate
 .text.S3x_Clk_Init
                0x0000000000003d38      0x15c /data/data/com.termux/files/home/arm-examples/decoders/GCC_Project/output/s3x_clock.o
                0x0000000000003d38                S3x_Clk_Init
 .text.S3x_Clk_Enable
                0x0000000000003e94        0x4 /data/data/com.termux/files/home/arm-examples/decoders/GCC_Project/output/s3x_clock_hal.o
                0x0000000000003e94                S3x_Clk_Enable
 .text.S3x_Clk_Disable
                0x0000000000003e98        0x4 /data/data/com.termux/files/home/arm-examples/decoders/GCC_Project/output/s3x_clock_hal.o
                0x0000000000003e98                S3x_Clk_Disable
 .text.S3x_Clk_Get_Rate
                0x0000000000003e9c        0x4 /data/data/com.termux/files/home/arm-examples/decoders/GCC_Project/output/s3x_clock_hal.o
                0x0000000000003e9c                S3x_Clk_Get_Rate
 .text.DFS_cpuload
                0x0000000000003ea0       0x4c /data/data/com.termux/files/home/arm-examples/decoders/GCC_Project/output/s3x_cpuload.o
                0x0000000000003ea0                DFS_cpuload
 .text.DFS_updatesleepticks
                0x0000000000003eec       0x10 /data/data/com.termux/files/home/arm-examples/decoders/GCC_Project/output/s3x_cpuload.o
                0x0000000000003eec                DFS_updatesleepticks
 .text.DFS_resetsleepticks
                0x0000000000003efc        0xc /data/data/com.termux/files/home/arm-examples/decoders/GCC_Project/output/s3x_cpuload.o
                0x0000000000003efc                DFS_resetsleepticks
 .text.DFS_UpdateTimer
                0x0000000000003f08       0x5c /data/data/com.termux/files/home/arm-examples/decoders/GCC_Project/output/s3x_dfs.o
 .text.DFS_StartTimer
                0x0000000000003f64       0x88 /data/data/com.termux/files/home/arm-examples/decoders/GCC_Project/output/s3x_dfs.o
                0x0000000000003f64                DFS_StartTimer
 .text.s3x_suspend_dfs
                0x0000000000003fec        0xc /data/data/com.termux/files/home/arm-examples/decoders/GCC_Project/output/s3x_dfs.o
                0x0000000000003fec                s3x_suspend_dfs
 .text.S3x_Set_Policy
                0x0000000000003ff8      0x108 /data/data/com.termux/files/home/arm-examples/decoders/GCC_Project/output/s3x_dfs.o
                0x0000000000003ff8                S3x_Set_Policy
 .text.S3x_get_max_rate_dfs_node
                0x0000000000004100       0x28 /data/data/com.termux/files/home/arm-examples/decoders/GCC_Project/output/s3x_dfs.o
                0x0000000000004100                S3x_get_max_rate_dfs_node
 .text.S3x_Stepup_Policy
                0x0000000000004128       0x78 /data/data/com.termux/files/home/arm-examples/decoders/GCC_Project/output/s3x_dfs.o
 .text.DFS_TimerCB
                0x00000000000041a0        0xe /data/data/com.termux/files/home/arm-examples/decoders/GCC_Project/output/s3x_dfs.o
 *fill*         0x00000000000041ae        0x2 
 .text.DFS_AlignPolicy
                0x00000000000041b0       0x38 /data/data/com.termux/files/home/arm-examples/decoders/GCC_Project/output/s3x_dfs.o
                0x00000000000041b0                DFS_AlignPolicy
 .text.S3x_Reduce_Hsosc
                0x00000000000041e8       0x50 /data/data/com.termux/files/home/arm-examples/decoders/GCC_Project/output/s3x_dfs.o
                0x00000000000041e8                S3x_Reduce_Hsosc
 .text.DFS_fPolicyHasDeepSleep
                0x0000000000004238       0x1c /data/data/com.termux/files/home/arm-examples/decoders/GCC_Project/output/s3x_dfs.o
                0x0000000000004238                DFS_fPolicyHasDeepSleep
 .text.DFS_SwitchToSleepPolicy
                0x0000000000004254       0x7c /data/data/com.termux/files/home/arm-examples/decoders/GCC_Project/output/s3x_dfs.o
                0x0000000000004254                DFS_SwitchToSleepPolicy
 .text.DFS_RestoreFromSleep
                0x00000000000042d0       0x34 /data/data/com.termux/files/home/arm-examples/decoders/GCC_Project/output/s3x_dfs.o
                0x00000000000042d0                DFS_RestoreFromSleep
 .text.s3x_get_index_in_dfs_node
                0x0000000000004304       0x20 /data/data/com.termux/files/home/arm-examples/decoders/GCC_Project/output/s3x_dfs.o
                0x0000000000004304                s3x_get_index_in_dfs_node
 .text.s3x_get_policy_max_rate
                0x0000000000004324       0x2c /data/data/com.termux/files/home/arm-examples/decoders/GCC_Project/output/s3x_dfs.o
                0x0000000000004324                s3x_get_policy_max_rate
 .text.S3x_Is_Dfs_En
                0x0000000000004350       0x10 /data/data/com.termux/files/home/arm-examples/decoders/GCC_Project/output/s3x_dfs.o
                0x0000000000004350                S3x_Is_Dfs_En
 .text.S3x_Set_Dfs_st
                0x0000000000004360        0xc /data/data/com.termux/files/home/arm-examples/decoders/GCC_Project/output/s3x_dfs.o
                0x0000000000004360                S3x_Set_Dfs_st
 .text.DFS_Get_Curr_Policy
                0x000000000000436c        0xc /data/data/com.termux/files/home/arm-examples/decoders/GCC_Project/output/s3x_dfs.o
                0x000000000000436c                DFS_Get_Curr_Policy
 .text.DFS_Initialize
                0x0000000000004378       0x14 /data/data/com.termux/files/home/arm-examples/decoders/GCC_Project/output/s3x_dfs.o
                0x0000000000004378                DFS_Initialize
 .text.trace_this
                0x000000000000438c       0x28 /data/data/com.termux/files/home/arm-examples/decoders/GCC_Project/output/s3x_lpm.o
 .text.S3x_Register_Lpm_Cb
                0x00000000000043b4       0x3c /data/data/com.termux/files/home/arm-examples/decoders/GCC_Project/output/s3x_lpm.o
                0x00000000000043b4                S3x_Register_Lpm_Cb
 .text.s3x_setup_systick_interrupt
                0x00000000000043f0       0x54 /data/data/com.termux/files/home/arm-examples/decoders/GCC_Project/output/s3x_lpm.o
                0x00000000000043f0                s3x_setup_systick_interrupt
 .text.prvStopTickInterruptTimer
                0x0000000000004444       0x10 /data/data/com.termux/files/home/arm-examples/decoders/GCC_Project/output/s3x_lpm.o
                0x0000000000004444                prvStopTickInterruptTimer
 .text.prvStartTickInterruptTimer
                0x0000000000004454        0x8 /data/data/com.termux/files/home/arm-examples/decoders/GCC_Project/output/s3x_lpm.o
                0x0000000000004454                prvStartTickInterruptTimer
 .text.SysTick_Handler
                0x000000000000445c       0x12 /data/data/com.termux/files/home/arm-examples/decoders/GCC_Project/output/s3x_lpm.o
                0x000000000000445c                SysTick_Handler
 .text.vPortSetupTimerInterrupt
                0x000000000000446e        0x6 /data/data/com.termux/files/home/arm-examples/decoders/GCC_Project/output/s3x_lpm.o
                0x000000000000446e                vPortSetupTimerInterrupt
 .text.S3x_Pre_Lpm
                0x0000000000004474       0x20 /data/data/com.termux/files/home/arm-examples/decoders/GCC_Project/output/s3x_lpm.o
                0x0000000000004474                S3x_Pre_Lpm
 .text.S3x_Post_Lpm
                0x0000000000004494       0x18 /data/data/com.termux/files/home/arm-examples/decoders/GCC_Project/output/s3x_lpm.o
                0x0000000000004494                S3x_Post_Lpm
 .text.S3x_Lpm_Handler
                0x00000000000044ac      0x3b0 /data/data/com.termux/files/home/arm-examples/decoders/GCC_Project/output/s3x_lpm.o
                0x00000000000044ac                S3x_Lpm_Handler
 .text.s3x_get_pi
                0x000000000000485c       0x20 /data/data/com.termux/files/home/arm-examples/decoders/GCC_Project/output/s3x_pi.o
                0x000000000000485c                s3x_get_pi
 .text.s3x_get_pi_gindex
                0x000000000000487c       0x14 /data/data/com.termux/files/home/arm-examples/decoders/GCC_Project/output/s3x_pi.o
                0x000000000000487c                s3x_get_pi_gindex
 .text.s3x_pi_get_st
                0x0000000000004890       0x24 /data/data/com.termux/files/home/arm-examples/decoders/GCC_Project/output/s3x_pi.o
                0x0000000000004890                s3x_pi_get_st
 .text.s3x_pi_set_cfg_st
                0x00000000000048b4       0x94 /data/data/com.termux/files/home/arm-examples/decoders/GCC_Project/output/s3x_pi.o
                0x00000000000048b4                s3x_pi_set_cfg_st
 .text.s3x_pi_set_active_st
                0x0000000000004948       0xa0 /data/data/com.termux/files/home/arm-examples/decoders/GCC_Project/output/s3x_pi.o
                0x0000000000004948                s3x_pi_set_active_st
 .text.s3x_pi_get_clkg_st
                0x00000000000049e8       0x36 /data/data/com.termux/files/home/arm-examples/decoders/GCC_Project/output/s3x_pi.o
                0x00000000000049e8                s3x_pi_get_clkg_st
 .text.s3x_pi_set_clkg_st
                0x0000000000004a1e       0x26 /data/data/com.termux/files/home/arm-examples/decoders/GCC_Project/output/s3x_pi.o
                0x0000000000004a1e                s3x_pi_set_clkg_st
 .text.s3x_set_pi_state
                0x0000000000004a44        0xc /data/data/com.termux/files/home/arm-examples/decoders/GCC_Project/output/s3x_pi.o
                0x0000000000004a44                s3x_set_pi_state
 .text.s3x_get_pi_init_state
                0x0000000000004a50       0x18 /data/data/com.termux/files/home/arm-examples/decoders/GCC_Project/output/s3x_pi.o
                0x0000000000004a50                s3x_get_pi_init_state
 .text.S3x_pi_init
                0x0000000000004a68       0x20 /data/data/com.termux/files/home/arm-examples/decoders/GCC_Project/output/s3x_pi.o
                0x0000000000004a68                S3x_pi_init
 .text.S3x_pwrcfg_init
                0x0000000000004a88       0x2c /data/data/com.termux/files/home/arm-examples/decoders/GCC_Project/output/s3x_pwrcfg.o
                0x0000000000004a88                S3x_pwrcfg_init
 .text.s3x_sram_in_lpm
                0x0000000000004ab4       0x1c /data/data/com.termux/files/home/arm-examples/decoders/GCC_Project/output/s3x_pwrcfg.o
                0x0000000000004ab4                s3x_sram_in_lpm
 .text.S3x_get_qos_rate
                0x0000000000004ad0       0x38 /data/data/com.termux/files/home/arm-examples/decoders/GCC_Project/output/s3x_qos.o
                0x0000000000004ad0                S3x_get_qos_rate
 .text.save_assert_info
                0x0000000000004b08       0x74 /data/data/com.termux/files/home/arm-examples/decoders/GCC_Project/output/sec_debug.o
                0x0000000000004b08                save_assert_info
 .text.invoke_soft_fault
                0x0000000000004b7c       0x20 /data/data/com.termux/files/home/arm-examples/decoders/GCC_Project/output/sec_debug.o
                0x0000000000004b7c                invoke_soft_fault
 .text.Reset_Handler
                0x0000000000004b9c       0x2c /data/data/com.termux/files/home/arm-examples/decoders/GCC_Project/output/startup_EOSS3B_GCC.o
                0x0000000000004b9c                Reset_Handler
 .text.__semihost_call
                0x0000000000004bc8        0x6 /data/data/com.termux/files/home/arm-examples/decoders/GCC_Project/output/startup_EOSS3B_GCC.o
                0x0000000000004bc8                __semihost_call
 *fill*         0x0000000000004bce        0x2 
 .text.prvGetExpectedIdleTime
                0x0000000000004bd0       0x3c /data/data/com.termux/files/home/arm-examples/decoders/GCC_Project/output/tasks.o
 .text.prvResetNextTaskUnblockTime
                0x0000000000004c0c       0x24 /data/data/com.termux/files/home/arm-examples/decoders/GCC_Project/output/tasks.o
 .text.prvAddCurrentTaskToDelayedList
                0x0000000000004c30       0x8c /data/data/com.termux/files/home/arm-examples/decoders/GCC_Project/output/tasks.o
 .text.xTaskCreate
                0x0000000000004cbc      0x1dc /data/data/com.termux/files/home/arm-examples/decoders/GCC_Project/output/tasks.o
                0x0000000000004cbc                xTaskCreate
 .text.vTaskStartScheduler
                0x0000000000004e98       0x98 /data/data/com.termux/files/home/arm-examples/decoders/GCC_Project/output/tasks.o
                0x0000000000004e98                vTaskStartScheduler
 .text.vTaskSuspendAll
                0x0000000000004f30       0x10 /data/data/com.termux/files/home/arm-examples/decoders/GCC_Project/output/tasks.o
                0x0000000000004f30                vTaskSuspendAll
 .text.xTaskGetTickCount
                0x0000000000004f40        0xc /data/data/com.termux/files/home/arm-examples/decoders/GCC_Project/output/tasks.o
                0x0000000000004f40                xTaskGetTickCount
 .text.vTaskStepTick
                0x0000000000004f4c       0x44 /data/data/com.termux/files/home/arm-examples/decoders/GCC_Project/output/tasks.o
                0x0000000000004f4c                vTaskStepTick
 .text.xTaskIncrementTick
                0x0000000000004f90      0x144 /data/data/com.termux/files/home/arm-examples/decoders/GCC_Project/output/tasks.o
                0x0000000000004f90                xTaskIncrementTick
 .text.xTaskResumeAll
                0x00000000000050d4       0xfc /data/data/com.termux/files/home/arm-examples/decoders/GCC_Project/output/tasks.o
                0x00000000000050d4                xTaskResumeAll
 .text.vTaskDelay
                0x00000000000051d0       0x60 /data/data/com.termux/files/home/arm-examples/decoders/GCC_Project/output/tasks.o
                0x00000000000051d0                vTaskDelay
 .text.prvIdleTask
                0x0000000000005230       0xc4 /data/data/com.termux/files/home/arm-examples/decoders/GCC_Project/output/tasks.o
 .text.vTaskSwitchContext
                0x00000000000052f4       0xb8 /data/data/com.termux/files/home/arm-examples/decoders/GCC_Project/output/tasks.o
                0x00000000000052f4                vTaskSwitchContext
 .text.vTaskPlaceOnEventList
                0x00000000000053ac       0x48 /data/data/com.termux/files/home/arm-examples/decoders/GCC_Project/output/tasks.o
                0x00000000000053ac                vTaskPlaceOnEventList
 .text.vTaskPlaceOnEventListRestricted
                0x00000000000053f4       0x50 /data/data/com.termux/files/home/arm-examples/decoders/GCC_Project/output/tasks.o
                0x00000000000053f4                vTaskPlaceOnEventListRestricted
 .text.xTaskRemoveFromEventList
                0x0000000000005444       0x98 /data/data/com.termux/files/home/arm-examples/decoders/GCC_Project/output/tasks.o
                0x0000000000005444                xTaskRemoveFromEventList
 .text.vTaskInternalSetTimeOutState
                0x00000000000054dc       0x18 /data/data/com.termux/files/home/arm-examples/decoders/GCC_Project/output/tasks.o
                0x00000000000054dc                vTaskInternalSetTimeOutState
 .text.xTaskCheckForTimeOut
                0x00000000000054f4       0x94 /data/data/com.termux/files/home/arm-examples/decoders/GCC_Project/output/tasks.o
                0x00000000000054f4                xTaskCheckForTimeOut
 .text.vTaskMissedYield
                0x0000000000005588        0xc /data/data/com.termux/files/home/arm-examples/decoders/GCC_Project/output/tasks.o
                0x0000000000005588                vTaskMissedYield
 .text.uxTaskGetTCBNumber
                0x0000000000005594       0x14 /data/data/com.termux/files/home/arm-examples/decoders/GCC_Project/output/tasks.o
                0x0000000000005594                uxTaskGetTCBNumber
 .text.eTaskConfirmSleepModeStatus
                0x00000000000055a8       0x34 /data/data/com.termux/files/home/arm-examples/decoders/GCC_Project/output/tasks.o
                0x00000000000055a8                eTaskConfirmSleepModeStatus
 .text.xTaskGetCurrentTaskHandle
                0x00000000000055dc        0xc /data/data/com.termux/files/home/arm-examples/decoders/GCC_Project/output/tasks.o
                0x00000000000055dc                xTaskGetCurrentTaskHandle
 .text.xTaskGetSchedulerState
                0x00000000000055e8       0x20 /data/data/com.termux/files/home/arm-examples/decoders/GCC_Project/output/tasks.o
                0x00000000000055e8                xTaskGetSchedulerState
 .text.xTaskPriorityInherit
                0x0000000000005608       0xa4 /data/data/com.termux/files/home/arm-examples/decoders/GCC_Project/output/tasks.o
                0x0000000000005608                xTaskPriorityInherit
 .text.xTaskPriorityDisinherit
                0x00000000000056ac       0xc0 /data/data/com.termux/files/home/arm-examples/decoders/GCC_Project/output/tasks.o
                0x00000000000056ac                xTaskPriorityDisinherit
 .text.vTaskPriorityDisinheritAfterTimeout
                0x000000000000576c       0xd0 /data/data/com.termux/files/home/arm-examples/decoders/GCC_Project/output/tasks.o
                0x000000000000576c                vTaskPriorityDisinheritAfterTimeout
 .text.pvTaskIncrementMutexHeldCount
                0x000000000000583c       0x18 /data/data/com.termux/files/home/arm-examples/decoders/GCC_Project/output/tasks.o
                0x000000000000583c                pvTaskIncrementMutexHeldCount
 .text.prvCheckForValidListAndQueue
                0x0000000000005854       0x58 /data/data/com.termux/files/home/arm-examples/decoders/GCC_Project/output/timers.o
 .text.prvInsertTimerInActiveList
                0x00000000000058ac       0x3c /data/data/com.termux/files/home/arm-examples/decoders/GCC_Project/output/timers.o
 .text.xTimerCreateTimerTask
                0x00000000000058e8       0x64 /data/data/com.termux/files/home/arm-examples/decoders/GCC_Project/output/timers.o
                0x00000000000058e8                xTimerCreateTimerTask
 .text.xTimerCreate
                0x000000000000594c       0x58 /data/data/com.termux/files/home/arm-examples/decoders/GCC_Project/output/timers.o
                0x000000000000594c                xTimerCreate
 .text.xTimerGenericCommand
                0x00000000000059a4       0x70 /data/data/com.termux/files/home/arm-examples/decoders/GCC_Project/output/timers.o
                0x00000000000059a4                xTimerGenericCommand
 .text.prvSwitchTimerLists
                0x0000000000005a14       0x90 /data/data/com.termux/files/home/arm-examples/decoders/GCC_Project/output/timers.o
 .text.prvTimerTask
                0x0000000000005aa4      0x200 /data/data/com.termux/files/home/arm-examples/decoders/GCC_Project/output/timers.o
 .text          0x0000000000005ca4       0x30 /usr/lib/gcc/arm-none-eabi/8.3.1/thumb/v7e-m+fp/hard/libgcc.a(_aeabi_uldivmod.o)
                0x0000000000005ca4                __aeabi_uldivmod
 .text          0x0000000000005cd4      0x2d0 /usr/lib/gcc/arm-none-eabi/8.3.1/thumb/v7e-m+fp/hard/libgcc.a(_udivmoddi4.o)
                0x0000000000005cd4                __udivmoddi4
 .text          0x0000000000005fa4        0x4 /usr/lib/gcc/arm-none-eabi/8.3.1/thumb/v7e-m+fp/hard/libgcc.a(_dvmd_tls.o)
                0x0000000000005fa4                __aeabi_ldiv0
                0x0000000000005fa4                __aeabi_idiv0
 .text          0x0000000000005fa8        0xc /usr/lib/gcc/arm-none-eabi/8.3.1/../../../arm-none-eabi/lib/thumb/v7e-m+fp/hard/libg_nano.a(lib_a-atexit.o)
                0x0000000000005fa8                atexit
 .text          0x0000000000005fb4       0x28 /usr/lib/gcc/arm-none-eabi/8.3.1/../../../arm-none-eabi/lib/thumb/v7e-m+fp/hard/libg_nano.a(lib_a-exit.o)
                0x0000000000005fb4                exit
 .text          0x0000000000005fdc       0x34 /usr/lib/gcc/arm-none-eabi/8.3.1/../../../arm-none-eabi/lib/thumb/v7e-m+fp/hard/libg_nano.a(lib_a-fini.o)
                0x0000000000005fdc                __libc_fini_array
 .text          0x0000000000006010       0x48 /usr/lib/gcc/arm-none-eabi/8.3.1/../../../arm-none-eabi/lib/thumb/v7e-m+fp/hard/libg_nano.a(lib_a-init.o)
                0x0000000000006010                __libc_init_array
 .text          0x0000000000006058       0x20 /usr/lib/gcc/arm-none-eabi/8.3.1/../../../arm-none-eabi/lib/thumb/v7e-m+fp/hard/libg_nano.a(lib_a-malloc.o)
                0x0000000000006058                malloc
                0x0000000000006068                free
 .text          0x0000000000006078      0x134 /usr/lib/gcc/arm-none-eabi/8.3.1/../../../arm-none-eabi/lib/thumb/v7e-m+fp/hard/libg_nano.a(lib_a-memcpy.o)
                0x0000000000006078                memcpy
 .text          0x00000000000061ac       0xa0 /usr/lib/gcc/arm-none-eabi/8.3.1/../../../arm-none-eabi/lib/thumb/v7e-m+fp/hard/libg_nano.a(lib_a-memset.o)
                0x00000000000061ac                memset
 .text          0x000000000000624c       0xac /usr/lib/gcc/arm-none-eabi/8.3.1/../../../arm-none-eabi/lib/thumb/v7e-m+fp/hard/libg_nano.a(lib_a-nano-freer.o)
                0x000000000000624c                _free_r
 .text          0x00000000000062f8       0xc8 /usr/lib/gcc/arm-none-eabi/8.3.1/../../../arm-none-eabi/lib/thumb/v7e-m+fp/hard/libg_nano.a(lib_a-nano-mallocr.o)
                0x00000000000062f8                _malloc_r
 .text          0x00000000000063c0       0x68 /usr/lib/gcc/arm-none-eabi/8.3.1/../../../arm-none-eabi/lib/thumb/v7e-m+fp/hard/libg_nano.a(lib_a-printf.o)
                0x00000000000063c0                _printf_r
                0x00000000000063c0                _iprintf_r
                0x00000000000063f0                printf
                0x00000000000063f0                iprintf
 .text          0x0000000000006428       0xe8 /usr/lib/gcc/arm-none-eabi/8.3.1/../../../arm-none-eabi/lib/thumb/v7e-m+fp/hard/libg_nano.a(lib_a-puts.o)
                0x0000000000006428                _puts_r
                0x0000000000006500                puts
 .text          0x0000000000006510       0x24 /usr/lib/gcc/arm-none-eabi/8.3.1/../../../arm-none-eabi/lib/thumb/v7e-m+fp/hard/libg_nano.a(lib_a-sbrkr.o)
                0x0000000000006510                _sbrk_r
 .text          0x0000000000006534       0x1c /usr/lib/gcc/arm-none-eabi/8.3.1/../../../arm-none-eabi/lib/thumb/v7e-m+fp/hard/libg_nano.a(lib_a-setjmp.o)
                0x0000000000006534                setjmp
                0x0000000000006540                longjmp
 .text          0x0000000000006550      0x110 /usr/lib/gcc/arm-none-eabi/8.3.1/../../../arm-none-eabi/lib/thumb/v7e-m+fp/hard/libg_nano.a(lib_a-snprintf.o)
                0x0000000000006550                _sniprintf_r
                0x0000000000006550                _snprintf_r
                0x00000000000065d4                snprintf
                0x00000000000065d4                sniprintf
 .text          0x0000000000006660       0x80 /usr/lib/gcc/arm-none-eabi/8.3.1/../../../arm-none-eabi/lib/thumb/v7e-m+fp/hard/libg_nano.a(lib_a-sprintf.o)
                0x0000000000006660                _siprintf_r
                0x0000000000006660                _sprintf_r
                0x000000000000669c                sprintf
                0x000000000000669c                siprintf
 .text          0x00000000000066e0       0xc8 /usr/lib/gcc/arm-none-eabi/8.3.1/../../../arm-none-eabi/lib/thumb/v7e-m+fp/hard/libg_nano.a(lib_a-strchr.o)
                0x00000000000066e0                strchr
 *fill*         0x00000000000067a8       0x18 
 .text          0x00000000000067c0      0x2dc /usr/lib/gcc/arm-none-eabi/8.3.1/../../../arm-none-eabi/lib/thumb/v7e-m+fp/hard/libg_nano.a(lib_a-strcmp.o)
                0x00000000000067c8                strcmp
 .text          0x0000000000006a9c       0xbc /usr/lib/gcc/arm-none-eabi/8.3.1/../../../arm-none-eabi/lib/thumb/v7e-m+fp/hard/libg_nano.a(lib_a-strcpy.o)
                0x0000000000006a9c                strcpy
 *fill*         0x0000000000006b58       0x28 
 .text          0x0000000000006b80       0xdc /usr/lib/gcc/arm-none-eabi/8.3.1/../../../arm-none-eabi/lib/thumb/v7e-m+fp/hard/libg_nano.a(lib_a-strlen.o)
                0x0000000000006b80                strlen
 .text          0x0000000000006c5c       0x74 /usr/lib/gcc/arm-none-eabi/8.3.1/../../../arm-none-eabi/lib/thumb/v7e-m+fp/hard/libg_nano.a(lib_a-strncpy.o)
                0x0000000000006c5c                strncpy
 .text          0x0000000000006cd0       0x24 /usr/lib/gcc/arm-none-eabi/8.3.1/../../../arm-none-eabi/lib/thumb/v7e-m+fp/hard/libg_nano.a(lib_a-strrchr.o)
                0x0000000000006cd0                strrchr
 .text          0x0000000000006cf4       0x70 /usr/lib/gcc/arm-none-eabi/8.3.1/../../../arm-none-eabi/lib/thumb/v7e-m+fp/hard/libg_nano.a(lib_a-strtok_r.o)
                0x0000000000006cf4                __strtok_r
                0x0000000000006d5c                strtok_r
 .text          0x0000000000006d64      0x1c4 /usr/lib/gcc/arm-none-eabi/8.3.1/../../../arm-none-eabi/lib/thumb/v7e-m+fp/hard/libg_nano.a(lib_a-strtoll.o)
                0x0000000000006ef4                _strtoll_r
                0x0000000000006ef8                strtoll_l
                0x0000000000006f10                strtoll
 .text          0x0000000000006f28      0x1f8 /usr/lib/gcc/arm-none-eabi/8.3.1/../../../arm-none-eabi/lib/thumb/v7e-m+fp/hard/libg_nano.a(lib_a-strtoull.o)
                0x00000000000070ec                _strtoull_r
                0x00000000000070f0                strtoull_l
                0x0000000000007108                strtoull
 .text          0x0000000000007120       0x88 /usr/lib/gcc/arm-none-eabi/8.3.1/../../../arm-none-eabi/lib/thumb/v7e-m+fp/hard/libg_nano.a(lib_a-vsnprintf.o)
                0x0000000000007120                _vsnprintf_r
                0x0000000000007120                _vsniprintf_r
                0x000000000000718c                vsnprintf
                0x000000000000718c                vsniprintf
 .text          0x00000000000071a8       0xc0 /usr/lib/gcc/arm-none-eabi/8.3.1/../../../arm-none-eabi/lib/thumb/v7e-m+fp/hard/libg_nano.a(lib_a-wbuf.o)
                0x00000000000071a8                __swbuf_r
                0x0000000000007258                __swbuf
 .text          0x0000000000007268      0x100 /usr/lib/gcc/arm-none-eabi/8.3.1/../../../arm-none-eabi/lib/thumb/v7e-m+fp/hard/libg_nano.a(lib_a-wsetup.o)
                0x0000000000007268                __swsetup_r
 .text          0x0000000000007368       0xa0 /usr/lib/gcc/arm-none-eabi/8.3.1/../../../arm-none-eabi/lib/thumb/v7e-m+fp/hard/libg_nano.a(lib_a-__atexit.o)
                0x0000000000007368                __register_exitproc
 .text          0x0000000000007408       0x9c /usr/lib/gcc/arm-none-eabi/8.3.1/../../../arm-none-eabi/lib/thumb/v7e-m+fp/hard/libg_nano.a(lib_a-__call_atexit.o)
                0x0000000000007408                __call_exitprocs
 .text          0x00000000000074a4      0x1b0 /usr/lib/gcc/arm-none-eabi/8.3.1/../../../arm-none-eabi/lib/thumb/v7e-m+fp/hard/libg_nano.a(lib_a-fflush.o)
                0x00000000000074a4                __sflush_r
                0x00000000000075d0                _fflush_r
                0x0000000000007630                fflush
 .text          0x0000000000007654      0x210 /usr/lib/gcc/arm-none-eabi/8.3.1/../../../arm-none-eabi/lib/thumb/v7e-m+fp/hard/libg_nano.a(lib_a-findfp.o)
                0x0000000000007658                _cleanup_r
                0x0000000000007668                __sfmoreglue
                0x0000000000007698                __sfp
                0x0000000000007810                _cleanup
                0x0000000000007824                __sinit
                0x000000000000782c                __sfp_lock_acquire
                0x0000000000007830                __sfp_lock_release
                0x0000000000007834                __sinit_lock_acquire
                0x0000000000007838                __sinit_lock_release
                0x000000000000783c                __fp_lock_all
                0x0000000000007850                __fp_unlock_all
 .text          0x0000000000007864       0xa0 /usr/lib/gcc/arm-none-eabi/8.3.1/../../../arm-none-eabi/lib/thumb/v7e-m+fp/hard/libg_nano.a(lib_a-fwalk.o)
                0x0000000000007864                _fwalk
                0x00000000000078b0                _fwalk_reent
 .text          0x0000000000007904       0xf0 /usr/lib/gcc/arm-none-eabi/8.3.1/../../../arm-none-eabi/lib/thumb/v7e-m+fp/hard/libg_nano.a(lib_a-makebuf.o)
                0x0000000000007904                __swhatbuf_r
                0x0000000000007960                __smakebuf_r
 .text          0x00000000000079f4        0x8 /usr/lib/gcc/arm-none-eabi/8.3.1/../../../arm-none-eabi/lib/thumb/v7e-m+fp/hard/libg_nano.a(lib_a-mlock.o)
                0x00000000000079f4                __malloc_lock
                0x00000000000079f8                __malloc_unlock
 .text          0x00000000000079fc      0x42c /usr/lib/gcc/arm-none-eabi/8.3.1/../../../arm-none-eabi/lib/thumb/v7e-m+fp/hard/libg_nano.a(lib_a-nano-svfprintf.o)
                0x00000000000079fc                __ssputs_r
                0x0000000000007abc                __ssprint_r
                0x0000000000007bb4                _svfprintf_r
                0x0000000000007bb4                _svfiprintf_r
 .text          0x0000000000007e28      0x364 /usr/lib/gcc/arm-none-eabi/8.3.1/../../../arm-none-eabi/lib/thumb/v7e-m+fp/hard/libg_nano.a(lib_a-nano-vfprintf.o)
                0x0000000000007e64                __sfputs_r
                0x0000000000007e94                __sprint_r
                0x0000000000007eb0                _vfiprintf_r
                0x0000000000007eb0                _vfprintf_r
                0x0000000000008174                vfiprintf
                0x0000000000008174                vfprintf
 .text          0x000000000000818c      0x3c4 /usr/lib/gcc/arm-none-eabi/8.3.1/../../../arm-none-eabi/lib/thumb/v7e-m+fp/hard/libg_nano.a(lib_a-nano-vfprintf_i.o)
                0x000000000000818c                _printf_common
                0x00000000000082b8                _printf_i
 .text          0x0000000000008550       0x90 /usr/lib/gcc/arm-none-eabi/8.3.1/../../../arm-none-eabi/lib/thumb/v7e-m+fp/hard/libg_nano.a(lib_a-stdio.o)
                0x0000000000008550                __sread
                0x0000000000008574                __seofread
                0x0000000000008578                __swrite
                0x00000000000085b8                __sseek
                0x00000000000085d8                __sclose
 .text          0x00000000000085e0       0x2c /usr/lib/gcc/arm-none-eabi/8.3.1/../../../arm-none-eabi/lib/thumb/v7e-m+fp/hard/libg_nano.a(lib_a-writer.o)
                0x00000000000085e0                _write_r
 .text          0x000000000000860c       0x24 /usr/lib/gcc/arm-none-eabi/8.3.1/../../../arm-none-eabi/lib/thumb/v7e-m+fp/hard/libg_nano.a(lib_a-closer.o)
                0x000000000000860c                _close_r
 .text          0x0000000000008630       0x28 /usr/lib/gcc/arm-none-eabi/8.3.1/../../../arm-none-eabi/lib/thumb/v7e-m+fp/hard/libg_nano.a(lib_a-fstatr.o)
                0x0000000000008630                _fstat_r
 .text          0x0000000000008658      0x308 /usr/lib/gcc/arm-none-eabi/8.3.1/../../../arm-none-eabi/lib/thumb/v7e-m+fp/hard/libg_nano.a(lib_a-fvwrite.o)
                0x0000000000008658                __sfvwrite_r
 .text          0x0000000000008960       0x24 /usr/lib/gcc/arm-none-eabi/8.3.1/../../../arm-none-eabi/lib/thumb/v7e-m+fp/hard/libg_nano.a(lib_a-isattyr.o)
                0x0000000000008960                _isatty_r
 .text          0x0000000000008984       0x2c /usr/lib/gcc/arm-none-eabi/8.3.1/../../../arm-none-eabi/lib/thumb/v7e-m+fp/hard/libg_nano.a(lib_a-lseekr.o)
                0x0000000000008984                _lseek_r
 .text          0x00000000000089b0       0xa0 /usr/lib/gcc/arm-none-eabi/8.3.1/../../../arm-none-eabi/lib/thumb/v7e-m+fp/hard/libg_nano.a(lib_a-memchr.o)
                0x00000000000089b0                memchr
 .text          0x0000000000008a50       0xd0 /usr/lib/gcc/arm-none-eabi/8.3.1/../../../arm-none-eabi/lib/thumb/v7e-m+fp/hard/libg_nano.a(lib_a-memmove.o)
                0x0000000000008a50                memmove
 .text          0x0000000000008b20       0x4c /usr/lib/gcc/arm-none-eabi/8.3.1/../../../arm-none-eabi/lib/thumb/v7e-m+fp/hard/libg_nano.a(lib_a-nano-reallocr.o)
                0x0000000000008b20                _realloc_r
 .text          0x0000000000008b6c       0x2c /usr/lib/gcc/arm-none-eabi/8.3.1/../../../arm-none-eabi/lib/thumb/v7e-m+fp/hard/libg_nano.a(lib_a-readr.o)
                0x0000000000008b6c                _read_r
 .text          0x0000000000008b98       0x10 /usr/lib/gcc/arm-none-eabi/8.3.1/../../../arm-none-eabi/lib/thumb/v7e-m+fp/hard/libg_nano.a(lib_a-nano-msizer.o)
                0x0000000000008b98                _malloc_usable_size_r
 .text          0x0000000000008ba8       0x10 /usr/lib/gcc/arm-none-eabi/8.3.1/../../../arm-none-eabi/lib/thumb/v7e-m+fp/hard/libnosys.a(fstat.o)
                0x0000000000008ba8                _fstat
 .text          0x0000000000008bb8       0x10 /usr/lib/gcc/arm-none-eabi/8.3.1/../../../arm-none-eabi/lib/thumb/v7e-m+fp/hard/libnosys.a(isatty.o)
                0x0000000000008bb8                _isatty
 .text          0x0000000000008bc8       0x1c /usr/lib/gcc/arm-none-eabi/8.3.1/../../../arm-none-eabi/lib/thumb/v7e-m+fp/hard/libnosys.a(sbrk.o)
                0x0000000000008bc8                _sbrk
 .text          0x0000000000008be4        0x4 /usr/lib/gcc/arm-none-eabi/8.3.1/../../../arm-none-eabi/lib/thumb/v7e-m+fp/hard/libnosys.a(_exit.o)
                0x0000000000008be4                _exit
 *(.init)
 .init          0x0000000000008be8        0x4 /usr/lib/gcc/arm-none-eabi/8.3.1/thumb/v7e-m+fp/hard/crti.o
                0x0000000000008be8                _init
 .init          0x0000000000008bec        0x8 /usr/lib/gcc/arm-none-eabi/8.3.1/thumb/v7e-m+fp/hard/crtn.o
 *(.fini)
 .fini          0x0000000000008bf4        0x4 /usr/lib/gcc/arm-none-eabi/8.3.1/thumb/v7e-m+fp/hard/crti.o
                0x0000000000008bf4                _fini
 .fini          0x0000000000008bf8        0x8 /usr/lib/gcc/arm-none-eabi/8.3.1/thumb/v7e-m+fp/hard/crtn.o
 *crtbegin.o(.ctors)
 *crtbegin?.o(.ctors)
 *(EXCLUDE_FILE(*crtend.o *crtend?.o) .ctors)
 *(SORT_BY_NAME(.ctors.*))
 *(.ctors)
 *crtbegin.o(.dtors)
 *crtbegin?.o(.dtors)
 *(EXCLUDE_FILE(*crtend.o *crtend?.o) .dtors)
 *(SORT_BY_NAME(.dtors.*))
 *(.dtors)
 *(.rodata*)
 .rodata.CLI_numX_getshow_X.str1.1
                0x0000000000008c00       0x23 /data/data/com.termux/files/home/arm-examples/decoders/GCC_Project/output/cli_args.o
 .rodata.CLI_string_ptr_get_subcmd.str1.1
                0x0000000000008c23        0xc /data/data/com.termux/files/home/arm-examples/decoders/GCC_Project/output/cli_args.o
 .rodata.CLI_cmd_stack_pop.str1.1
                0x0000000000008c2f       0x16 /data/data/com.termux/files/home/arm-examples/decoders/GCC_Project/output/cli_loop.o
 .rodata.CLI_cmd_stack_push.str1.1
                0x0000000000008c45       0x1a /data/data/com.termux/files/home/arm-examples/decoders/GCC_Project/output/cli_loop.o
 .rodata.CLI_dispatch.str1.1
                0x0000000000008c5f       0x21 /data/data/com.termux/files/home/arm-examples/decoders/GCC_Project/output/cli_loop.o
 .rodata.CLI_dispatch_subcmd.str1.1
                0x0000000000008c80       0x2a /data/data/com.termux/files/home/arm-examples/decoders/GCC_Project/output/cli_loop.o
 .rodata.CLI_print_prompt.str1.1
                0x0000000000008caa        0xd /data/data/com.termux/files/home/arm-examples/decoders/GCC_Project/output/cli_loop.o
 .rodata.CLI_rx_byte.str1.1
                0x0000000000008cb7        0x9 /data/data/com.termux/files/home/arm-examples/decoders/GCC_Project/output/cli_loop.o
 .rodata.CLI_verror.str1.1
                0x0000000000008cc0        0x8 /data/data/com.termux/files/home/arm-examples/decoders/GCC_Project/output/cli_loop.o
 .rodata._backspace.7305
                0x0000000000008cc8        0x4 /data/data/com.termux/files/home/arm-examples/decoders/GCC_Project/output/cli_loop.o
 .rodata.handle_exit.str1.1
                0x0000000000008ccc        0xa /data/data/com.termux/files/home/arm-examples/decoders/GCC_Project/output/cli_loop.o
 .rodata.handle_help.str1.1
                0x0000000000008cd6       0x2e /data/data/com.termux/files/home/arm-examples/decoders/GCC_Project/output/cli_loop.o
                                         0x33 (size before relaxing)
 .rodata.std_cmds
                0x0000000000008d04       0x40 /data/data/com.termux/files/home/arm-examples/decoders/GCC_Project/output/cli_loop.o
 .rodata.str1.1
                0x0000000000008d44       0x21 /data/data/com.termux/files/home/arm-examples/decoders/GCC_Project/output/cli_loop.o
                                         0x26 (size before relaxing)
 .rodata.CLI_error_missing_parameter.str1.1
                0x0000000000008d65        0xd /data/data/com.termux/files/home/arm-examples/decoders/GCC_Project/output/cli_misc.o
 .rodata.CLI_error_not_a_number.str1.1
                0x0000000000008d72       0x17 /data/data/com.termux/files/home/arm-examples/decoders/GCC_Project/output/cli_misc.o
 .rodata.CLI_start_task.str1.1
                0x0000000000008d89       0x5a /data/data/com.termux/files/home/arm-examples/decoders/GCC_Project/output/cli_platform.o
 .rodata.CLI_task.str1.1
                0x0000000000008de3       0x42 /data/data/com.termux/files/home/arm-examples/decoders/GCC_Project/output/cli_platform.o
 .rodata._colon_tt.8560
                0x0000000000008e25        0x4 /data/data/com.termux/files/home/arm-examples/decoders/GCC_Project/output/dbg_uart.o
 .rodata.dbg_str.str1.1
                0x0000000000008e29        0x3 /data/data/com.termux/files/home/arm-examples/decoders/GCC_Project/output/dbg_uart.o
 .rodata.HAL_PAD_Config.str1.1
                0x0000000000008e2c       0x54 /data/data/com.termux/files/home/arm-examples/decoders/GCC_Project/output/eoss3_hal_pad_config.o
 .rodata.IO_INPUT_PAD_SEL
                0x0000000000008e80       0x10 /data/data/com.termux/files/home/arm-examples/decoders/GCC_Project/output/eoss3_hal_pad_config.o
                0x0000000000008e80                IO_INPUT_PAD_SEL
 .rodata.SEL_EXT_PAD_REGS
                0x0000000000008e90      0x160 /data/data/com.termux/files/home/arm-examples/decoders/GCC_Project/output/eoss3_hal_pad_config.o
                0x0000000000008e90                SEL_EXT_PAD_REGS
 .rodata.unlock_spi1_bus.str1.1
                0x0000000000008ff0       0x36 /data/data/com.termux/files/home/arm-examples/decoders/GCC_Project/output/eoss3_hal_spi.o
 .rodata.HAL_Timer_ISR.str1.1
                0x0000000000009026       0x20 /data/data/com.termux/files/home/arm-examples/decoders/GCC_Project/output/eoss3_hal_timer.o