Archive member included to satisfy reference by file (symbol)

/usr/lib/gcc/arm-none-eabi/8.3.1/thumb/v7e-m+fp/hard/libgcc.a(_arm_addsubdf3.o)
                              /data/data/com.termux/files/home/arm-examples/sevenseg/GCC_Project/output/ql_test_signals.o (__aeabi_dadd)
/usr/lib/gcc/arm-none-eabi/8.3.1/thumb/v7e-m+fp/hard/libgcc.a(_arm_muldivdf3.o)
                              /data/data/com.termux/files/home/arm-examples/sevenseg/GCC_Project/output/ql_test_signals.o (__aeabi_dmul)
/usr/lib/gcc/arm-none-eabi/8.3.1/thumb/v7e-m+fp/hard/libgcc.a(_arm_fixdfsi.o)
                              /data/data/com.termux/files/home/arm-examples/sevenseg/GCC_Project/output/ql_test_signals.o (__aeabi_d2iz)
/usr/lib/gcc/arm-none-eabi/8.3.1/thumb/v7e-m+fp/hard/libgcc.a(_arm_truncdfsf2.o)
                              /data/data/com.termux/files/home/arm-examples/sevenseg/GCC_Project/output/eoss3_hal_i2c.o (__aeabi_d2f)
/usr/lib/gcc/arm-none-eabi/8.3.1/thumb/v7e-m+fp/hard/libgcc.a(_aeabi_ldivmod.o)
                              /data/data/com.termux/files/home/arm-examples/sevenseg/GCC_Project/output/dbg_uart.o (__aeabi_ldivmod)
/usr/lib/gcc/arm-none-eabi/8.3.1/thumb/v7e-m+fp/hard/libgcc.a(_aeabi_uldivmod.o)
                              /data/data/com.termux/files/home/arm-examples/sevenseg/GCC_Project/output/s3x_lpm.o (__aeabi_uldivmod)
/usr/lib/gcc/arm-none-eabi/8.3.1/thumb/v7e-m+fp/hard/libgcc.a(_udivmoddi4.o)
                              /usr/lib/gcc/arm-none-eabi/8.3.1/thumb/v7e-m+fp/hard/libgcc.a(_aeabi_ldivmod.o) (__udivmoddi4)
/usr/lib/gcc/arm-none-eabi/8.3.1/thumb/v7e-m+fp/hard/libgcc.a(_dvmd_tls.o)
                              /usr/lib/gcc/arm-none-eabi/8.3.1/thumb/v7e-m+fp/hard/libgcc.a(_aeabi_ldivmod.o) (__aeabi_ldiv0)
/usr/lib/gcc/arm-none-eabi/8.3.1/../../../arm-none-eabi/lib/thumb/v7e-m+fp/hard/libg_nano.a(lib_a-atexit.o)
                              /usr/lib/gcc/arm-none-eabi/8.3.1/../../../arm-none-eabi/lib/thumb/v7e-m+fp/hard/crt0.o (atexit)
/usr/lib/gcc/arm-none-eabi/8.3.1/../../../arm-none-eabi/lib/thumb/v7e-m+fp/hard/libg_nano.a(lib_a-exit.o)
                              /usr/lib/gcc/arm-none-eabi/8.3.1/../../../arm-none-eabi/lib/thumb/v7e-m+fp/hard/crt0.o (exit)
/usr/lib/gcc/arm-none-eabi/8.3.1/../../../arm-none-eabi/lib/thumb/v7e-m+fp/hard/libg_nano.a(lib_a-fini.o)
                              /usr/lib/gcc/arm-none-eabi/8.3.1/../../../arm-none-eabi/lib/thumb/v7e-m+fp/hard/crt0.o (__libc_fini_array)
/usr/lib/gcc/arm-none-eabi/8.3.1/../../../arm-none-eabi/lib/thumb/v7e-m+fp/hard/libg_nano.a(lib_a-impure.o)
                              /usr/lib/gcc/arm-none-eabi/8.3.1/../../../arm-none-eabi/lib/thumb/v7e-m+fp/hard/libg_nano.a(lib_a-exit.o) (_global_impure_ptr)
/usr/lib/gcc/arm-none-eabi/8.3.1/../../../arm-none-eabi/lib/thumb/v7e-m+fp/hard/libg_nano.a(lib_a-init.o)
                              /usr/lib/gcc/arm-none-eabi/8.3.1/../../../arm-none-eabi/lib/thumb/v7e-m+fp/hard/crt0.o (__libc_init_array)
/usr/lib/gcc/arm-none-eabi/8.3.1/../../../arm-none-eabi/lib/thumb/v7e-m+fp/hard/libg_nano.a(lib_a-malloc.o)
                              /data/data/com.termux/files/home/arm-examples/sevenseg/GCC_Project/output/circularBuffQueue.o (malloc)
/usr/lib/gcc/arm-none-eabi/8.3.1/../../../arm-none-eabi/lib/thumb/v7e-m+fp/hard/libg_nano.a(lib_a-memcpy.o)
                              /data/data/com.termux/files/home/arm-examples/sevenseg/GCC_Project/output/cli_args.o (memcpy)
/usr/lib/gcc/arm-none-eabi/8.3.1/../../../arm-none-eabi/lib/thumb/v7e-m+fp/hard/libg_nano.a(lib_a-memset.o)
                              /usr/lib/gcc/arm-none-eabi/8.3.1/../../../arm-none-eabi/lib/thumb/v7e-m+fp/hard/crt0.o (memset)
/usr/lib/gcc/arm-none-eabi/8.3.1/../../../arm-none-eabi/lib/thumb/v7e-m+fp/hard/libg_nano.a(lib_a-nano-freer.o)
                              /usr/lib/gcc/arm-none-eabi/8.3.1/../../../arm-none-eabi/lib/thumb/v7e-m+fp/hard/libg_nano.a(lib_a-malloc.o) (_free_r)
/usr/lib/gcc/arm-none-eabi/8.3.1/../../../arm-none-eabi/lib/thumb/v7e-m+fp/hard/libg_nano.a(lib_a-nano-mallocr.o)
                              /usr/lib/gcc/arm-none-eabi/8.3.1/../../../arm-none-eabi/lib/thumb/v7e-m+fp/hard/libg_nano.a(lib_a-malloc.o) (_malloc_r)
/usr/lib/gcc/arm-none-eabi/8.3.1/../../../arm-none-eabi/lib/thumb/v7e-m+fp/hard/libg_nano.a(lib_a-printf.o)
                              /data/data/com.termux/files/home/arm-examples/sevenseg/GCC_Project/output/circularBuffQueue.o (printf)
/usr/lib/gcc/arm-none-eabi/8.3.1/../../../arm-none-eabi/lib/thumb/v7e-m+fp/hard/libg_nano.a(lib_a-puts.o)
                              /data/data/com.termux/files/home/arm-examples/sevenseg/GCC_Project/output/eoss3_hal_i2s_slave_assp.o (puts)
/usr/lib/gcc/arm-none-eabi/8.3.1/../../../arm-none-eabi/lib/thumb/v7e-m+fp/hard/libg_nano.a(lib_a-sbrkr.o)
                              /usr/lib/gcc/arm-none-eabi/8.3.1/../../../arm-none-eabi/lib/thumb/v7e-m+fp/hard/libg_nano.a(lib_a-nano-mallocr.o) (_sbrk_r)
[...]
Memory Configuration

Name             Origin             Length             Attributes
rom              0x0000000000000000 0x0000000000027000 xr
ram              0x0000000020027000 0x000000000003c800 xrw
spiram           0x0000000020063800 0x0000000000000800 rw
HWA              0x0000000020064000 0x0000000000018000 rw
shm              0x000000002007c000 0x0000000000004000
*default*        0x0000000000000000 0xffffffffffffffff

Linker script and memory map

LOAD /usr/lib/gcc/arm-none-eabi/8.3.1/thumb/v7e-m+fp/hard/crti.o
LOAD /usr/lib/gcc/arm-none-eabi/8.3.1/thumb/v7e-m+fp/hard/crtbegin.o
LOAD /usr/lib/gcc/arm-none-eabi/8.3.1/../../../arm-none-eabi/lib/thumb/v7e-m+fp/hard/crt0.o
LOAD /data/data/com.termux/files/home/arm-examples/sevenseg/GCC_Project/output/c_lib_retarget.o
LOAD /data/data/com.termux/files/home/arm-examples/sevenseg/GCC_Project/output/circularBuffQueue.o
LOAD /data/data/com.termux/files/home/arm-examples/sevenseg/GCC_Project/output/cli_args.o
LOAD /data/data/com.termux/files/home/arm-examples/sevenseg/GCC_Project/output/cli_hexdump.o
LOAD /data/data/com.termux/files/home/arm-examples/sevenseg/GCC_Project/output/cli_io.o
LOAD /data/data/com.termux/files/home/arm-examples/sevenseg/GCC_Project/output/cli_loop.o
LOAD /data/data/com.termux/files/home/arm-examples/sevenseg/GCC_Project/output/cli_misc.o
LOAD /data/data/com.termux/files/home/arm-examples/sevenseg/GCC_Project/output/cli_platform.o
LOAD /data/data/com.termux/files/home/arm-examples/sevenseg/GCC_Project/output/cli_stdcmds.o
LOAD /data/data/com.termux/files/home/arm-examples/sevenseg/GCC_Project/output/crc16.o
LOAD /data/data/com.termux/files/home/arm-examples/sevenseg/GCC_Project/output/crc32.o
LOAD /data/data/com.termux/files/home/arm-examples/sevenseg/GCC_Project/output/croutine.o
LOAD /data/data/com.termux/files/home/arm-examples/sevenseg/GCC_Project/output/dbg_bufferedprinttask.o
LOAD /data/data/com.termux/files/home/arm-examples/sevenseg/GCC_Project/output/dbg_queue_monitor.o
LOAD /data/data/com.termux/files/home/arm-examples/sevenseg/GCC_Project/output/dbg_uart.o
LOAD /data/data/com.termux/files/home/arm-examples/sevenseg/GCC_Project/output/dbgtrace.o
LOAD /data/data/com.termux/files/home/arm-examples/sevenseg/GCC_Project/output/eoss3_hal_adc.o
LOAD /data/data/com.termux/files/home/arm-examples/sevenseg/GCC_Project/output/eoss3_hal_gpio.o
LOAD /data/data/com.termux/files/home/arm-examples/sevenseg/GCC_Project/output/eoss3_hal_i2c.o
LOAD /data/data/com.termux/files/home/arm-examples/sevenseg/GCC_Project/output/eoss3_hal_i2s.o
LOAD /data/data/com.termux/files/home/arm-examples/sevenseg/GCC_Project/output/eoss3_hal_i2s_slave_assp.o
LOAD /data/data/com.termux/files/home/arm-examples/sevenseg/GCC_Project/output/eoss3_hal_pad_config.o
LOAD /data/data/com.termux/files/home/arm-examples/sevenseg/GCC_Project/output/eoss3_hal_pkfb.o
LOAD /data/data/com.termux/files/home/arm-examples/sevenseg/GCC_Project/output/eoss3_hal_rtc.o
LOAD /data/data/com.termux/files/home/arm-examples/sevenseg/GCC_Project/output/eoss3_hal_sdma.o
LOAD /data/data/com.termux/files/home/arm-examples/sevenseg/GCC_Project/output/eoss3_hal_spi.o
LOAD /data/data/com.termux/files/home/arm-examples/sevenseg/GCC_Project/output/eoss3_hal_timer.o
LOAD /data/data/com.termux/files/home/arm-examples/sevenseg/GCC_Project/output/eoss3_hal_uart.o
LOAD /data/data/com.termux/files/home/arm-examples/sevenseg/GCC_Project/output/eoss3_hal_wb.o
LOAD /data/data/com.termux/files/home/arm-examples/sevenseg/GCC_Project/output/eoss3_hal_wdt.o
LOAD /data/data/com.termux/files/home/arm-examples/sevenseg/GCC_Project/output/event_groups.o
LOAD /data/data/com.termux/files/home/arm-examples/sevenseg/GCC_Project/output/exceptions.o
LOAD /data/data/com.termux/files/home/arm-examples/sevenseg/GCC_Project/output/freertos_static_memory.o
LOAD /data/data/com.termux/files/home/arm-examples/sevenseg/GCC_Project/output/heap_4.o
LOAD /data/data/com.termux/files/home/arm-examples/sevenseg/GCC_Project/output/hearable_pwrcfg.o
LOAD /data/data/com.termux/files/home/arm-examples/sevenseg/GCC_Project/output/leds.o
LOAD /data/data/com.termux/files/home/arm-examples/sevenseg/GCC_Project/output/list.o
LOAD /data/data/com.termux/files/home/arm-examples/sevenseg/GCC_Project/output/main.o
LOAD /data/data/com.termux/files/home/arm-examples/sevenseg/GCC_Project/output/main_dbg_cli_menu.o
LOAD /data/data/com.termux/files/home/arm-examples/sevenseg/GCC_Project/output/pincfg_table.o
LOAD /data/data/com.termux/files/home/arm-examples/sevenseg/GCC_Project/output/port.o
LOAD /data/data/com.termux/files/home/arm-examples/sevenseg/GCC_Project/output/qf_baremetalsetup.o
LOAD /data/data/com.termux/files/home/arm-examples/sevenseg/GCC_Project/output/qf_hardwaresetup.o
LOAD /data/data/com.termux/files/home/arm-examples/sevenseg/GCC_Project/output/ql_base64.o
LOAD /data/data/com.termux/files/home/arm-examples/sevenseg/GCC_Project/output/ql_stackwatermark.o
LOAD /data/data/com.termux/files/home/arm-examples/sevenseg/GCC_Project/output/ql_test_signals.o
LOAD /data/data/com.termux/files/home/arm-examples/sevenseg/GCC_Project/output/ql_time.o
LOAD /data/data/com.termux/files/home/arm-examples/sevenseg/GCC_Project/output/queue.o
LOAD /data/data/com.termux/files/home/arm-examples/sevenseg/GCC_Project/output/s3x_clock.o
LOAD /data/data/com.termux/files/home/arm-examples/sevenseg/GCC_Project/output/s3x_clock_hal.o
LOAD /data/data/com.termux/files/home/arm-examples/sevenseg/GCC_Project/output/s3x_cpuload.o
LOAD /data/data/com.termux/files/home/arm-examples/sevenseg/GCC_Project/output/s3x_dfs.o
LOAD /data/data/com.termux/files/home/arm-examples/sevenseg/GCC_Project/output/s3x_lpm.o
LOAD /data/data/com.termux/files/home/arm-examples/sevenseg/GCC_Project/output/s3x_pi.o
LOAD /data/data/com.termux/files/home/arm-examples/sevenseg/GCC_Project/output/s3x_pwrcfg.o
LOAD /data/data/com.termux/files/home/arm-examples/sevenseg/GCC_Project/output/s3x_qos.o
LOAD /data/data/com.termux/files/home/arm-examples/sevenseg/GCC_Project/output/sec_debug.o
LOAD /data/data/com.termux/files/home/arm-examples/sevenseg/GCC_Project/output/spi_flash.o
LOAD /data/data/com.termux/files/home/arm-examples/sevenseg/GCC_Project/output/startup_EOSS3B_GCC.o
LOAD /data/data/com.termux/files/home/arm-examples/sevenseg/GCC_Project/output/stream_buffer.o
LOAD /data/data/com.termux/files/home/arm-examples/sevenseg/GCC_Project/output/tasks.o
LOAD /data/data/com.termux/files/home/arm-examples/sevenseg/GCC_Project/output/timers.o
LOAD /data/data/com.termux/files/home/arm-examples/sevenseg/GCC_Project/output/vectors_CM4F_gcc.o
LOAD /data/data/com.termux/files/home/arm-examples/sevenseg/GCC_Project/output/watchdog.o
LOAD /usr/lib/gcc/arm-none-eabi/8.3.1/../../../arm-none-eabi/lib/thumb/v7e-m+fp/hard/libm.a
LOAD /data/data/com.termux/files/home/pygmy-dev/pygmy-sdk/Libraries/CMSIS/lib/GCC/libarm_cortexM4lf_math.a
START GROUP
LOAD /usr/lib/gcc/arm-none-eabi/8.3.1/thumb/v7e-m+fp/hard/libgcc.a
LOAD /usr/lib/gcc/arm-none-eabi/8.3.1/../../../arm-none-eabi/lib/thumb/v7e-m+fp/hard/libg_nano.a
LOAD /usr/lib/gcc/arm-none-eabi/8.3.1/../../../arm-none-eabi/lib/thumb/v7e-m+fp/hard/libc_nano.a
END GROUP
START GROUP
LOAD /usr/lib/gcc/arm-none-eabi/8.3.1/thumb/v7e-m+fp/hard/libgcc.a
LOAD /usr/lib/gcc/arm-none-eabi/8.3.1/../../../arm-none-eabi/lib/thumb/v7e-m+fp/hard/libc_nano.a
LOAD /usr/lib/gcc/arm-none-eabi/8.3.1/../../../arm-none-eabi/lib/thumb/v7e-m+fp/hard/libnosys.a
END GROUP
START GROUP
LOAD /usr/lib/gcc/arm-none-eabi/8.3.1/thumb/v7e-m+fp/hard/libgcc.a
LOAD /usr/lib/gcc/arm-none-eabi/8.3.1/../../../arm-none-eabi/lib/thumb/v7e-m+fp/hard/libc_nano.a
LOAD /usr/lib/gcc/arm-none-eabi/8.3.1/../../../arm-none-eabi/lib/thumb/v7e-m+fp/hard/libnosys.a
END GROUP
LOAD /usr/lib/gcc/arm-none-eabi/8.3.1/thumb/v7e-m+fp/hard/crtend.o
LOAD /usr/lib/gcc/arm-none-eabi/8.3.1/thumb/v7e-m+fp/hard/crtn.o

.text           0x0000000000000000     0x8b21
 *(.isr_vector)
 .isr_vector    0x0000000000000000      0x124 /data/data/com.termux/files/home/arm-examples/sevenseg/GCC_Project/output/vectors_CM4F_gcc.o
                0x0000000000000000                __Vectors
 *(.text*)
 .text          0x0000000000000124       0x88 /usr/lib/gcc/arm-none-eabi/8.3.1/thumb/v7e-m+fp/hard/crtbegin.o
 .text          0x00000000000001ac       0x70 /usr/lib/gcc/arm-none-eabi/8.3.1/../../../arm-none-eabi/lib/thumb/v7e-m+fp/hard/crt0.o
                0x00000000000001ac                _stack_init
                0x00000000000001b4                _mainCRTStartup
                0x00000000000001b4                _start
 .text._write   0x000000000000021c        0xe /data/data/com.termux/files/home/arm-examples/sevenseg/GCC_Project/output/c_lib_retarget.o
                0x000000000000021c                _write
 .text._close   0x000000000000022a        0x6 /data/data/com.termux/files/home/arm-examples/sevenseg/GCC_Project/output/c_lib_retarget.o
                0x000000000000022a                _close
 .text._lseek   0x0000000000000230        0x4 /data/data/com.termux/files/home/arm-examples/sevenseg/GCC_Project/output/c_lib_retarget.o
                0x0000000000000230                _lseek
 .text._read    0x0000000000000234        0x4 /data/data/com.termux/files/home/arm-examples/sevenseg/GCC_Project/output/c_lib_retarget.o
                0x0000000000000234                _read
 .text.do_str_fetch
                0x0000000000000238       0x38 /data/data/com.termux/files/home/arm-examples/sevenseg/GCC_Project/output/cli_args.o
 .text.CLI_string_ptr_get_subcmd
                0x0000000000000270       0x20 /data/data/com.termux/files/home/arm-examples/sevenseg/GCC_Project/output/cli_args.o
                0x0000000000000270                CLI_string_ptr_get_subcmd
 .text.CLI_numX_getshow_X
                0x0000000000000290      0x178 /data/data/com.termux/files/home/arm-examples/sevenseg/GCC_Project/output/cli_args.o
                0x0000000000000290                CLI_numX_getshow_X
 .text.CLI_uint8_getshow
                0x0000000000000408        0x8 /data/data/com.termux/files/home/arm-examples/sevenseg/GCC_Project/output/cli_args.o
                0x0000000000000408                CLI_uint8_getshow
 .text.append_key
                0x0000000000000410       0x30 /data/data/com.termux/files/home/arm-examples/sevenseg/GCC_Project/output/cli_io.o
 .text.get_key_ignore_null
                0x0000000000000440       0x18 /data/data/com.termux/files/home/arm-examples/sevenseg/GCC_Project/output/cli_io.o
 .text.CLI_getkey_peek
                0x0000000000000458      0x110 /data/data/com.termux/files/home/arm-examples/sevenseg/GCC_Project/output/cli_io.o
                0x0000000000000458                CLI_getkey_peek
 .text.CLI_getkey
                0x0000000000000568       0x30 /data/data/com.termux/files/home/arm-examples/sevenseg/GCC_Project/output/cli_io.o
                0x0000000000000568                CLI_getkey
 .text.CLI_col0_timestamp
                0x0000000000000598       0x78 /data/data/com.termux/files/home/arm-examples/sevenseg/GCC_Project/output/cli_io.o
                0x0000000000000598                CLI_col0_timestamp
 .text.CLI_putc
                0x0000000000000610       0x4c /data/data/com.termux/files/home/arm-examples/sevenseg/GCC_Project/output/cli_io.o
                0x0000000000000610                CLI_putc
 .text.CLI_puts_no_nl
                0x000000000000065c       0x12 /data/data/com.termux/files/home/arm-examples/sevenseg/GCC_Project/output/cli_io.o
                0x000000000000065c                CLI_puts_no_nl
 *fill*         0x000000000000066e        0x2 
 .text.CLI_vprintf
                0x0000000000000670       0x24 /data/data/com.termux/files/home/arm-examples/sevenseg/GCC_Project/output/cli_io.o
                0x0000000000000670                CLI_vprintf
 .text.CLI_printf
                0x0000000000000694       0x1a /data/data/com.termux/files/home/arm-examples/sevenseg/GCC_Project/output/cli_io.o
                0x0000000000000694                CLI_printf
 *fill*         0x00000000000006ae        0x2 
 .text.handle_help
                0x00000000000006b0       0xc4 /data/data/com.termux/files/home/arm-examples/sevenseg/GCC_Project/output/cli_loop.o
 .text.CLI_cmd_stack_replace
                0x0000000000000774       0x10 /data/data/com.termux/files/home/arm-examples/sevenseg/GCC_Project/output/cli_loop.o
                0x0000000000000774                CLI_cmd_stack_replace
 .text.CLI_cmd_stack_push
                0x0000000000000784       0x30 /data/data/com.termux/files/home/arm-examples/sevenseg/GCC_Project/output/cli_loop.o
                0x0000000000000784                CLI_cmd_stack_push
 .text.CLI_cmd_stack_clear
                0x00000000000007b4       0x24 /data/data/com.termux/files/home/arm-examples/sevenseg/GCC_Project/output/cli_loop.o
                0x00000000000007b4                CLI_cmd_stack_clear
 .text.CLI_cmd_stack_pop
                0x00000000000007d8       0x40 /data/data/com.termux/files/home/arm-examples/sevenseg/GCC_Project/output/cli_loop.o
                0x00000000000007d8                CLI_cmd_stack_pop
 .text.handle_exit
                0x0000000000000818       0x1c /data/data/com.termux/files/home/arm-examples/sevenseg/GCC_Project/output/cli_loop.o
 .text.CLI_init
                0x0000000000000834       0x24 /data/data/com.termux/files/home/arm-examples/sevenseg/GCC_Project/output/cli_loop.o
                0x0000000000000834                CLI_init
 .text.CLI_print_prompt
                0x0000000000000858       0x44 /data/data/com.termux/files/home/arm-examples/sevenseg/GCC_Project/output/cli_loop.o
                0x0000000000000858                CLI_print_prompt
 .text.CLI_dispatch_subcmd
                0x000000000000089c       0x84 /data/data/com.termux/files/home/arm-examples/sevenseg/GCC_Project/output/cli_loop.o
                0x000000000000089c                CLI_dispatch_subcmd
 .text.CLI_dispatch
                0x0000000000000920       0xc0 /data/data/com.termux/files/home/arm-examples/sevenseg/GCC_Project/output/cli_loop.o
 .text.CLI_submenu_handler
                0x00000000000009e0       0x30 /data/data/com.termux/files/home/arm-examples/sevenseg/GCC_Project/output/cli_loop.o
                0x00000000000009e0                CLI_submenu_handler
 .text.CLI_verror
                0x0000000000000a10       0x40 /data/data/com.termux/files/home/arm-examples/sevenseg/GCC_Project/output/cli_loop.o
                0x0000000000000a10                CLI_verror
 .text.CLI_rx_byte
                0x0000000000000a50       0xe8 /data/data/com.termux/files/home/arm-examples/sevenseg/GCC_Project/output/cli_loop.o
                0x0000000000000a50                CLI_rx_byte
 .text.CLI_is_more_args
                0x0000000000000b38       0x14 /data/data/com.termux/files/home/arm-examples/sevenseg/GCC_Project/output/cli_misc.o
                0x0000000000000b38                CLI_is_more_args
 .text.CLI_error
                0x0000000000000b4c       0x1a /data/data/com.termux/files/home/arm-examples/sevenseg/GCC_Project/output/cli_misc.o
                0x0000000000000b4c                CLI_error
 *fill*         0x0000000000000b66        0x2 
 .text.CLI_error_missing_parameter
                0x0000000000000b68        0xc /data/data/com.termux/files/home/arm-examples/sevenseg/GCC_Project/output/cli_misc.o
                0x0000000000000b68                CLI_error_missing_parameter
 .text.CLI_error_not_a_number
                0x0000000000000b74       0x10 /data/data/com.termux/files/home/arm-examples/sevenseg/GCC_Project/output/cli_misc.o
                0x0000000000000b74                CLI_error_not_a_number
 .text.CLI_task
                0x0000000000000b84       0x54 /data/data/com.termux/files/home/arm-examples/sevenseg/GCC_Project/output/cli_platform.o
                0x0000000000000b84                CLI_task
 .text.CLI_time_now
                0x0000000000000bd8        0x4 /data/data/com.termux/files/home/arm-examples/sevenseg/GCC_Project/output/cli_platform.o
                0x0000000000000bd8                CLI_time_now
 .text.CLI_beep
                0x0000000000000bdc        0x6 /data/data/com.termux/files/home/arm-examples/sevenseg/GCC_Project/output/cli_platform.o
                0x0000000000000bdc                CLI_beep
 .text.CLI_timeout_expired
                0x0000000000000be2       0x22 /data/data/com.termux/files/home/arm-examples/sevenseg/GCC_Project/output/cli_platform.o
                0x0000000000000be2                CLI_timeout_expired
 .text.CLI_putc_raw
                0x0000000000000c04        0x8 /data/data/com.termux/files/home/arm-examples/sevenseg/GCC_Project/output/cli_platform.o
                0x0000000000000c04                CLI_putc_raw
 .text.CLI_getkey_raw
                0x0000000000000c0c       0x3c /data/data/com.termux/files/home/arm-examples/sevenseg/GCC_Project/output/cli_platform.o
                0x0000000000000c0c                CLI_getkey_raw
 .text.CLI_start_task
                0x0000000000000c48       0x58 /data/data/com.termux/files/home/arm-examples/sevenseg/GCC_Project/output/cli_platform.o
                0x0000000000000c48                CLI_start_task
 .text.__debug_lockup
                0x0000000000000ca0       0x14 /data/data/com.termux/files/home/arm-examples/sevenseg/GCC_Project/output/dbg_uart.o
 .text._semihost_write
                0x0000000000000cb4       0x54 /data/data/com.termux/files/home/arm-examples/sevenseg/GCC_Project/output/dbg_uart.o
                0x0000000000000cb4                _semihost_write
 .text.dbg_ch_raw
                0x0000000000000d08       0x74 /data/data/com.termux/files/home/arm-examples/sevenseg/GCC_Project/output/dbg_uart.o
                0x0000000000000d08                dbg_ch_raw
 .text.dbg_nl   0x0000000000000d7c       0x12 /data/data/com.termux/files/home/arm-examples/sevenseg/GCC_Project/output/dbg_uart.o
                0x0000000000000d7c                dbg_nl
 .text.dbg_ch   0x0000000000000d8e        0xc /data/data/com.termux/files/home/arm-examples/sevenseg/GCC_Project/output/dbg_uart.o
                0x0000000000000d8e                dbg_ch
 .text.dbg_hex4
                0x0000000000000d9a       0x14 /data/data/com.termux/files/home/arm-examples/sevenseg/GCC_Project/output/dbg_uart.o
 .text.dbg_hex8
                0x0000000000000dae       0x14 /data/data/com.termux/files/home/arm-examples/sevenseg/GCC_Project/output/dbg_uart.o
                0x0000000000000dae                dbg_hex8
 .text.dbg_hex16
                0x0000000000000dc2       0x14 /data/data/com.termux/files/home/arm-examples/sevenseg/GCC_Project/output/dbg_uart.o
                0x0000000000000dc2                dbg_hex16
 .text.dbg_hex32
                0x0000000000000dd6       0x14 /data/data/com.termux/files/home/arm-examples/sevenseg/GCC_Project/output/dbg_uart.o
                0x0000000000000dd6                dbg_hex32
 .text._dbg_int
                0x0000000000000dea       0x20 /data/data/com.termux/files/home/arm-examples/sevenseg/GCC_Project/output/dbg_uart.o
 .text.dbg_memdumpx
                0x0000000000000e0a       0xea /data/data/com.termux/files/home/arm-examples/sevenseg/GCC_Project/output/dbg_uart.o
 .text.dbg_str  0x0000000000000ef4       0x84 /data/data/com.termux/files/home/arm-examples/sevenseg/GCC_Project/output/dbg_uart.o
                0x0000000000000ef4                dbg_str
 .text._dbg_str_xxx
                0x0000000000000f78       0x16 /data/data/com.termux/files/home/arm-examples/sevenseg/GCC_Project/output/dbg_uart.o
 .text.dbg_str_hexXX
                0x0000000000000f8e       0x22 /data/data/com.termux/files/home/arm-examples/sevenseg/GCC_Project/output/dbg_uart.o
 .text.dbg_int  0x0000000000000fb0       0x24 /data/data/com.termux/files/home/arm-examples/sevenseg/GCC_Project/output/dbg_uart.o
                0x0000000000000fb0                dbg_int
 .text.dbg_str_str
                0x0000000000000fd4       0x16 /data/data/com.termux/files/home/arm-examples/sevenseg/GCC_Project/output/dbg_uart.o
                0x0000000000000fd4                dbg_str_str
 .text.dbg_str_int
                0x0000000000000fea       0x16 /data/data/com.termux/files/home/arm-examples/sevenseg/GCC_Project/output/dbg_uart.o
                0x0000000000000fea                dbg_str_int
 .text.dbg_str_hex32
                0x0000000000001000        0xc /data/data/com.termux/files/home/arm-examples/sevenseg/GCC_Project/output/dbg_uart.o
                0x0000000000001000                dbg_str_hex32
 .text.dbg_fatal_error
                0x000000000000100c       0x12 /data/data/com.termux/files/home/arm-examples/sevenseg/GCC_Project/output/dbg_uart.o
                0x000000000000100c                dbg_fatal_error
 .text.dbg_fatal_error_int
                0x000000000000101e        0xe /data/data/com.termux/files/home/arm-examples/sevenseg/GCC_Project/output/dbg_uart.o
                0x000000000000101e                dbg_fatal_error_int
 .text.dbg_memdump32
                0x000000000000102c       0x1e /data/data/com.termux/files/home/arm-examples/sevenseg/GCC_Project/output/dbg_uart.o
                0x000000000000102c                dbg_memdump32
 *fill*         0x000000000000104a        0x2 
 .text.HAL_GPIO_Write
                0x000000000000104c       0x28 /data/data/com.termux/files/home/arm-examples/sevenseg/GCC_Project/output/eoss3_hal_gpio.o
                0x000000000000104c                HAL_GPIO_Write
 .text.HAL_PAD_Config
                0x0000000000001074      0x17c /data/data/com.termux/files/home/arm-examples/sevenseg/GCC_Project/output/eoss3_hal_pad_config.o
                0x0000000000001074                HAL_PAD_Config
 .text.configure_s3_pads
                0x00000000000011f0       0x1a /data/data/com.termux/files/home/arm-examples/sevenseg/GCC_Project/output/eoss3_hal_pad_config.o
                0x00000000000011f0                configure_s3_pads
 *fill*         0x000000000000120a        0x2 
 .text.eoss3_rtc_enable_irq
                0x000000000000120c       0x28 /data/data/com.termux/files/home/arm-examples/sevenseg/GCC_Project/output/eoss3_hal_rtc.o
 .text.write_rtc_reg
                0x0000000000001234       0x18 /data/data/com.termux/files/home/arm-examples/sevenseg/GCC_Project/output/eoss3_hal_rtc.o
 .text.__rtc_setup_alarm.isra.0
                0x000000000000124c       0x44 /data/data/com.termux/files/home/arm-examples/sevenseg/GCC_Project/output/eoss3_hal_rtc.o
 .text.HAL_RTC_ISR
                0x0000000000001290       0x24 /data/data/com.termux/files/home/arm-examples/sevenseg/GCC_Project/output/eoss3_hal_rtc.o
                0x0000000000001290                HAL_RTC_ISR
 .text.unlock_spi1_bus
                0x00000000000012b4       0x58 /data/data/com.termux/files/home/arm-examples/sevenseg/GCC_Project/output/eoss3_hal_spi.o
                0x00000000000012b4                unlock_spi1_bus
 .text.SPI_DMA_Complete
                0x000000000000130c       0x88 /data/data/com.termux/files/home/arm-examples/sevenseg/GCC_Project/output/eoss3_hal_spi.o
                0x000000000000130c                SPI_DMA_Complete
 .text.HAL_SPI_IRQHandler
                0x0000000000001394       0x6c /data/data/com.termux/files/home/arm-examples/sevenseg/GCC_Project/output/eoss3_hal_spi.o
                0x0000000000001394                HAL_SPI_IRQHandler
 .text.HAL_Delay_Init
                0x0000000000001400       0x54 /data/data/com.termux/files/home/arm-examples/sevenseg/GCC_Project/output/eoss3_hal_timer.o
                0x0000000000001400                HAL_Delay_Init
 .text.HAL_DelayUSec
                0x0000000000001454       0x28 /data/data/com.termux/files/home/arm-examples/sevenseg/GCC_Project/output/eoss3_hal_timer.o
                0x0000000000001454                HAL_DelayUSec
 .text.HAL_Timer_ISR
                0x000000000000147c       0x88 /data/data/com.termux/files/home/arm-examples/sevenseg/GCC_Project/output/eoss3_hal_timer.o
                0x000000000000147c                HAL_Timer_ISR
 .text.uart_baud_rate
                0x0000000000001504       0x60 /data/data/com.termux/files/home/arm-examples/sevenseg/GCC_Project/output/eoss3_hal_uart.o
 .text.is_hw_uart_enabled
                0x0000000000001564       0x20 /data/data/com.termux/files/home/arm-examples/sevenseg/GCC_Project/output/eoss3_hal_uart.o
 .text.uart_disable
                0x0000000000001584       0x1c /data/data/com.termux/files/home/arm-examples/sevenseg/GCC_Project/output/eoss3_hal_uart.o
 .text.uart_lpm_callback
                0x00000000000015a0       0x70 /data/data/com.termux/files/home/arm-examples/sevenseg/GCC_Project/output/eoss3_hal_uart.o
 .text.uart_init
                0x0000000000001610      0x168 /data/data/com.termux/files/home/arm-examples/sevenseg/GCC_Project/output/eoss3_hal_uart.o
                0x0000000000001610                uart_init
 .text.uart_isr_handler
                0x0000000000001778       0x84 /data/data/com.termux/files/home/arm-examples/sevenseg/GCC_Project/output/eoss3_hal_uart.o
                0x0000000000001778                uart_isr_handler
 .text.uart_tx_raw
                0x00000000000017fc       0x38 /data/data/com.termux/files/home/arm-examples/sevenseg/GCC_Project/output/eoss3_hal_uart.o
                0x00000000000017fc                uart_tx_raw
 .text.uart_tx  0x0000000000001834       0x1c /data/data/com.termux/files/home/arm-examples/sevenseg/GCC_Project/output/eoss3_hal_uart.o
                0x0000000000001834                uart_tx
 .text.uart_tx_buf
                0x0000000000001850       0x1a /data/data/com.termux/files/home/arm-examples/sevenseg/GCC_Project/output/eoss3_hal_uart.o
                0x0000000000001850                uart_tx_buf
 *fill*         0x000000000000186a        0x2 
 .text.uart_rx_wait
                0x000000000000186c       0x34 /data/data/com.termux/files/home/arm-examples/sevenseg/GCC_Project/output/eoss3_hal_uart.o
                0x000000000000186c                uart_rx_wait
 .text.uart_rx_available
                0x00000000000018a0       0x34 /data/data/com.termux/files/home/arm-examples/sevenseg/GCC_Project/output/eoss3_hal_uart.o
                0x00000000000018a0                uart_rx_available
 .text.uart_rx  0x00000000000018d4       0x60 /data/data/com.termux/files/home/arm-examples/sevenseg/GCC_Project/output/eoss3_hal_uart.o
                0x00000000000018d4                uart_rx
 .text.WDT_ISR  0x0000000000001934       0x8c /data/data/com.termux/files/home/arm-examples/sevenseg/GCC_Project/output/eoss3_hal_wdt.o
                0x0000000000001934                WDT_ISR
 .text.spurious_interrupt
                0x00000000000019c0        0xc /data/data/com.termux/files/home/arm-examples/sevenseg/GCC_Project/output/exceptions.o
 .text.prvGetRegistersFromStack
                0x00000000000019cc       0xf0 /data/data/com.termux/files/home/arm-examples/sevenseg/GCC_Project/output/exceptions.o
                0x00000000000019cc                prvGetRegistersFromStack
 .text.HardFault_Handler
                0x0000000000001abc       0x16 /data/data/com.termux/files/home/arm-examples/sevenseg/GCC_Project/output/exceptions.o
                0x0000000000001abc                HardFault_Handler
 .text.NMI_Handler
                0x0000000000001ad2        0x6 /data/data/com.termux/files/home/arm-examples/sevenseg/GCC_Project/output/exceptions.o
                0x0000000000001ad2                NMI_Handler
 .text.MemManage_Handler
                0x0000000000001ad8        0x6 /data/data/com.termux/files/home/arm-examples/sevenseg/GCC_Project/output/exceptions.o
                0x0000000000001ad8                MemManage_Handler
 .text.BusFault_Handler
                0x0000000000001ade        0x6 /data/data/com.termux/files/home/arm-examples/sevenseg/GCC_Project/output/exceptions.o
                0x0000000000001ade                BusFault_Handler
 .text.UsageFault_Handler
                0x0000000000001ae4        0x6 /data/data/com.termux/files/home/arm-examples/sevenseg/GCC_Project/output/exceptions.o
                0x0000000000001ae4                UsageFault_Handler
 .text.DebugMon_Handler
                0x0000000000001aea        0x6 /data/data/com.termux/files/home/arm-examples/sevenseg/GCC_Project/output/exceptions.o
                0x0000000000001aea                DebugMon_Handler
 .text.Uart_Handler
                0x0000000000001af0       0x50 /data/data/com.termux/files/home/arm-examples/sevenseg/GCC_Project/output/exceptions.o
                0x0000000000001af0                Uart_Handler
 .text.Timer_Handler
                0x0000000000001b40       0x24 /data/data/com.termux/files/home/arm-examples/sevenseg/GCC_Project/output/exceptions.o
                0x0000000000001b40                Timer_Handler
 .text.CpuWdtInt_Handler
                0x0000000000001b64       0x24 /data/data/com.termux/files/home/arm-examples/sevenseg/GCC_Project/output/exceptions.o
                0x0000000000001b64                CpuWdtInt_Handler
 .text.CpuWdtRst_Handler
                0x0000000000001b88        0x6 /data/data/com.termux/files/home/arm-examples/sevenseg/GCC_Project/output/exceptions.o
                0x0000000000001b88                CpuWdtRst_Handler
 .text.BusTimeout_Handler
                0x0000000000001b8e        0x6 /data/data/com.termux/files/home/arm-examples/sevenseg/GCC_Project/output/exceptions.o
                0x0000000000001b8e                BusTimeout_Handler
 .text.Fpu_Handler
                0x0000000000001b94        0x6 /data/data/com.termux/files/home/arm-examples/sevenseg/GCC_Project/output/exceptions.o
                0x0000000000001b94                Fpu_Handler
 *fill*         0x0000000000001b9a        0x2 
 .text.Pkfb_Handler
                0x0000000000001b9c       0x10 /data/data/com.termux/files/home/arm-examples/sevenseg/GCC_Project/output/exceptions.o
                0x0000000000001b9c                Pkfb_Handler
 .text.I2s_Handler
                0x0000000000001bac        0x6 /data/data/com.termux/files/home/arm-examples/sevenseg/GCC_Project/output/exceptions.o
                0x0000000000001bac                I2s_Handler
 .text.Audio_Handler
                0x0000000000001bb2        0x6 /data/data/com.termux/files/home/arm-examples/sevenseg/GCC_Project/output/exceptions.o
                0x0000000000001bb2                Audio_Handler
 .text.SpiMs_Handler
                0x0000000000001bb8       0x5c /data/data/com.termux/files/home/arm-examples/sevenseg/GCC_Project/output/exceptions.o
                0x0000000000001bb8                SpiMs_Handler
 .text.CfgDma_Handler
                0x0000000000001c14       0x28 /data/data/com.termux/files/home/arm-examples/sevenseg/GCC_Project/output/exceptions.o
                0x0000000000001c14                CfgDma_Handler
 .text.PmuTimer_Handler
                0x0000000000001c3c        0x2 /data/data/com.termux/files/home/arm-examples/sevenseg/GCC_Project/output/exceptions.o
                0x0000000000001c3c                PmuTimer_Handler
 .text.AdcDone_Handler
                0x0000000000001c3e        0x8 /data/data/com.termux/files/home/arm-examples/sevenseg/GCC_Project/output/exceptions.o
                0x0000000000001c3e                AdcDone_Handler
 *fill*         0x0000000000001c46        0x2 
 .text.RtcAlarm_Handler
                0x0000000000001c48       0x1c /data/data/com.termux/files/home/arm-examples/sevenseg/GCC_Project/output/exceptions.o
                0x0000000000001c48                RtcAlarm_Handler
 .text.ResetInt_Handler
                0x0000000000001c64        0x8 /data/data/com.termux/files/home/arm-examples/sevenseg/GCC_Project/output/exceptions.o
                0x0000000000001c64                ResetInt_Handler
 .text.Ffe0_Handler
                0x0000000000001c6c       0x18 /data/data/com.termux/files/home/arm-examples/sevenseg/GCC_Project/output/exceptions.o
                0x0000000000001c6c                Ffe0_Handler
 .text.FbMsg_Handler
                0x0000000000001c84       0x6c /data/data/com.termux/files/home/arm-examples/sevenseg/GCC_Project/output/exceptions.o
                0x0000000000001c84                FbMsg_Handler
 .text.SensorGpio_Handler
                0x0000000000001cf0        0x8 /data/data/com.termux/files/home/arm-examples/sevenseg/GCC_Project/output/exceptions.o
                0x0000000000001cf0                SensorGpio_Handler
 .text.M4SramSleep_Handler
                0x0000000000001cf8        0x8 /data/data/com.termux/files/home/arm-examples/sevenseg/GCC_Project/output/exceptions.o
                0x0000000000001cf8                M4SramSleep_Handler
 .text.LDO30_PG_Handler
                0x0000000000001d00        0x8 /data/data/com.termux/files/home/arm-examples/sevenseg/GCC_Project/output/exceptions.o
                0x0000000000001d00                LDO30_PG_Handler
 .text.LDO50_PG_Handler
                0x0000000000001d08        0x8 /data/data/com.termux/files/home/arm-examples/sevenseg/GCC_Project/output/exceptions.o
                0x0000000000001d08                LDO50_PG_Handler
 .text.DMIC_Voice_Det_Handler
                0x0000000000001d10        0x8 /data/data/com.termux/files/home/arm-examples/sevenseg/GCC_Project/output/exceptions.o
                0x0000000000001d10                DMIC_Voice_Det_Handler
 .text.ApPDMClkOn_Handler
                0x0000000000001d18        0x8 /data/data/com.termux/files/home/arm-examples/sevenseg/GCC_Project/output/exceptions.o
                0x0000000000001d18                ApPDMClkOn_Handler
 .text.ApPDMClkOff_Handler
                0x0000000000001d20        0x8 /data/data/com.termux/files/home/arm-examples/sevenseg/GCC_Project/output/exceptions.o
                0x0000000000001d20                ApPDMClkOff_Handler
 .text.Dmac0BlkDone_Handler
                0x0000000000001d28        0x8 /data/data/com.termux/files/home/arm-examples/sevenseg/GCC_Project/output/exceptions.o
                0x0000000000001d28                Dmac0BlkDone_Handler
 .text.Dmac0BufDone_Handler
                0x0000000000001d30        0x8 /data/data/com.termux/files/home/arm-examples/sevenseg/GCC_Project/output/exceptions.o
                0x0000000000001d30                Dmac0BufDone_Handler
 .text.Dmac1BlkDone_Handler
                0x0000000000001d38        0x8 /data/data/com.termux/files/home/arm-examples/sevenseg/GCC_Project/output/exceptions.o
                0x0000000000001d38                Dmac1BlkDone_Handler
 .text.Dmac1BufDone_Handler
                0x0000000000001d40        0x8 /data/data/com.termux/files/home/arm-examples/sevenseg/GCC_Project/output/exceptions.o
                0x0000000000001d40                Dmac1BufDone_Handler
 .text.Sdma0Done_Handler
                0x0000000000001d48        0x8 /data/data/com.termux/files/home/arm-examples/sevenseg/GCC_Project/output/exceptions.o
                0x0000000000001d48                Sdma0Done_Handler
 .text.Sdma1Done_Handler
                0x0000000000001d50        0x8 /data/data/com.termux/files/home/arm-examples/sevenseg/GCC_Project/output/exceptions.o
                0x0000000000001d50                Sdma1Done_Handler
 .text.Sdma2Done_Handler
                0x0000000000001d58        0x8 /data/data/com.termux/files/home/arm-examples/sevenseg/GCC_Project/output/exceptions.o
                0x0000000000001d58                Sdma2Done_Handler
 .text.Sdma3Done_Handler
                0x0000000000001d60        0x8 /data/data/com.termux/files/home/arm-examples/sevenseg/GCC_Project/output/exceptions.o
                0x0000000000001d60                Sdma3Done_Handler
 .text.Sdma4Done_Handler
                0x0000000000001d68        0x8 /data/data/com.termux/files/home/arm-examples/sevenseg/GCC_Project/output/exceptions.o
                0x0000000000001d68                Sdma4Done_Handler
 .text.Sdma5Done_Handler
                0x0000000000001d70        0x8 /data/data/com.termux/files/home/arm-examples/sevenseg/GCC_Project/output/exceptions.o
                0x0000000000001d70                Sdma5Done_Handler
 .text.Sdma6Done_Handler
                0x0000000000001d78        0x8 /data/data/com.termux/files/home/arm-examples/sevenseg/GCC_Project/output/exceptions.o
                0x0000000000001d78                Sdma6Done_Handler
 .text.Sdma7Done_Handler
                0x0000000000001d80        0x8 /data/data/com.termux/files/home/arm-examples/sevenseg/GCC_Project/output/exceptions.o
                0x0000000000001d80                Sdma7Done_Handler
 .text.Sdma8Done_Handler
                0x0000000000001d88        0x8 /data/data/com.termux/files/home/arm-examples/sevenseg/GCC_Project/output/exceptions.o
                0x0000000000001d88                Sdma8Done_Handler
 .text.Sdma9Done_Handler
                0x0000000000001d90        0x8 /data/data/com.termux/files/home/arm-examples/sevenseg/GCC_Project/output/exceptions.o
                0x0000000000001d90                Sdma9Done_Handler
 .text.Sdma10Done_Handler
                0x0000000000001d98        0x8 /data/data/com.termux/files/home/arm-examples/sevenseg/GCC_Project/output/exceptions.o
                0x0000000000001d98                Sdma10Done_Handler
 .text.Sdma11Done_Handler
                0x0000000000001da0        0x8 /data/data/com.termux/files/home/arm-examples/sevenseg/GCC_Project/output/exceptions.o
                0x0000000000001da0                Sdma11Done_Handler
 .text.SdmaErr_Handler
                0x0000000000001da8        0x8 /data/data/com.termux/files/home/arm-examples/sevenseg/GCC_Project/output/exceptions.o
                0x0000000000001da8                SdmaErr_Handler
 .text.I2S_SlvM4TxOr_Handler
                0x0000000000001db0        0x8 /data/data/com.termux/files/home/arm-examples/sevenseg/GCC_Project/output/exceptions.o
                0x0000000000001db0                I2S_SlvM4TxOr_Handler
 .text.SRAM_128KB_Handler
                0x0000000000001db8        0x8 /data/data/com.termux/files/home/arm-examples/sevenseg/GCC_Project/output/exceptions.o
                0x0000000000001db8                SRAM_128KB_Handler
 .text.LPSD_Voice_Det_Handler
                0x0000000000001dc0        0x8 /data/data/com.termux/files/home/arm-examples/sevenseg/GCC_Project/output/exceptions.o
                0x0000000000001dc0                LPSD_Voice_Det_Handler
 .text.FfeWdt_Handler
                0x0000000000001dc8        0x8 /data/data/com.termux/files/home/arm-examples/sevenseg/GCC_Project/output/exceptions.o
                0x0000000000001dc8                FfeWdt_Handler
 .text.ApBoot_Handler
                0x0000000000001dd0        0x8 /data/data/com.termux/files/home/arm-examples/sevenseg/GCC_Project/output/exceptions.o
                0x0000000000001dd0                ApBoot_Handler
 .text.SwInt2_Handler
                0x0000000000001dd8        0x8 /data/data/com.termux/files/home/arm-examples/sevenseg/GCC_Project/output/exceptions.o
                0x0000000000001dd8                SwInt2_Handler
 .text.SwInt1_Handler
                0x0000000000001de0       0x24 /data/data/com.termux/files/home/arm-examples/sevenseg/GCC_Project/output/exceptions.o
                0x0000000000001de0                SwInt1_Handler
 .text.Ffe0Msg_Handler
                0x0000000000001e04        0x8 /data/data/com.termux/files/home/arm-examples/sevenseg/GCC_Project/output/exceptions.o
                0x0000000000001e04                Ffe0Msg_Handler
 .text.lpsdVoiceOffHandler
                0x0000000000001e0c        0x8 /data/data/com.termux/files/home/arm-examples/sevenseg/GCC_Project/output/exceptions.o
                0x0000000000001e0c                lpsdVoiceOffHandler
 .text.dmicVoiceOffHandler
                0x0000000000001e14        0x8 /data/data/com.termux/files/home/arm-examples/sevenseg/GCC_Project/output/exceptions.o
                0x0000000000001e14                dmicVoiceOffHandler
 .text.vApplicationMallocFailedHook
                0x0000000000001e1c       0x24 /data/data/com.termux/files/home/arm-examples/sevenseg/GCC_Project/output/exceptions.o
                0x0000000000001e1c                vApplicationMallocFailedHook
 .text.vApplicationStackOverflowHook
                0x0000000000001e40       0x24 /data/data/com.termux/files/home/arm-examples/sevenseg/GCC_Project/output/exceptions.o
                0x0000000000001e40                vApplicationStackOverflowHook
 .text.vApplicationTickHook
                0x0000000000001e64        0x2 /data/data/com.termux/files/home/arm-examples/sevenseg/GCC_Project/output/exceptions.o
                0x0000000000001e64                vApplicationTickHook
 *fill*         0x0000000000001e66        0x2 
 .text.prvInsertBlockIntoFreeList
                0x0000000000001e68       0x74 /data/data/com.termux/files/home/arm-examples/sevenseg/GCC_Project/output/heap_4.o
 .text.pvPortMalloc
                0x0000000000001edc      0x198 /data/data/com.termux/files/home/arm-examples/sevenseg/GCC_Project/output/heap_4.o
                0x0000000000001edc                pvPortMalloc
 .text.vPortFree
                0x0000000000002074       0xa0 /data/data/com.termux/files/home/arm-examples/sevenseg/GCC_Project/output/heap_4.o
                0x0000000000002074                vPortFree
 .text.vListInitialise
                0x0000000000002114       0x16 /data/data/com.termux/files/home/arm-examples/sevenseg/GCC_Project/output/list.o
                0x0000000000002114                vListInitialise
 .text.vListInitialiseItem
                0x000000000000212a        0x6 /data/data/com.termux/files/home/arm-examples/sevenseg/GCC_Project/output/list.o
                0x000000000000212a                vListInitialiseItem
 .text.vListInsertEnd
                0x0000000000002130       0x18 /data/data/com.termux/files/home/arm-examples/sevenseg/GCC_Project/output/list.o
                0x0000000000002130                vListInsertEnd
 .text.vListInsert
                0x0000000000002148       0x2e /data/data/com.termux/files/home/arm-examples/sevenseg/GCC_Project/output/list.o
                0x0000000000002148                vListInsert
 .text.uxListRemove
                0x0000000000002176       0x20 /data/data/com.termux/files/home/arm-examples/sevenseg/GCC_Project/output/list.o
                0x0000000000002176                uxListRemove
 .text.SystemInit
                0x0000000000002196        0x2 /data/data/com.termux/files/home/arm-examples/sevenseg/GCC_Project/output/main.o
                0x0000000000002196                SystemInit
 .text.PyHal_GPIO_Set
                0x0000000000002198       0x34 /data/data/com.termux/files/home/arm-examples/sevenseg/GCC_Project/output/main.o
                0x0000000000002198                PyHal_GPIO_Set
 .text.sevenseg
                0x00000000000021cc       0x50 /data/data/com.termux/files/home/arm-examples/sevenseg/GCC_Project/output/main.o
                0x00000000000021cc                sevenseg
 .text.sevenseg_setup
                0x000000000000221c       0x10 /data/data/com.termux/files/home/arm-examples/sevenseg/GCC_Project/output/main.o
                0x000000000000221c                sevenseg_setup
 .text.disp     0x000000000000222c       0xa8 /data/data/com.termux/files/home/arm-examples/sevenseg/GCC_Project/output/main.o
                0x000000000000222c                disp
 .text.startup.main
                0x00000000000022d4       0xcc /data/data/com.termux/files/home/arm-examples/sevenseg/GCC_Project/output/main.o
                0x00000000000022d4                main
 .text.set_gpio_input
                0x00000000000023a0       0x34 /data/data/com.termux/files/home/arm-examples/sevenseg/GCC_Project/output/main_dbg_cli_menu.o
 .text.set_gpio_output
                0x00000000000023d4       0x60 /data/data/com.termux/files/home/arm-examples/sevenseg/GCC_Project/output/main_dbg_cli_menu.o
 .text.get_gpio_value
                0x0000000000002434       0x50 /data/data/com.termux/files/home/arm-examples/sevenseg/GCC_Project/output/main_dbg_cli_menu.o
 .text.prvTaskExitError
                0x0000000000002484       0x50 /data/data/com.termux/files/home/arm-examples/sevenseg/GCC_Project/output/port.o
 .text.pxPortInitialiseStack
                0x00000000000024d4       0x2c /data/data/com.termux/files/home/arm-examples/sevenseg/GCC_Project/output/port.o
                0x00000000000024d4                pxPortInitialiseStack
 .text.SVC_Handler
                0x0000000000002500       0x24 /data/data/com.termux/files/home/arm-examples/sevenseg/GCC_Project/output/port.o
                0x0000000000002500                SVC_Handler
 .text.vPortEnterCritical
                0x0000000000002524       0x58 /data/data/com.termux/files/home/arm-examples/sevenseg/GCC_Project/output/port.o
                0x0000000000002524                vPortEnterCritical
 .text.vPortExitCritical
                0x000000000000257c       0x3c /data/data/com.termux/files/home/arm-examples/sevenseg/GCC_Project/output/port.o
                0x000000000000257c                vPortExitCritical
 *fill*         0x00000000000025b8        0x8 
 .text.PendSV_Handler
                0x00000000000025c0       0x64 /data/data/com.termux/files/home/arm-examples/sevenseg/GCC_Project/output/port.o
                0x00000000000025c0                PendSV_Handler
 .text.xPortSysTickHandler
                0x0000000000002624       0x2c /data/data/com.termux/files/home/arm-examples/sevenseg/GCC_Project/output/port.o
                0x0000000000002624                xPortSysTickHandler
 .text.vPortValidateInterruptPriority
                0x0000000000002650       0x7c /data/data/com.termux/files/home/arm-examples/sevenseg/GCC_Project/output/port.o
                0x0000000000002650                vPortValidateInterruptPriority
 .text.system_init
                0x00000000000026cc       0x6c /data/data/com.termux/files/home/arm-examples/sevenseg/GCC_Project/output/qf_hardwaresetup.o
                0x00000000000026cc                system_init
 .text.qf_hardwareSetup
                0x0000000000002738       0x74 /data/data/com.termux/files/home/arm-examples/sevenseg/GCC_Project/output/qf_hardwaresetup.o
                0x0000000000002738                qf_hardwareSetup
 .text.prvIsQueueEmpty
                0x00000000000027ac       0x16 /data/data/com.termux/files/home/arm-examples/sevenseg/GCC_Project/output/queue.o
 .text.prvCopyDataToQueue
                0x00000000000027c2       0x78 /data/data/com.termux/files/home/arm-examples/sevenseg/GCC_Project/output/queue.o
 .text.prvCopyDataFromQueue
                0x000000000000283a       0x2a /data/data/com.termux/files/home/arm-examples/sevenseg/GCC_Project/output/queue.o
 .text.prvUnlockQueue
                0x0000000000002864       0x70 /data/data/com.termux/files/home/arm-examples/sevenseg/GCC_Project/output/queue.o
 .text.xQueueGenericReset
                0x00000000000028d4       0x90 /data/data/com.termux/files/home/arm-examples/sevenseg/GCC_Project/output/queue.o
                0x00000000000028d4                xQueueGenericReset
 .text.xQueueGenericCreate
                0x0000000000002964       0x74 /data/data/com.termux/files/home/arm-examples/sevenseg/GCC_Project/output/queue.o
                0x0000000000002964                xQueueGenericCreate
 .text.xQueueGenericSend
                0x00000000000029d8      0x198 /data/data/com.termux/files/home/arm-examples/sevenseg/GCC_Project/output/queue.o
                0x00000000000029d8                xQueueGenericSend
 .text.xQueueGenericSendFromISR
                0x0000000000002b70       0xf0 /data/data/com.termux/files/home/arm-examples/sevenseg/GCC_Project/output/queue.o
                0x0000000000002b70                xQueueGenericSendFromISR
 .text.xQueueGenericSendFromISRDebug
                0x0000000000002c60       0x30 /data/data/com.termux/files/home/arm-examples/sevenseg/GCC_Project/output/queue.o
                0x0000000000002c60                xQueueGenericSendFromISRDebug
 .text.xQueueGiveFromISR
                0x0000000000002c90       0xdc /data/data/com.termux/files/home/arm-examples/sevenseg/GCC_Project/output/queue.o
                0x0000000000002c90                xQueueGiveFromISR
 .text.xQueueReceive
                0x0000000000002d6c      0x160 /data/data/com.termux/files/home/arm-examples/sevenseg/GCC_Project/output/queue.o
                0x0000000000002d6c                xQueueReceive
 .text.xQueueSemaphoreTake
                0x0000000000002ecc      0x1b0 /data/data/com.termux/files/home/arm-examples/sevenseg/GCC_Project/output/queue.o
                0x0000000000002ecc                xQueueSemaphoreTake
 .text.xQueuePeek
                0x000000000000307c      0x160 /data/data/com.termux/files/home/arm-examples/sevenseg/GCC_Project/output/queue.o
                0x000000000000307c                xQueuePeek
 .text.uxQueueMessagesWaiting
                0x00000000000031dc       0x38 /data/data/com.termux/files/home/arm-examples/sevenseg/GCC_Project/output/queue.o
                0x00000000000031dc                uxQueueMessagesWaiting
 .text.vQueueAddToRegistry
                0x0000000000003214       0x24 /data/data/com.termux/files/home/arm-examples/sevenseg/GCC_Project/output/queue.o
                0x0000000000003214                vQueueAddToRegistry
 .text.s3x_clkd_write_div
                0x0000000000003238       0xa8 /data/data/com.termux/files/home/arm-examples/sevenseg/GCC_Project/output/s3x_clock.o
 .text.s3x_clkd_read_div
                0x00000000000032e0       0x44 /data/data/com.termux/files/home/arm-examples/sevenseg/GCC_Project/output/s3x_clock.o
 .text.s3x_clkd_cal_div.part.1
                0x0000000000003324       0x30 /data/data/com.termux/files/home/arm-examples/sevenseg/GCC_Project/output/s3x_clock.o
 .text.S3x_Id_To_Domain
                0x0000000000003354       0x1c /data/data/com.termux/files/home/arm-examples/sevenseg/GCC_Project/output/s3x_clock.o
                0x0000000000003354                S3x_Id_To_Domain
 .text.S3x_Clkd_Get_Cpu_Rate
                0x0000000000003370        0xc /data/data/com.termux/files/home/arm-examples/sevenseg/GCC_Project/output/s3x_clock.o
                0x0000000000003370                S3x_Clkd_Get_Cpu_Rate
 .text.s3x_clkd_update_div_val
                0x000000000000337c       0x4c /data/data/com.termux/files/home/arm-examples/sevenseg/GCC_Project/output/s3x_clock.o
                0x000000000000337c                s3x_clkd_update_div_val
 .text.s3x_clkd_update_fd_rate
                0x00000000000033c8        0xe /data/data/com.termux/files/home/arm-examples/sevenseg/GCC_Project/output/s3x_clock.o
                0x00000000000033c8                s3x_clkd_update_fd_rate
 *fill*         0x00000000000033d6        0x2 
 .text.s3x_clkd_update_sd_div
                0x00000000000033d8       0x5c /data/data/com.termux/files/home/arm-examples/sevenseg/GCC_Project/output/s3x_clock.o
 .text.s3x_clkd_update_all_src_div
                0x0000000000003434       0xc8 /data/data/com.termux/files/home/arm-examples/sevenseg/GCC_Project/output/s3x_clock.o
                0x0000000000003434                s3x_clkd_update_all_src_div
 .text.S3x_Clkd_Get_Hsosc_Rate
                0x00000000000034fc       0x34 /data/data/com.termux/files/home/arm-examples/sevenseg/GCC_Project/output/s3x_clock.o
                0x00000000000034fc                S3x_Clkd_Get_Hsosc_Rate
 .text.S3x_Clkd_Change_Hsosc
                0x0000000000003530       0x70 /data/data/com.termux/files/home/arm-examples/sevenseg/GCC_Project/output/s3x_clock.o
                0x0000000000003530                S3x_Clkd_Change_Hsosc
 .text.s3x_clkd_get_src_rate
                0x00000000000035a0       0x12 /data/data/com.termux/files/home/arm-examples/sevenseg/GCC_Project/output/s3x_clock.o
                0x00000000000035a0                s3x_clkd_get_src_rate
 *fill*         0x00000000000035b2        0x2 
 .text.s3x_clkd_get_div
                0x00000000000035b4       0x74 /data/data/com.termux/files/home/arm-examples/sevenseg/GCC_Project/output/s3x_clock.o
                0x00000000000035b4                s3x_clkd_get_div
 .text.s3x_clkd_srate
                0x0000000000003628      0x134 /data/data/com.termux/files/home/arm-examples/sevenseg/GCC_Project/output/s3x_clock.o
 .text.s3x_clkd_grate
                0x000000000000375c       0x68 /data/data/com.termux/files/home/arm-examples/sevenseg/GCC_Project/output/s3x_clock.o
 .text.s3x_clkd_set_src_div_st
                0x00000000000037c4       0x4c /data/data/com.termux/files/home/arm-examples/sevenseg/GCC_Project/output/s3x_clock.o
 .text.s3x_update_clk_rate
                0x0000000000003810       0xb0 /data/data/com.termux/files/home/arm-examples/sevenseg/GCC_Project/output/s3x_clock.o
                0x0000000000003810                s3x_update_clk_rate
 .text.s3x_clkd_get_gate_mask_st
                0x00000000000038c0       0x16 /data/data/com.termux/files/home/arm-examples/sevenseg/GCC_Project/output/s3x_clock.o
                0x00000000000038c0                s3x_clkd_get_gate_mask_st
 *fill*         0x00000000000038d6        0x2 
 .text.s3x_clkd_set_gate_mask
                0x00000000000038d8       0x50 /data/data/com.termux/files/home/arm-examples/sevenseg/GCC_Project/output/s3x_clock.o
                0x00000000000038d8                s3x_clkd_set_gate_mask
 .text.s3x_clkd_enable_gate
                0x0000000000003928       0x68 /data/data/com.termux/files/home/arm-examples/sevenseg/GCC_Project/output/s3x_clock.o
 .text.s3x_clkd_disable_gate
                0x0000000000003990       0x54 /data/data/com.termux/files/home/arm-examples/sevenseg/GCC_Project/output/s3x_clock.o
 .text._S3x_Clk_Enable
                0x00000000000039e4       0xb8 /data/data/com.termux/files/home/arm-examples/sevenseg/GCC_Project/output/s3x_clock.o
                0x00000000000039e4                _S3x_Clk_Enable
 .text._S3x_Clk_Disable
                0x0000000000003a9c       0xc8 /data/data/com.termux/files/home/arm-examples/sevenseg/GCC_Project/output/s3x_clock.o
                0x0000000000003a9c                _S3x_Clk_Disable
 .text._S3x_Clk_Get_Status
                0x0000000000003b64       0x2c /data/data/com.termux/files/home/arm-examples/sevenseg/GCC_Project/output/s3x_clock.o
                0x0000000000003b64                _S3x_Clk_Get_Status
 .text._S3x_Clk_Get_Rate
                0x0000000000003b90       0x28 /data/data/com.termux/files/home/arm-examples/sevenseg/GCC_Project/output/s3x_clock.o
                0x0000000000003b90                _S3x_Clk_Get_Rate
 .text.S3x_Clk_Init
                0x0000000000003bb8      0x15c /data/data/com.termux/files/home/arm-examples/sevenseg/GCC_Project/output/s3x_clock.o
                0x0000000000003bb8                S3x_Clk_Init
 .text.S3x_Clk_Enable
                0x0000000000003d14        0x4 /data/data/com.termux/files/home/arm-examples/sevenseg/GCC_Project/output/s3x_clock_hal.o
                0x0000000000003d14                S3x_Clk_Enable
 .text.S3x_Clk_Disable
                0x0000000000003d18        0x4 /data/data/com.termux/files/home/arm-examples/sevenseg/GCC_Project/output/s3x_clock_hal.o
                0x0000000000003d18                S3x_Clk_Disable
 .text.S3x_Clk_Get_Rate
                0x0000000000003d1c        0x4 /data/data/com.termux/files/home/arm-examples/sevenseg/GCC_Project/output/s3x_clock_hal.o
                0x0000000000003d1c                S3x_Clk_Get_Rate
 .text.DFS_cpuload
                0x0000000000003d20       0x4c /data/data/com.termux/files/home/arm-examples/sevenseg/GCC_Project/output/s3x_cpuload.o
                0x0000000000003d20                DFS_cpuload
 .text.DFS_resetsleepticks
                0x0000000000003d6c        0xc /data/data/com.termux/files/home/arm-examples/sevenseg/GCC_Project/output/s3x_cpuload.o
                0x0000000000003d6c                DFS_resetsleepticks
 .text.DFS_UpdateTimer
                0x0000000000003d78       0x5c /data/data/com.termux/files/home/arm-examples/sevenseg/GCC_Project/output/s3x_dfs.o
 .text.DFS_StartTimer
                0x0000000000003dd4       0x88 /data/data/com.termux/files/home/arm-examples/sevenseg/GCC_Project/output/s3x_dfs.o
                0x0000000000003dd4                DFS_StartTimer
 .text.S3x_Set_Policy
                0x0000000000003e5c      0x108 /data/data/com.termux/files/home/arm-examples/sevenseg/GCC_Project/output/s3x_dfs.o
                0x0000000000003e5c                S3x_Set_Policy
 .text.S3x_get_max_rate_dfs_node
                0x0000000000003f64       0x28 /data/data/com.termux/files/home/arm-examples/sevenseg/GCC_Project/output/s3x_dfs.o
                0x0000000000003f64                S3x_get_max_rate_dfs_node
 .text.S3x_Stepup_Policy
                0x0000000000003f8c       0x78 /data/data/com.termux/files/home/arm-examples/sevenseg/GCC_Project/output/s3x_dfs.o
 .text.DFS_TimerCB
                0x0000000000004004        0xe /data/data/com.termux/files/home/arm-examples/sevenseg/GCC_Project/output/s3x_dfs.o
 *fill*         0x0000000000004012        0x2 
 .text.DFS_Get_Curr_Policy
                0x0000000000004014        0xc /data/data/com.termux/files/home/arm-examples/sevenseg/GCC_Project/output/s3x_dfs.o
                0x0000000000004014                DFS_Get_Curr_Policy
 .text.DFS_Initialize
                0x0000000000004020       0x14 /data/data/com.termux/files/home/arm-examples/sevenseg/GCC_Project/output/s3x_dfs.o
                0x0000000000004020                DFS_Initialize
 .text.S3x_Register_Lpm_Cb
                0x0000000000004034       0x3c /data/data/com.termux/files/home/arm-examples/sevenseg/GCC_Project/output/s3x_lpm.o
                0x0000000000004034                S3x_Register_Lpm_Cb
 .text.s3x_setup_systick_interrupt
                0x0000000000004070       0x54 /data/data/com.termux/files/home/arm-examples/sevenseg/GCC_Project/output/s3x_lpm.o
                0x0000000000004070                s3x_setup_systick_interrupt
 .text.SysTick_Handler
                0x00000000000040c4       0x12 /data/data/com.termux/files/home/arm-examples/sevenseg/GCC_Project/output/s3x_lpm.o
                0x00000000000040c4                SysTick_Handler
 *fill*         0x00000000000040d6        0x2 
 .text.s3x_get_pi
                0x00000000000040d8       0x20 /data/data/com.termux/files/home/arm-examples/sevenseg/GCC_Project/output/s3x_pi.o
                0x00000000000040d8                s3x_get_pi
 .text.s3x_get_pi_gindex
                0x00000000000040f8       0x14 /data/data/com.termux/files/home/arm-examples/sevenseg/GCC_Project/output/s3x_pi.o
                0x00000000000040f8                s3x_get_pi_gindex
 .text.s3x_pi_get_st
                0x000000000000410c       0x24 /data/data/com.termux/files/home/arm-examples/sevenseg/GCC_Project/output/s3x_pi.o
                0x000000000000410c                s3x_pi_get_st
 .text.s3x_pi_set_cfg_st
                0x0000000000004130       0x94 /data/data/com.termux/files/home/arm-examples/sevenseg/GCC_Project/output/s3x_pi.o
                0x0000000000004130                s3x_pi_set_cfg_st
 .text.s3x_pi_set_active_st
                0x00000000000041c4       0xa0 /data/data/com.termux/files/home/arm-examples/sevenseg/GCC_Project/output/s3x_pi.o
                0x00000000000041c4                s3x_pi_set_active_st
 .text.s3x_pi_get_clkg_st
                0x0000000000004264       0x36 /data/data/com.termux/files/home/arm-examples/sevenseg/GCC_Project/output/s3x_pi.o
                0x0000000000004264                s3x_pi_get_clkg_st
 .text.s3x_pi_set_clkg_st
                0x000000000000429a       0x26 /data/data/com.termux/files/home/arm-examples/sevenseg/GCC_Project/output/s3x_pi.o
                0x000000000000429a                s3x_pi_set_clkg_st
 .text.s3x_set_pi_state
                0x00000000000042c0        0xc /data/data/com.termux/files/home/arm-examples/sevenseg/GCC_Project/output/s3x_pi.o
                0x00000000000042c0                s3x_set_pi_state
 .text.s3x_get_pi_init_state
                0x00000000000042cc       0x18 /data/data/com.termux/files/home/arm-examples/sevenseg/GCC_Project/output/s3x_pi.o
                0x00000000000042cc                s3x_get_pi_init_state
 .text.S3x_pi_init
                0x00000000000042e4       0x20 /data/data/com.termux/files/home/arm-examples/sevenseg/GCC_Project/output/s3x_pi.o
                0x00000000000042e4                S3x_pi_init
 .text.S3x_pwrcfg_init
                0x0000000000004304       0x2c /data/data/com.termux/files/home/arm-examples/sevenseg/GCC_Project/output/s3x_pwrcfg.o
                0x0000000000004304                S3x_pwrcfg_init
 .text.S3x_get_qos_rate
                0x0000000000004330       0x38 /data/data/com.termux/files/home/arm-examples/sevenseg/GCC_Project/output/s3x_qos.o
                0x0000000000004330                S3x_get_qos_rate
 .text.save_assert_info
                0x0000000000004368       0x74 /data/data/com.termux/files/home/arm-examples/sevenseg/GCC_Project/output/sec_debug.o
                0x0000000000004368                save_assert_info
 .text.invoke_soft_fault
                0x00000000000043dc       0x20 /data/data/com.termux/files/home/arm-examples/sevenseg/GCC_Project/output/sec_debug.o
                0x00000000000043dc                invoke_soft_fault
 .text.Reset_Handler
                0x00000000000043fc       0x2c /data/data/com.termux/files/home/arm-examples/sevenseg/GCC_Project/output/startup_EOSS3B_GCC.o
                0x00000000000043fc                Reset_Handler
 .text.__semihost_call
                0x0000000000004428        0x6 /data/data/com.termux/files/home/arm-examples/sevenseg/GCC_Project/output/startup_EOSS3B_GCC.o
                0x0000000000004428                __semihost_call
 *fill*         0x000000000000442e        0x2 
 .text.prvResetNextTaskUnblockTime
                0x0000000000004430       0x24 /data/data/com.termux/files/home/arm-examples/sevenseg/GCC_Project/output/tasks.o
 .text.prvAddCurrentTaskToDelayedList
                0x0000000000004454       0x8c /data/data/com.termux/files/home/arm-examples/sevenseg/GCC_Project/output/tasks.o
 .text.xTaskCreate
                0x00000000000044e0      0x1dc /data/data/com.termux/files/home/arm-examples/sevenseg/GCC_Project/output/tasks.o
                0x00000000000044e0                xTaskCreate
 .text.vTaskSuspendAll
                0x00000000000046bc       0x10 /data/data/com.termux/files/home/arm-examples/sevenseg/GCC_Project/output/tasks.o
                0x00000000000046bc                vTaskSuspendAll
 .text.xTaskGetTickCount
                0x00000000000046cc        0xc /data/data/com.termux/files/home/arm-examples/sevenseg/GCC_Project/output/tasks.o
                0x00000000000046cc                xTaskGetTickCount
 .text.xTaskIncrementTick
                0x00000000000046d8      0x144 /data/data/com.termux/files/home/arm-examples/sevenseg/GCC_Project/output/tasks.o
                0x00000000000046d8                xTaskIncrementTick
 .text.xTaskResumeAll
                0x000000000000481c       0xfc /data/data/com.termux/files/home/arm-examples/sevenseg/GCC_Project/output/tasks.o
                0x000000000000481c                xTaskResumeAll
 .text.vTaskDelay
                0x0000000000004918       0x60 /data/data/com.termux/files/home/arm-examples/sevenseg/GCC_Project/output/tasks.o
                0x0000000000004918                vTaskDelay
 .text.vTaskSwitchContext
                0x0000000000004978       0xb8 /data/data/com.termux/files/home/arm-examples/sevenseg/GCC_Project/output/tasks.o
                0x0000000000004978                vTaskSwitchContext
 .text.vTaskPlaceOnEventList
                0x0000000000004a30       0x48 /data/data/com.termux/files/home/arm-examples/sevenseg/GCC_Project/output/tasks.o
                0x0000000000004a30                vTaskPlaceOnEventList
 .text.xTaskRemoveFromEventList
                0x0000000000004a78       0x98 /data/data/com.termux/files/home/arm-examples/sevenseg/GCC_Project/output/tasks.o
                0x0000000000004a78                xTaskRemoveFromEventList
 .text.vTaskInternalSetTimeOutState
                0x0000000000004b10       0x18 /data/data/com.termux/files/home/arm-examples/sevenseg/GCC_Project/output/tasks.o
                0x0000000000004b10                vTaskInternalSetTimeOutState
 .text.xTaskCheckForTimeOut
                0x0000000000004b28       0x94 /data/data/com.termux/files/home/arm-examples/sevenseg/GCC_Project/output/tasks.o
                0x0000000000004b28                xTaskCheckForTimeOut
 .text.vTaskMissedYield
                0x0000000000004bbc        0xc /data/data/com.termux/files/home/arm-examples/sevenseg/GCC_Project/output/tasks.o
                0x0000000000004bbc                vTaskMissedYield
 .text.uxTaskGetTCBNumber
                0x0000000000004bc8       0x14 /data/data/com.termux/files/home/arm-examples/sevenseg/GCC_Project/output/tasks.o
                0x0000000000004bc8                uxTaskGetTCBNumber
 .text.xTaskGetCurrentTaskHandle
                0x0000000000004bdc        0xc /data/data/com.termux/files/home/arm-examples/sevenseg/GCC_Project/output/tasks.o
                0x0000000000004bdc                xTaskGetCurrentTaskHandle
 .text.xTaskGetSchedulerState
                0x0000000000004be8       0x20 /data/data/com.termux/files/home/arm-examples/sevenseg/GCC_Project/output/tasks.o
                0x0000000000004be8                xTaskGetSchedulerState
 .text.xTaskPriorityInherit
                0x0000000000004c08       0xa4 /data/data/com.termux/files/home/arm-examples/sevenseg/GCC_Project/output/tasks.o
                0x0000000000004c08                xTaskPriorityInherit
 .text.xTaskPriorityDisinherit
                0x0000000000004cac       0xc0 /data/data/com.termux/files/home/arm-examples/sevenseg/GCC_Project/output/tasks.o
                0x0000000000004cac                xTaskPriorityDisinherit
 .text.vTaskPriorityDisinheritAfterTimeout
                0x0000000000004d6c       0xd0 /data/data/com.termux/files/home/arm-examples/sevenseg/GCC_Project/output/tasks.o
                0x0000000000004d6c                vTaskPriorityDisinheritAfterTimeout
 .text.pvTaskIncrementMutexHeldCount
                0x0000000000004e3c       0x18 /data/data/com.termux/files/home/arm-examples/sevenseg/GCC_Project/output/tasks.o
                0x0000000000004e3c                pvTaskIncrementMutexHeldCount
 .text.prvCheckForValidListAndQueue
                0x0000000000004e54       0x58 /data/data/com.termux/files/home/arm-examples/sevenseg/GCC_Project/output/timers.o
 .text.xTimerCreate
                0x0000000000004eac       0x58 /data/data/com.termux/files/home/arm-examples/sevenseg/GCC_Project/output/timers.o
                0x0000000000004eac                xTimerCreate
 .text.xTimerGenericCommand
                0x0000000000004f04       0x70 /data/data/com.termux/files/home/arm-examples/sevenseg/GCC_Project/output/timers.o
                0x0000000000004f04                xTimerGenericCommand
 .text          0x0000000000004f74       0x30 /usr/lib/gcc/arm-none-eabi/8.3.1/thumb/v7e-m+fp/hard/libgcc.a(_aeabi_uldivmod.o)
                0x0000000000004f74                __aeabi_uldivmod
 .text          0x0000000000004fa4      0x2d0 /usr/lib/gcc/arm-none-eabi/8.3.1/thumb/v7e-m+fp/hard/libgcc.a(_udivmoddi4.o)
                0x0000000000004fa4                __udivmoddi4
 .text          0x0000000000005274        0x4 /usr/lib/gcc/arm-none-eabi/8.3.1/thumb/v7e-m+fp/hard/libgcc.a(_dvmd_tls.o)
                0x0000000000005274                __aeabi_ldiv0
                0x0000000000005274                __aeabi_idiv0
 .text          0x0000000000005278        0xc /usr/lib/gcc/arm-none-eabi/8.3.1/../../../arm-none-eabi/lib/thumb/v7e-m+fp/hard/libg_nano.a(lib_a-atexit.o)
                0x0000000000005278                atexit
 .text          0x0000000000005284       0x28 /usr/lib/gcc/arm-none-eabi/8.3.1/../../../arm-none-eabi/lib/thumb/v7e-m+fp/hard/libg_nano.a(lib_a-exit.o)
                0x0000000000005284                exit
 .text          0x00000000000052ac       0x34 /usr/lib/gcc/arm-none-eabi/8.3.1/../../../arm-none-eabi/lib/thumb/v7e-m+fp/hard/libg_nano.a(lib_a-fini.o)
                0x00000000000052ac                __libc_fini_array
 .text          0x00000000000052e0       0x48 /usr/lib/gcc/arm-none-eabi/8.3.1/../../../arm-none-eabi/lib/thumb/v7e-m+fp/hard/libg_nano.a(lib_a-init.o)
                0x00000000000052e0                __libc_init_array
 .text          0x0000000000005328       0x20 /usr/lib/gcc/arm-none-eabi/8.3.1/../../../arm-none-eabi/lib/thumb/v7e-m+fp/hard/libg_nano.a(lib_a-malloc.o)
                0x0000000000005328                malloc
                0x0000000000005338                free
 .text          0x0000000000005348      0x134 /usr/lib/gcc/arm-none-eabi/8.3.1/../../../arm-none-eabi/lib/thumb/v7e-m+fp/hard/libg_nano.a(lib_a-memcpy.o)
                0x0000000000005348                memcpy
 .text          0x000000000000547c       0xa0 /usr/lib/gcc/arm-none-eabi/8.3.1/../../../arm-none-eabi/lib/thumb/v7e-m+fp/hard/libg_nano.a(lib_a-memset.o)
                0x000000000000547c                memset
 .text          0x000000000000551c       0xac /usr/lib/gcc/arm-none-eabi/8.3.1/../../../arm-none-eabi/lib/thumb/v7e-m+fp/hard/libg_nano.a(lib_a-nano-freer.o)
                0x000000000000551c                _free_r
 .text          0x00000000000055c8       0xc8 /usr/lib/gcc/arm-none-eabi/8.3.1/../../../arm-none-eabi/lib/thumb/v7e-m+fp/hard/libg_nano.a(lib_a-nano-mallocr.o)
                0x00000000000055c8                _malloc_r
 .text          0x0000000000005690       0x68 /usr/lib/gcc/arm-none-eabi/8.3.1/../../../arm-none-eabi/lib/thumb/v7e-m+fp/hard/libg_nano.a(lib_a-printf.o)
                0x0000000000005690                _printf_r
                0x0000000000005690                _iprintf_r
                0x00000000000056c0                printf
                0x00000000000056c0                iprintf
 .text          0x00000000000056f8       0xe8 /usr/lib/gcc/arm-none-eabi/8.3.1/../../../arm-none-eabi/lib/thumb/v7e-m+fp/hard/libg_nano.a(lib_a-puts.o)
                0x00000000000056f8                _puts_r
                0x00000000000057d0                puts
 .text          0x00000000000057e0       0x24 /usr/lib/gcc/arm-none-eabi/8.3.1/../../../arm-none-eabi/lib/thumb/v7e-m+fp/hard/libg_nano.a(lib_a-sbrkr.o)
                0x00000000000057e0                _sbrk_r
 .text          0x0000000000005804       0x1c /usr/lib/gcc/arm-none-eabi/8.3.1/../../../arm-none-eabi/lib/thumb/v7e-m+fp/hard/libg_nano.a(lib_a-setjmp.o)
                0x0000000000005804                setjmp
                0x0000000000005810                longjmp
 .text          0x0000000000005820      0x110 /usr/lib/gcc/arm-none-eabi/8.3.1/../../../arm-none-eabi/lib/thumb/v7e-m+fp/hard/libg_nano.a(lib_a-snprintf.o)
                0x0000000000005820                _sniprintf_r
                0x0000000000005820                _snprintf_r
                0x00000000000058a4                snprintf
                0x00000000000058a4                sniprintf
 .text          0x0000000000005930       0x80 /usr/lib/gcc/arm-none-eabi/8.3.1/../../../arm-none-eabi/lib/thumb/v7e-m+fp/hard/libg_nano.a(lib_a-sprintf.o)
                0x0000000000005930                _siprintf_r
                0x0000000000005930                _sprintf_r
                0x000000000000596c                sprintf
                0x000000000000596c                siprintf
 .text          0x00000000000059b0       0xc8 /usr/lib/gcc/arm-none-eabi/8.3.1/../../../arm-none-eabi/lib/thumb/v7e-m+fp/hard/libg_nano.a(lib_a-strchr.o)
                0x00000000000059b0                strchr
 *fill*         0x0000000000005a78        0x8 
 .text          0x0000000000005a80      0x2dc /usr/lib/gcc/arm-none-eabi/8.3.1/../../../arm-none-eabi/lib/thumb/v7e-m+fp/hard/libg_nano.a(lib_a-strcmp.o)
                0x0000000000005a88                strcmp
 .text          0x0000000000005d5c       0xbc /usr/lib/gcc/arm-none-eabi/8.3.1/../../../arm-none-eabi/lib/thumb/v7e-m+fp/hard/libg_nano.a(lib_a-strcpy.o)
                0x0000000000005d5c                strcpy
 *fill*         0x0000000000005e18       0x28 
 .text          0x0000000000005e40       0xdc /usr/lib/gcc/arm-none-eabi/8.3.1/../../../arm-none-eabi/lib/thumb/v7e-m+fp/hard/libg_nano.a(lib_a-strlen.o)
                0x0000000000005e40                strlen
 .text          0x0000000000005f1c       0x74 /usr/lib/gcc/arm-none-eabi/8.3.1/../../../arm-none-eabi/lib/thumb/v7e-m+fp/hard/libg_nano.a(lib_a-strncpy.o)
                0x0000000000005f1c                strncpy
 .text          0x0000000000005f90       0x24 /usr/lib/gcc/arm-none-eabi/8.3.1/../../../arm-none-eabi/lib/thumb/v7e-m+fp/hard/libg_nano.a(lib_a-strrchr.o)
                0x0000000000005f90                strrchr
 .text          0x0000000000005fb4       0x70 /usr/lib/gcc/arm-none-eabi/8.3.1/../../../arm-none-eabi/lib/thumb/v7e-m+fp/hard/libg_nano.a(lib_a-strtok_r.o)
                0x0000000000005fb4                __strtok_r
                0x000000000000601c                strtok_r
 .text          0x0000000000006024      0x1c4 /usr/lib/gcc/arm-none-eabi/8.3.1/../../../arm-none-eabi/lib/thumb/v7e-m+fp/hard/libg_nano.a(lib_a-strtoll.o)
                0x00000000000061b4                _strtoll_r
                0x00000000000061b8                strtoll_l
                0x00000000000061d0                strtoll
 .text          0x00000000000061e8      0x1f8 /usr/lib/gcc/arm-none-eabi/8.3.1/../../../arm-none-eabi/lib/thumb/v7e-m+fp/hard/libg_nano.a(lib_a-strtoull.o)
                0x00000000000063ac                _strtoull_r
                0x00000000000063b0                strtoull_l
                0x00000000000063c8                strtoull
 .text          0x00000000000063e0       0x88 /usr/lib/gcc/arm-none-eabi/8.3.1/../../../arm-none-eabi/lib/thumb/v7e-m+fp/hard/libg_nano.a(lib_a-vsnprintf.o)
                0x00000000000063e0                _vsnprintf_r
                0x00000000000063e0                _vsniprintf_r
                0x000000000000644c                vsnprintf
                0x000000000000644c                vsniprintf
 .text          0x0000000000006468       0xc0 /usr/lib/gcc/arm-none-eabi/8.3.1/../../../arm-none-eabi/lib/thumb/v7e-m+fp/hard/libg_nano.a(lib_a-wbuf.o)
                0x0000000000006468                __swbuf_r
                0x0000000000006518                __swbuf
 .text          0x0000000000006528      0x100 /usr/lib/gcc/arm-none-eabi/8.3.1/../../../arm-none-eabi/lib/thumb/v7e-m+fp/hard/libg_nano.a(lib_a-wsetup.o)
                0x0000000000006528                __swsetup_r
 .text          0x0000000000006628       0xa0 /usr/lib/gcc/arm-none-eabi/8.3.1/../../../arm-none-eabi/lib/thumb/v7e-m+fp/hard/libg_nano.a(lib_a-__atexit.o)
                0x0000000000006628                __register_exitproc
 .text          0x00000000000066c8       0x9c /usr/lib/gcc/arm-none-eabi/8.3.1/../../../arm-none-eabi/lib/thumb/v7e-m+fp/hard/libg_nano.a(lib_a-__call_atexit.o)
                0x00000000000066c8                __call_exitprocs
 .text          0x0000000000006764      0x1b0 /usr/lib/gcc/arm-none-eabi/8.3.1/../../../arm-none-eabi/lib/thumb/v7e-m+fp/hard/libg_nano.a(lib_a-fflush.o)
                0x0000000000006764                __sflush_r
                0x0000000000006890                _fflush_r
                0x00000000000068f0                fflush
 .text          0x0000000000006914      0x210 /usr/lib/gcc/arm-none-eabi/8.3.1/../../../arm-none-eabi/lib/thumb/v7e-m+fp/hard/libg_nano.a(lib_a-findfp.o)
                0x0000000000006918                _cleanup_r
                0x0000000000006928                __sfmoreglue
                0x0000000000006958                __sfp
                0x0000000000006ad0                _cleanup
                0x0000000000006ae4                __sinit
                0x0000000000006aec                __sfp_lock_acquire
                0x0000000000006af0                __sfp_lock_release
                0x0000000000006af4                __sinit_lock_acquire
                0x0000000000006af8                __sinit_lock_release
                0x0000000000006afc                __fp_lock_all
                0x0000000000006b10                __fp_unlock_all
 .text          0x0000000000006b24       0xa0 /usr/lib/gcc/arm-none-eabi/8.3.1/../../../arm-none-eabi/lib/thumb/v7e-m+fp/hard/libg_nano.a(lib_a-fwalk.o)
                0x0000000000006b24                _fwalk
                0x0000000000006b70                _fwalk_reent
 .text          0x0000000000006bc4       0xf0 /usr/lib/gcc/arm-none-eabi/8.3.1/../../../arm-none-eabi/lib/thumb/v7e-m+fp/hard/libg_nano.a(lib_a-makebuf.o)
                0x0000000000006bc4                __swhatbuf_r
                0x0000000000006c20                __smakebuf_r
 .text          0x0000000000006cb4        0x8 /usr/lib/gcc/arm-none-eabi/8.3.1/../../../arm-none-eabi/lib/thumb/v7e-m+fp/hard/libg_nano.a(lib_a-mlock.o)
                0x0000000000006cb4                __malloc_lock
                0x0000000000006cb8                __malloc_unlock
 .text          0x0000000000006cbc      0x42c /usr/lib/gcc/arm-none-eabi/8.3.1/../../../arm-none-eabi/lib/thumb/v7e-m+fp/hard/libg_nano.a(lib_a-nano-svfprintf.o)
                0x0000000000006cbc                __ssputs_r
                0x0000000000006d7c                __ssprint_r
                0x0000000000006e74                _svfprintf_r
                0x0000000000006e74                _svfiprintf_r
 .text          0x00000000000070e8      0x364 /usr/lib/gcc/arm-none-eabi/8.3.1/../../../arm-none-eabi/lib/thumb/v7e-m+fp/hard/libg_nano.a(lib_a-nano-vfprintf.o)
                0x0000000000007124                __sfputs_r
                0x0000000000007154                __sprint_r
                0x0000000000007170                _vfiprintf_r
                0x0000000000007170                _vfprintf_r
                0x0000000000007434                vfiprintf
                0x0000000000007434                vfprintf
 .text          0x000000000000744c      0x3c4 /usr/lib/gcc/arm-none-eabi/8.3.1/../../../arm-none-eabi/lib/thumb/v7e-m+fp/hard/libg_nano.a(lib_a-nano-vfprintf_i.o)
                0x000000000000744c                _printf_common
                0x0000000000007578                _printf_i
 .text          0x0000000000007810       0x90 /usr/lib/gcc/arm-none-eabi/8.3.1/../../../arm-none-eabi/lib/thumb/v7e-m+fp/hard/libg_nano.a(lib_a-stdio.o)
                0x0000000000007810                __sread
                0x0000000000007834                __seofread
                0x0000000000007838                __swrite
                0x0000000000007878                __sseek
                0x0000000000007898                __sclose
 .text          0x00000000000078a0       0x2c /usr/lib/gcc/arm-none-eabi/8.3.1/../../../arm-none-eabi/lib/thumb/v7e-m+fp/hard/libg_nano.a(lib_a-writer.o)
                0x00000000000078a0                _write_r
 .text          0x00000000000078cc       0x24 /usr/lib/gcc/arm-none-eabi/8.3.1/../../../arm-none-eabi/lib/thumb/v7e-m+fp/hard/libg_nano.a(lib_a-closer.o)
                0x00000000000078cc                _close_r
 .text          0x00000000000078f0       0x28 /usr/lib/gcc/arm-none-eabi/8.3.1/../../../arm-none-eabi/lib/thumb/v7e-m+fp/hard/libg_nano.a(lib_a-fstatr.o)
                0x00000000000078f0                _fstat_r
 .text          0x0000000000007918      0x308 /usr/lib/gcc/arm-none-eabi/8.3.1/../../../arm-none-eabi/lib/thumb/v7e-m+fp/hard/libg_nano.a(lib_a-fvwrite.o)
                0x0000000000007918                __sfvwrite_r
 .text          0x0000000000007c20       0x24 /usr/lib/gcc/arm-none-eabi/8.3.1/../../../arm-none-eabi/lib/thumb/v7e-m+fp/hard/libg_nano.a(lib_a-isattyr.o)
                0x0000000000007c20                _isatty_r
 .text          0x0000000000007c44       0x2c /usr/lib/gcc/arm-none-eabi/8.3.1/../../../arm-none-eabi/lib/thumb/v7e-m+fp/hard/libg_nano.a(lib_a-lseekr.o)
                0x0000000000007c44                _lseek_r
 .text          0x0000000000007c70       0xa0 /usr/lib/gcc/arm-none-eabi/8.3.1/../../../arm-none-eabi/lib/thumb/v7e-m+fp/hard/libg_nano.a(lib_a-memchr.o)
                0x0000000000007c70                memchr
 .text          0x0000000000007d10       0xd0 /usr/lib/gcc/arm-none-eabi/8.3.1/../../../arm-none-eabi/lib/thumb/v7e-m+fp/hard/libg_nano.a(lib_a-memmove.o)
                0x0000000000007d10                memmove
 .text          0x0000000000007de0       0x4c /usr/lib/gcc/arm-none-eabi/8.3.1/../../../arm-none-eabi/lib/thumb/v7e-m+fp/hard/libg_nano.a(lib_a-nano-reallocr.o)
                0x0000000000007de0                _realloc_r
 .text          0x0000000000007e2c       0x2c /usr/lib/gcc/arm-none-eabi/8.3.1/../../../arm-none-eabi/lib/thumb/v7e-m+fp/hard/libg_nano.a(lib_a-readr.o)
                0x0000000000007e2c                _read_r
 .text          0x0000000000007e58       0x10 /usr/lib/gcc/arm-none-eabi/8.3.1/../../../arm-none-eabi/lib/thumb/v7e-m+fp/hard/libg_nano.a(lib_a-nano-msizer.o)
                0x0000000000007e58                _malloc_usable_size_r
 .text          0x0000000000007e68       0x10 /usr/lib/gcc/arm-none-eabi/8.3.1/../../../arm-none-eabi/lib/thumb/v7e-m+fp/hard/libnosys.a(fstat.o)
                0x0000000000007e68                _fstat
 .text          0x0000000000007e78       0x10 /usr/lib/gcc/arm-none-eabi/8.3.1/../../../arm-none-eabi/lib/thumb/v7e-m+fp/hard/libnosys.a(isatty.o)
                0x0000000000007e78                _isatty
 .text          0x0000000000007e88       0x1c /usr/lib/gcc/arm-none-eabi/8.3.1/../../../arm-none-eabi/lib/thumb/v7e-m+fp/hard/libnosys.a(sbrk.o)
                0x0000000000007e88                _sbrk
 .text          0x0000000000007ea4        0x4 /usr/lib/gcc/arm-none-eabi/8.3.1/../../../arm-none-eabi/lib/thumb/v7e-m+fp/hard/libnosys.a(_exit.o)
                0x0000000000007ea4                _exit
 *(.init)
 .init          0x0000000000007ea8        0x4 /usr/lib/gcc/arm-none-eabi/8.3.1/thumb/v7e-m+fp/hard/crti.o
                0x0000000000007ea8                _init
 .init          0x0000000000007eac        0x8 /usr/lib/gcc/arm-none-eabi/8.3.1/thumb/v7e-m+fp/hard/crtn.o
 *(.fini)
 .fini          0x0000000000007eb4        0x4 /usr/lib/gcc/arm-none-eabi/8.3.1/thumb/v7e-m+fp/hard/crti.o
                0x0000000000007eb4                _fini
 .fini          0x0000000000007eb8        0x8 /usr/lib/gcc/arm-none-eabi/8.3.1/thumb/v7e-m+fp/hard/crtn.o
 *crtbegin.o(.ctors)
 *crtbegin?.o(.ctors)
 *(EXCLUDE_FILE(*crtend.o *crtend?.o) .ctors)
 *(SORT_BY_NAME(.ctors.*))
 *(.ctors)
 *crtbegin.o(.dtors)
 *crtbegin?.o(.dtors)
 *(EXCLUDE_FILE(*crtend.o *crtend?.o) .dtors)
 *(SORT_BY_NAME(.dtors.*))
 *(.dtors)
 *(.rodata*)
 .rodata.CLI_numX_getshow_X.str1.1
                0x0000000000007ec0       0x23 /data/data/com.termux/files/home/arm-examples/sevenseg/GCC_Project/output/cli_args.o
 .rodata.CLI_string_ptr_get_subcmd.str1.1
                0x0000000000007ee3        0xc /data/data/com.termux/files/home/arm-examples/sevenseg/GCC_Project/output/cli_args.o
 .rodata.CLI_cmd_stack_pop.str1.1
                0x0000000000007eef       0x16 /data/data/com.termux/files/home/arm-examples/sevenseg/GCC_Project/output/cli_loop.o
 .rodata.CLI_cmd_stack_push.str1.1
                0x0000000000007f05       0x1a /data/data/com.termux/files/home/arm-examples/sevenseg/GCC_Project/output/cli_loop.o
 .rodata.CLI_dispatch.str1.1
                0x0000000000007f1f       0x21 /data/data/com.termux/files/home/arm-examples/sevenseg/GCC_Project/output/cli_loop.o
 .rodata.CLI_dispatch_subcmd.str1.1
                0x0000000000007f40       0x2a /data/data/com.termux/files/home/arm-examples/sevenseg/GCC_Project/output/cli_loop.o
 .rodata.CLI_print_prompt.str1.1
                0x0000000000007f6a        0xd /data/data/com.termux/files/home/arm-examples/sevenseg/GCC_Project/output/cli_loop.o
 .rodata.CLI_rx_byte.str1.1
                0x0000000000007f77        0x9 /data/data/com.termux/files/home/arm-examples/sevenseg/GCC_Project/output/cli_loop.o
 .rodata.CLI_verror.str1.1
                0x0000000000007f80        0x8 /data/data/com.termux/files/home/arm-examples/sevenseg/GCC_Project/output/cli_loop.o
 .rodata._backspace.7305
                0x0000000000007f88        0x4 /data/data/com.termux/files/home/arm-examples/sevenseg/GCC_Project/output/cli_loop.o
 .rodata.handle_exit.str1.1
                0x0000000000007f8c        0xa /data/data/com.termux/files/home/arm-examples/sevenseg/GCC_Project/output/cli_loop.o
 .rodata.handle_help.str1.1
                0x0000000000007f96       0x2e /data/data/com.termux/files/home/arm-examples/sevenseg/GCC_Project/output/cli_loop.o
                                         0x33 (size before relaxing)
 .rodata.std_cmds
                0x0000000000007fc4       0x40 /data/data/com.termux/files/home/arm-examples/sevenseg/GCC_Project/output/cli_loop.o
 .rodata.str1.1
                0x0000000000008004       0x21 /data/data/com.termux/files/home/arm-examples/sevenseg/GCC_Project/output/cli_loop.o
                                         0x26 (size before relaxing)
 .rodata.CLI_error_missing_parameter.str1.1
                0x0000000000008025        0xd /data/data/com.termux/files/home/arm-examples/sevenseg/GCC_Project/output/cli_misc.o
 .rodata.CLI_error_not_a_number.str1.1
                0x0000000000008032       0x17 /data/data/com.termux/files/home/arm-examples/sevenseg/GCC_Project/output/cli_misc.o
 .rodata.CLI_start_task.str1.1
                0x0000000000008049       0x5a /data/data/com.termux/files/home/arm-examples/sevenseg/GCC_Project/output/cli_platform.o
 .rodata.CLI_task.str1.1
                0x00000000000080a3       0x42 /data/data/com.termux/files/home/arm-examples/sevenseg/GCC_Project/output/cli_platform.o
 .rodata._colon_tt.8560
                0x00000000000080e5        0x4 /data/data/com.termux/files/home/arm-examples/sevenseg/GCC_Project/output/dbg_uart.o
 .rodata.dbg_str.str1.1
                0x00000000000080e9        0x3 /data/data/com.termux/files/home/arm-examples/sevenseg/GCC_Project/output/dbg_uart.o
 .rodata.HAL_PAD_Config.str1.1
                0x00000000000080ec       0x54 /data/data/com.termux/files/home/arm-examples/sevenseg/GCC_Project/output/eoss3_hal_pad_config.o
 .rodata.IO_INPUT_PAD_SEL
                0x0000000000008140       0x10 /data/data/com.termux/files/home/arm-examples/sevenseg/GCC_Project/output/eoss3_hal_pad_config.o
                0x0000000000008140                IO_INPUT_PAD_SEL
 .rodata.SEL_EXT_PAD_REGS
                0x0000000000008150      0x160 /data/data/com.termux/files/home/arm-examples/sevenseg/GCC_Project/output/eoss3_hal_pad_config.o
                0x0000000000008150                SEL_EXT_PAD_REGS
 .rodata.unlock_spi1_bus.str1.1
                0x00000000000082b0       0x36 /data/data/com.termux/files/home/arm-examples/sevenseg/GCC_Project/output/eoss3_hal_spi.o
 .rodata.HAL_Timer_ISR.str1.1
                0x00000000000082e6       0x20 /data/data/com.termux/files/home/arm-examples/sevenseg/GCC_Project/output/eoss3_hal_timer.o
 .rodata.SendEventToTimerThread.str1.1
                0x0000000000008306       0x82 /data/data/com.termux/files/home/arm-examples/sevenseg/GCC_Project/output/eoss3_hal_timer.o
 .rodata.__FUNCTION__.9321
                0x0000000000008388        0xe /data/data/com.termux/files/home/arm-examples/sevenseg/GCC_Project/output/eoss3_hal_timer.o
 .rodata.CSWTCH.15
                0x0000000000008396        0x4 /data/data/com.termux/files/home/arm-examples/sevenseg/GCC_Project/output/eoss3_hal_uart.o
 *fill*         0x000000000000839a        0x2 
 .rodata.CSWTCH.16
                0x000000000000839c       0x28 /data/data/com.termux/files/home/arm-examples/sevenseg/GCC_Project/output/eoss3_hal_uart.o
 .rodata.uart_init.str1.1
                0x00000000000083c4        0xc /data/data/com.termux/files/home/arm-examples/sevenseg/GCC_Project/output/eoss3_hal_uart.o
 .rodata.WDT_ISR.str1.1
                0x00000000000083d0       0x4d /data/data/com.termux/files/home/arm-examples/sevenseg/GCC_Project/output/eoss3_hal_wdt.o
 .rodata.__FUNCTION__.8685
                0x000000000000841d        0x8 /data/data/com.termux/files/home/arm-examples/sevenseg/GCC_Project/output/eoss3_hal_wdt.o
 .rodata.prvGetRegistersFromStack.str1.1
                0x0000000000008425       0x41 /data/data/com.termux/files/home/arm-examples/sevenseg/GCC_Project/output/exceptions.o
                                         0x44 (size before relaxing)
 .rodata.spurious_interrupt.str1.1
                0x0000000000008466        0xd /data/data/com.termux/files/home/arm-examples/sevenseg/GCC_Project/output/exceptions.o
 .rodata.vApplicationMallocFailedHook.str1.1
                0x0000000000008473       0x20 /data/data/com.termux/files/home/arm-examples/sevenseg/GCC_Project/output/exceptions.o
 .rodata.vApplicationStackOverflowHook.str1.1
                0x0000000000008493       0x21 /data/data/com.termux/files/home/arm-examples/sevenseg/GCC_Project/output/exceptions.o
 .rodata.pvPortMalloc.str1.1
                0x00000000000084b4       0x58 /data/data/com.termux/files/home/arm-examples/sevenseg/GCC_Project/output/heap_4.o
 .rodata.vPortFree.str1.1
                0x000000000000850c       0x35 /data/data/com.termux/files/home/arm-examples/sevenseg/GCC_Project/output/heap_4.o
 .rodata.main.str1.1
                0x0000000000008541       0xcb /data/data/com.termux/files/home/arm-examples/sevenseg/GCC_Project/output/main.o
                                         0xd0 (size before relaxing)
 .rodata.get_gpio_value.str1.1
                0x000000000000860c       0x11 /data/data/com.termux/files/home/arm-examples/sevenseg/GCC_Project/output/main_dbg_cli_menu.o
 *fill*         0x000000000000861d        0x3 
 .rodata.my_main_menu
                0x0000000000008620       0x20 /data/data/com.termux/files/home/arm-examples/sevenseg/GCC_Project/output/main_dbg_cli_menu.o
                0x0000000000008620                my_main_menu
 .rodata.qorc_gpioctlr
                0x0000000000008640       0x40 /data/data/com.termux/files/home/arm-examples/sevenseg/GCC_Project/output/main_dbg_cli_menu.o
                0x0000000000008640                qorc_gpioctlr
 .rodata.set_gpio_input.str1.1
                0x0000000000008680        0x3 /data/data/com.termux/files/home/arm-examples/sevenseg/GCC_Project/output/main_dbg_cli_menu.o
 .rodata.set_gpio_output.str1.1
                0x0000000000008683        0x3 /data/data/com.termux/files/home/arm-examples/sevenseg/GCC_Project/output/main_dbg_cli_menu.o
                                          0x4 (size before relaxing)
 .rodata.str1.1
                0x0000000000008683       0x6e /data/data/com.termux/files/home/arm-examples/sevenseg/GCC_Project/output/main_dbg_cli_menu.o
 .rodata.prvTaskExitError.str1.1
                0x00000000000086f1       0x6b /data/data/com.termux/files/home/arm-examples/sevenseg/GCC_Project/output/port.o
 .rodata.xQueueGenericReset.str1.1
                0x000000000000875c       0x46 /data/data/com.termux/files/home/arm-examples/sevenseg/GCC_Project/output/queue.o
 .rodata.S3x_Clk_Init.str1.1
                0x00000000000087a2       0x5c /data/data/com.termux/files/home/arm-examples/sevenseg/GCC_Project/output/s3x_clock.o
 .rodata.DFS_StartTimer.str1.1
                0x00000000000087fe       0x5d /data/data/com.termux/files/home/arm-examples/sevenseg/GCC_Project/output/s3x_dfs.o
 .rodata.S3x_Set_Policy.str1.1
                0x000000000000885b       0x17 /data/data/com.termux/files/home/arm-examples/sevenseg/GCC_Project/output/s3x_dfs.o
 .rodata.__func__.9034
                0x0000000000008872       0x15 /data/data/com.termux/files/home/arm-examples/sevenseg/GCC_Project/output/s3x_pi.o
 .rodata.s3x_pi_set_active_st.str1.1
                0x0000000000008887       0x2f /data/data/com.termux/files/home/arm-examples/sevenseg/GCC_Project/output/s3x_pi.o
 .rodata        0x00000000000088b6        0x8 /data/data/com.termux/files/home/arm-examples/sevenseg/GCC_Project/output/sec_debug.o
 .rodata.invoke_soft_fault.str1.1
                0x00000000000088be        0xc /data/data/com.termux/files/home/arm-examples/sevenseg/GCC_Project/output/sec_debug.o
 .rodata.save_assert_info.str1.1
                0x00000000000088ca       0x1c /data/data/com.termux/files/home/arm-examples/sevenseg/GCC_Project/output/sec_debug.o
 .rodata.prvTaskIsTaskSuspended.str1.1
                0x00000000000088e6       0x46 /data/data/com.termux/files/home/arm-examples/sevenseg/GCC_Project/output/tasks.o
 .rodata.prvCheckForValidListAndQueue.str1.1
                0x000000000000892c        0x5 /data/data/com.termux/files/home/arm-examples/sevenseg/GCC_Project/output/timers.o
 .rodata.xTimerCreateTimerTask.str1.1
                0x0000000000008931       0x4f /data/data/com.termux/files/home/arm-examples/sevenseg/GCC_Project/output/timers.o
 .rodata        0x0000000000008980        0x4 /usr/lib/gcc/arm-none-eabi/8.3.1/../../../arm-none-eabi/lib/thumb/v7e-m+fp/hard/libg_nano.a(lib_a-impure.o)
                0x0000000000008980                _global_impure_ptr
 .rodata        0x0000000000008984      0x101 /usr/lib/gcc/arm-none-eabi/8.3.1/../../../arm-none-eabi/lib/thumb/v7e-m+fp/hard/libg_nano.a(lib_a-ctype_.o)
                0x0000000000008984                _ctype_
 *fill*         0x0000000000008a85        0x3 
 .rodata        0x0000000000008a88       0x60 /usr/lib/gcc/arm-none-eabi/8.3.1/../../../arm-none-eabi/lib/thumb/v7e-m+fp/hard/libg_nano.a(lib_a-findfp.o)
                0x0000000000008a88                __sf_fake_stderr
                0x0000000000008aa8                __sf_fake_stdout
                0x0000000000008ac8                __sf_fake_stdin
 .rodata.str1.4
                0x0000000000008ae8       0x13 /usr/lib/gcc/arm-none-eabi/8.3.1/../../../arm-none-eabi/lib/thumb/v7e-m+fp/hard/libg_nano.a(lib_a-nano-svfprintf.o)
 .rodata.str1.4
                0x0000000000008afb       0x13 /usr/lib/gcc/arm-none-eabi/8.3.1/../../../arm-none-eabi/lib/thumb/v7e-m+fp/hard/libg_nano.a(lib_a-nano-vfprintf.o)
 *fill*         0x0000000000008afb        0x1 
 .rodata.str1.4
                0x0000000000008afc       0x25 /usr/lib/gcc/arm-none-eabi/8.3.1/../../../arm-none-eabi/lib/thumb/v7e-m+fp/hard/libg_nano.a(lib_a-nano-vfprintf_i.o)
 *(.eh_fram e*)

.eh_frame       0x0000000000008b24        0x0
 .eh_frame      0x0000000000008b24        0x0 /usr/lib/gcc/arm-none-eabi/8.3.1/thumb/v7e-m+fp/hard/crtbegin.o

.glue_7         0x0000000000008b24        0x0
 .glue_7        0x0000000000008b24        0x0 linker stubs
