Archive member included to satisfy reference by file (symbol)

/usr/lib/gcc/arm-none-eabi/8.3.1/thumb/v7e-m+fp/hard/libgcc.a(_arm_addsubdf3.o)
                              /data/data/com.termux/files/home/arm-examples/blink/GCC_Project/output/ql_test_signals.o (__aeabi_dadd)
/usr/lib/gcc/arm-none-eabi/8.3.1/thumb/v7e-m+fp/hard/libgcc.a(_arm_muldivdf3.o)
                              /data/data/com.termux/files/home/arm-examples/blink/GCC_Project/output/ql_test_signals.o (__aeabi_dmul)
/usr/lib/gcc/arm-none-eabi/8.3.1/thumb/v7e-m+fp/hard/libgcc.a(_arm_fixdfsi.o)
                              /data/data/com.termux/files/home/arm-examples/blink/GCC_Project/output/ql_test_signals.o (__aeabi_d2iz)
/usr/lib/gcc/arm-none-eabi/8.3.1/thumb/v7e-m+fp/hard/libgcc.a(_arm_truncdfsf2.o)
                              /data/data/com.termux/files/home/arm-examples/blink/GCC_Project/output/eoss3_hal_i2c.o (__aeabi_d2f)
/usr/lib/gcc/arm-none-eabi/8.3.1/thumb/v7e-m+fp/hard/libgcc.a(_aeabi_ldivmod.o)
                              /data/data/com.termux/files/home/arm-examples/blink/GCC_Project/output/dbg_uart.o (__aeabi_ldivmod)
/usr/lib/gcc/arm-none-eabi/8.3.1/thumb/v7e-m+fp/hard/libgcc.a(_aeabi_uldivmod.o)
                              /data/data/com.termux/files/home/arm-examples/blink/GCC_Project/output/s3x_lpm.o (__aeabi_uldivmod)
/usr/lib/gcc/arm-none-eabi/8.3.1/thumb/v7e-m+fp/hard/libgcc.a(_udivmoddi4.o)
                              /usr/lib/gcc/arm-none-eabi/8.3.1/thumb/v7e-m+fp/hard/libgcc.a(_aeabi_ldivmod.o) (__udivmoddi4)
/usr/lib/gcc/arm-none-eabi/8.3.1/thumb/v7e-m+fp/hard/libgcc.a(_dvmd_tls.o)
                              /usr/lib/gcc/arm-none-eabi/8.3.1/thumb/v7e-m+fp/hard/libgcc.a(_aeabi_ldivmod.o) (__aeabi_ldiv0)
/usr/lib/gcc/arm-none-eabi/8.3.1/../../../arm-none-eabi/lib/thumb/v7e-m+fp/hard/libg_nano.a(lib_a-atexit.o)
                              /usr/lib/gcc/arm-none-eabi/8.3.1/../../../arm-none-eabi/lib/thumb/v7e-m+fp/hard/crt0.o (atexit)
/usr/lib/gcc/arm-none-eabi/8.3.1/../../../arm-none-eabi/lib/thumb/v7e-m+fp/hard/libg_nano.a(lib_a-exit.o)
                              /usr/lib/gcc/arm-none-eabi/8.3.1/../../../arm-none-eabi/lib/thumb/v7e-m+fp/hard/crt0.o (exit)
/usr/lib/gcc/arm-none-eabi/8.3.1/../../../arm-none-eabi/lib/thumb/v7e-m+fp/hard/libg_nano.a(lib_a-fini.o)
                              /usr/lib/gcc/arm-none-eabi/8.3.1/../../../arm-none-eabi/lib/thumb/v7e-m+fp/hard/crt0.o (__libc_fini_array)
/usr/lib/gcc/arm-none-eabi/8.3.1/../../../arm-none-eabi/lib/thumb/v7e-m+fp/hard/libg_nano.a(lib_a-impure.o)
                              /usr/lib/gcc/arm-none-eabi/8.3.1/../../../arm-none-eabi/lib/thumb/v7e-m+fp/hard/libg_nano.a(lib_a-exit.o) (_global_impure_ptr)
/usr/lib/gcc/arm-none-eabi/8.3.1/../../../arm-none-eabi/lib/thumb/v7e-m+fp/hard/libg_nano.a(lib_a-init.o)
                              /usr/lib/gcc/arm-none-eabi/8.3.1/../../../arm-none-eabi/lib/thumb/v7e-m+fp/hard/crt0.o (__libc_init_array)
/usr/lib/gcc/arm-none-eabi/8.3.1/../../../arm-none-eabi/lib/thumb/v7e-m+fp/hard/libg_nano.a(lib_a-malloc.o)
                              /data/data/com.termux/files/home/arm-examples/blink/GCC_Project/output/circularBuffQueue.o (malloc)
/usr/lib/gcc/arm-none-eabi/8.3.1/../../../arm-none-eabi/lib/thumb/v7e-m+fp/hard/libg_nano.a(lib_a-memcpy.o)
                              /data/data/com.termux/files/home/arm-examples/blink/GCC_Project/output/cli_args.o (memcpy)
/usr/lib/gcc/arm-none-eabi/8.3.1/../../../arm-none-eabi/lib/thumb/v7e-m+fp/hard/libg_nano.a(lib_a-memset.o)
                              /usr/lib/gcc/arm-none-eabi/8.3.1/../../../arm-none-eabi/lib/thumb/v7e-m+fp/hard/crt0.o (memset)
/usr/lib/gcc/arm-none-eabi/8.3.1/../../../arm-none-eabi/lib/thumb/v7e-m+fp/hard/libg_nano.a(lib_a-nano-freer.o)
                              /usr/lib/gcc/arm-none-eabi/8.3.1/../../../arm-none-eabi/lib/thumb/v7e-m+fp/hard/libg_nano.a(lib_a-malloc.o) (_free_r)
/usr/lib/gcc/arm-none-eabi/8.3.1/../../../arm-none-eabi/lib/thumb/v7e-m+fp/hard/libg_nano.a(lib_a-nano-mallocr.o)
                              /usr/lib/gcc/arm-none-eabi/8.3.1/../../../arm-none-eabi/lib/thumb/v7e-m+fp/hard/libg_nano.a(lib_a-malloc.o) (_malloc_r)
/usr/lib/gcc/arm-none-eabi/8.3.1/../../../arm-none-eabi/lib/thumb/v7e-m+fp/hard/libg_nano.a(lib_a-printf.o)
                              /data/data/com.termux/files/home/arm-examples/blink/GCC_Project/output/circularBuffQueue.o (printf)
/usr/lib/gcc/arm-none-eabi/8.3.1/../../../arm-none-eabi/lib/thumb/v7e-m+fp/hard/libg_nano.a(lib_a-puts.o)
                              /data/data/com.termux/files/home/arm-examples/blink/GCC_Project/output/eoss3_hal_i2s_slave_assp.o (puts)
/usr/lib/gcc/arm-none-eabi/8.3.1/../../../arm-none-eabi/lib/thumb/v7e-m+fp/hard/libg_nano.a(lib_a-sbrkr.o)
                              /usr/lib/gcc/arm-none-eabi/8.3.1/../../../arm-none-eabi/lib/thumb/v7e-m+fp/hard/libg_nano.a(lib_a-nano-mallocr.o) (_sbrk_r)
[...]
Memory Configuration

Name             Origin             Length             Attributes
rom              0x0000000000000000 0x0000000000027000 xr
ram              0x0000000020027000 0x000000000003c800 xrw
spiram           0x0000000020063800 0x0000000000000800 rw
HWA              0x0000000020064000 0x0000000000018000 rw
shm              0x000000002007c000 0x0000000000004000
*default*        0x0000000000000000 0xffffffffffffffff

Linker script and memory map

LOAD /usr/lib/gcc/arm-none-eabi/8.3.1/thumb/v7e-m+fp/hard/crti.o
LOAD /usr/lib/gcc/arm-none-eabi/8.3.1/thumb/v7e-m+fp/hard/crtbegin.o
LOAD /usr/lib/gcc/arm-none-eabi/8.3.1/../../../arm-none-eabi/lib/thumb/v7e-m+fp/hard/crt0.o
LOAD /data/data/com.termux/files/home/arm-examples/blink/GCC_Project/output/c_lib_retarget.o
LOAD /data/data/com.termux/files/home/arm-examples/blink/GCC_Project/output/circularBuffQueue.o
LOAD /data/data/com.termux/files/home/arm-examples/blink/GCC_Project/output/cli_args.o
LOAD /data/data/com.termux/files/home/arm-examples/blink/GCC_Project/output/cli_hexdump.o
LOAD /data/data/com.termux/files/home/arm-examples/blink/GCC_Project/output/cli_io.o
LOAD /data/data/com.termux/files/home/arm-examples/blink/GCC_Project/output/cli_loop.o
LOAD /data/data/com.termux/files/home/arm-examples/blink/GCC_Project/output/cli_misc.o
LOAD /data/data/com.termux/files/home/arm-examples/blink/GCC_Project/output/cli_platform.o
LOAD /data/data/com.termux/files/home/arm-examples/blink/GCC_Project/output/cli_stdcmds.o
LOAD /data/data/com.termux/files/home/arm-examples/blink/GCC_Project/output/crc16.o
LOAD /data/data/com.termux/files/home/arm-examples/blink/GCC_Project/output/crc32.o
LOAD /data/data/com.termux/files/home/arm-examples/blink/GCC_Project/output/croutine.o
LOAD /data/data/com.termux/files/home/arm-examples/blink/GCC_Project/output/dbg_bufferedprinttask.o
LOAD /data/data/com.termux/files/home/arm-examples/blink/GCC_Project/output/dbg_queue_monitor.o
LOAD /data/data/com.termux/files/home/arm-examples/blink/GCC_Project/output/dbg_uart.o
LOAD /data/data/com.termux/files/home/arm-examples/blink/GCC_Project/output/dbgtrace.o
LOAD /data/data/com.termux/files/home/arm-examples/blink/GCC_Project/output/eoss3_hal_adc.o
LOAD /data/data/com.termux/files/home/arm-examples/blink/GCC_Project/output/eoss3_hal_gpio.o
LOAD /data/data/com.termux/files/home/arm-examples/blink/GCC_Project/output/eoss3_hal_i2c.o
LOAD /data/data/com.termux/files/home/arm-examples/blink/GCC_Project/output/eoss3_hal_i2s.o
LOAD /data/data/com.termux/files/home/arm-examples/blink/GCC_Project/output/eoss3_hal_i2s_slave_assp.o
LOAD /data/data/com.termux/files/home/arm-examples/blink/GCC_Project/output/eoss3_hal_pad_config.o
LOAD /data/data/com.termux/files/home/arm-examples/blink/GCC_Project/output/eoss3_hal_pkfb.o
LOAD /data/data/com.termux/files/home/arm-examples/blink/GCC_Project/output/eoss3_hal_rtc.o
LOAD /data/data/com.termux/files/home/arm-examples/blink/GCC_Project/output/eoss3_hal_sdma.o
LOAD /data/data/com.termux/files/home/arm-examples/blink/GCC_Project/output/eoss3_hal_spi.o
LOAD /data/data/com.termux/files/home/arm-examples/blink/GCC_Project/output/eoss3_hal_timer.o
LOAD /data/data/com.termux/files/home/arm-examples/blink/GCC_Project/output/eoss3_hal_uart.o
LOAD /data/data/com.termux/files/home/arm-examples/blink/GCC_Project/output/eoss3_hal_wb.o
LOAD /data/data/com.termux/files/home/arm-examples/blink/GCC_Project/output/eoss3_hal_wdt.o
LOAD /data/data/com.termux/files/home/arm-examples/blink/GCC_Project/output/event_groups.o
LOAD /data/data/com.termux/files/home/arm-examples/blink/GCC_Project/output/exceptions.o
LOAD /data/data/com.termux/files/home/arm-examples/blink/GCC_Project/output/freertos_static_memory.o
LOAD /data/data/com.termux/files/home/arm-examples/blink/GCC_Project/output/heap_4.o
LOAD /data/data/com.termux/files/home/arm-examples/blink/GCC_Project/output/hearable_pwrcfg.o
LOAD /data/data/com.termux/files/home/arm-examples/blink/GCC_Project/output/leds.o
LOAD /data/data/com.termux/files/home/arm-examples/blink/GCC_Project/output/list.o
LOAD /data/data/com.termux/files/home/arm-examples/blink/GCC_Project/output/main.o
LOAD /data/data/com.termux/files/home/arm-examples/blink/GCC_Project/output/main_dbg_cli_menu.o
LOAD /data/data/com.termux/files/home/arm-examples/blink/GCC_Project/output/pincfg_table.o
LOAD /data/data/com.termux/files/home/arm-examples/blink/GCC_Project/output/port.o
LOAD /data/data/com.termux/files/home/arm-examples/blink/GCC_Project/output/qf_baremetalsetup.o
LOAD /data/data/com.termux/files/home/arm-examples/blink/GCC_Project/output/qf_hardwaresetup.o
LOAD /data/data/com.termux/files/home/arm-examples/blink/GCC_Project/output/ql_base64.o
LOAD /data/data/com.termux/files/home/arm-examples/blink/GCC_Project/output/ql_stackwatermark.o
LOAD /data/data/com.termux/files/home/arm-examples/blink/GCC_Project/output/ql_test_signals.o
LOAD /data/data/com.termux/files/home/arm-examples/blink/GCC_Project/output/ql_time.o
LOAD /data/data/com.termux/files/home/arm-examples/blink/GCC_Project/output/queue.o
LOAD /data/data/com.termux/files/home/arm-examples/blink/GCC_Project/output/s3x_clock.o
LOAD /data/data/com.termux/files/home/arm-examples/blink/GCC_Project/output/s3x_clock_hal.o
LOAD /data/data/com.termux/files/home/arm-examples/blink/GCC_Project/output/s3x_cpuload.o
LOAD /data/data/com.termux/files/home/arm-examples/blink/GCC_Project/output/s3x_dfs.o
LOAD /data/data/com.termux/files/home/arm-examples/blink/GCC_Project/output/s3x_lpm.o
LOAD /data/data/com.termux/files/home/arm-examples/blink/GCC_Project/output/s3x_pi.o
LOAD /data/data/com.termux/files/home/arm-examples/blink/GCC_Project/output/s3x_pwrcfg.o
LOAD /data/data/com.termux/files/home/arm-examples/blink/GCC_Project/output/s3x_qos.o
LOAD /data/data/com.termux/files/home/arm-examples/blink/GCC_Project/output/sec_debug.o
LOAD /data/data/com.termux/files/home/arm-examples/blink/GCC_Project/output/spi_flash.o
LOAD /data/data/com.termux/files/home/arm-examples/blink/GCC_Project/output/startup_EOSS3B_GCC.o
LOAD /data/data/com.termux/files/home/arm-examples/blink/GCC_Project/output/stream_buffer.o
LOAD /data/data/com.termux/files/home/arm-examples/blink/GCC_Project/output/tasks.o
LOAD /data/data/com.termux/files/home/arm-examples/blink/GCC_Project/output/timers.o
LOAD /data/data/com.termux/files/home/arm-examples/blink/GCC_Project/output/vectors_CM4F_gcc.o
LOAD /data/data/com.termux/files/home/arm-examples/blink/GCC_Project/output/watchdog.o
LOAD /usr/lib/gcc/arm-none-eabi/8.3.1/../../../arm-none-eabi/lib/thumb/v7e-m+fp/hard/libm.a
LOAD /data/data/com.termux/files/home/pygmy-dev/pygmy-sdk/Libraries/CMSIS/lib/GCC/libarm_cortexM4lf_math.a
START GROUP
LOAD /usr/lib/gcc/arm-none-eabi/8.3.1/thumb/v7e-m+fp/hard/libgcc.a
LOAD /usr/lib/gcc/arm-none-eabi/8.3.1/../../../arm-none-eabi/lib/thumb/v7e-m+fp/hard/libg_nano.a
LOAD /usr/lib/gcc/arm-none-eabi/8.3.1/../../../arm-none-eabi/lib/thumb/v7e-m+fp/hard/libc_nano.a
END GROUP
START GROUP
LOAD /usr/lib/gcc/arm-none-eabi/8.3.1/thumb/v7e-m+fp/hard/libgcc.a
LOAD /usr/lib/gcc/arm-none-eabi/8.3.1/../../../arm-none-eabi/lib/thumb/v7e-m+fp/hard/libc_nano.a
LOAD /usr/lib/gcc/arm-none-eabi/8.3.1/../../../arm-none-eabi/lib/thumb/v7e-m+fp/hard/libnosys.a
END GROUP
START GROUP
LOAD /usr/lib/gcc/arm-none-eabi/8.3.1/thumb/v7e-m+fp/hard/libgcc.a
LOAD /usr/lib/gcc/arm-none-eabi/8.3.1/../../../arm-none-eabi/lib/thumb/v7e-m+fp/hard/libc_nano.a
LOAD /usr/lib/gcc/arm-none-eabi/8.3.1/../../../arm-none-eabi/lib/thumb/v7e-m+fp/hard/libnosys.a
END GROUP
LOAD /usr/lib/gcc/arm-none-eabi/8.3.1/thumb/v7e-m+fp/hard/crtend.o
LOAD /usr/lib/gcc/arm-none-eabi/8.3.1/thumb/v7e-m+fp/hard/crtn.o

.text           0x0000000000000000     0x89e1
 *(.isr_vector)
 .isr_vector    0x0000000000000000      0x124 /data/data/com.termux/files/home/arm-examples/blink/GCC_Project/output/vectors_CM4F_gcc.o
                0x0000000000000000                __Vectors
 *(.text*)
 .text          0x0000000000000124       0x88 /usr/lib/gcc/arm-none-eabi/8.3.1/thumb/v7e-m+fp/hard/crtbegin.o
 .text          0x00000000000001ac       0x70 /usr/lib/gcc/arm-none-eabi/8.3.1/../../../arm-none-eabi/lib/thumb/v7e-m+fp/hard/crt0.o
                0x00000000000001ac                _stack_init
                0x00000000000001b4                _mainCRTStartup
                0x00000000000001b4                _start
 .text._write   0x000000000000021c        0xe /data/data/com.termux/files/home/arm-examples/blink/GCC_Project/output/c_lib_retarget.o
                0x000000000000021c                _write
 .text._close   0x000000000000022a        0x6 /data/data/com.termux/files/home/arm-examples/blink/GCC_Project/output/c_lib_retarget.o
                0x000000000000022a                _close
 .text._lseek   0x0000000000000230        0x4 /data/data/com.termux/files/home/arm-examples/blink/GCC_Project/output/c_lib_retarget.o
                0x0000000000000230                _lseek
 .text._read    0x0000000000000234        0x4 /data/data/com.termux/files/home/arm-examples/blink/GCC_Project/output/c_lib_retarget.o
                0x0000000000000234                _read
 .text.do_str_fetch
                0x0000000000000238       0x38 /data/data/com.termux/files/home/arm-examples/blink/GCC_Project/output/cli_args.o
 .text.CLI_string_ptr_get_subcmd
                0x0000000000000270       0x20 /data/data/com.termux/files/home/arm-examples/blink/GCC_Project/output/cli_args.o
                0x0000000000000270                CLI_string_ptr_get_subcmd
 .text.CLI_numX_getshow_X
                0x0000000000000290      0x178 /data/data/com.termux/files/home/arm-examples/blink/GCC_Project/output/cli_args.o
                0x0000000000000290                CLI_numX_getshow_X
 .text.CLI_uint8_getshow
                0x0000000000000408        0x8 /data/data/com.termux/files/home/arm-examples/blink/GCC_Project/output/cli_args.o
                0x0000000000000408                CLI_uint8_getshow
 .text.append_key
                0x0000000000000410       0x30 /data/data/com.termux/files/home/arm-examples/blink/GCC_Project/output/cli_io.o
 .text.get_key_ignore_null
                0x0000000000000440       0x18 /data/data/com.termux/files/home/arm-examples/blink/GCC_Project/output/cli_io.o
 .text.CLI_getkey_peek
                0x0000000000000458      0x110 /data/data/com.termux/files/home/arm-examples/blink/GCC_Project/output/cli_io.o
                0x0000000000000458                CLI_getkey_peek
 .text.CLI_getkey
                0x0000000000000568       0x30 /data/data/com.termux/files/home/arm-examples/blink/GCC_Project/output/cli_io.o
                0x0000000000000568                CLI_getkey
 .text.CLI_col0_timestamp
                0x0000000000000598       0x78 /data/data/com.termux/files/home/arm-examples/blink/GCC_Project/output/cli_io.o
                0x0000000000000598                CLI_col0_timestamp
 .text.CLI_putc
                0x0000000000000610       0x4c /data/data/com.termux/files/home/arm-examples/blink/GCC_Project/output/cli_io.o
                0x0000000000000610                CLI_putc
 .text.CLI_puts_no_nl
                0x000000000000065c       0x12 /data/data/com.termux/files/home/arm-examples/blink/GCC_Project/output/cli_io.o
                0x000000000000065c                CLI_puts_no_nl
 *fill*         0x000000000000066e        0x2 
 .text.CLI_vprintf
                0x0000000000000670       0x24 /data/data/com.termux/files/home/arm-examples/blink/GCC_Project/output/cli_io.o
                0x0000000000000670                CLI_vprintf
 .text.CLI_printf
                0x0000000000000694       0x1a /data/data/com.termux/files/home/arm-examples/blink/GCC_Project/output/cli_io.o
                0x0000000000000694                CLI_printf
 *fill*         0x00000000000006ae        0x2 
 .text.handle_help
                0x00000000000006b0       0xc4 /data/data/com.termux/files/home/arm-examples/blink/GCC_Project/output/cli_loop.o
 .text.CLI_cmd_stack_replace
                0x0000000000000774       0x10 /data/data/com.termux/files/home/arm-examples/blink/GCC_Project/output/cli_loop.o
                0x0000000000000774                CLI_cmd_stack_replace
 .text.CLI_cmd_stack_push
                0x0000000000000784       0x30 /data/data/com.termux/files/home/arm-examples/blink/GCC_Project/output/cli_loop.o
                0x0000000000000784                CLI_cmd_stack_push
 .text.CLI_cmd_stack_clear
                0x00000000000007b4       0x24 /data/data/com.termux/files/home/arm-examples/blink/GCC_Project/output/cli_loop.o
                0x00000000000007b4                CLI_cmd_stack_clear
 .text.CLI_cmd_stack_pop
                0x00000000000007d8       0x40 /data/data/com.termux/files/home/arm-examples/blink/GCC_Project/output/cli_loop.o
                0x00000000000007d8                CLI_cmd_stack_pop
 .text.handle_exit
                0x0000000000000818       0x1c /data/data/com.termux/files/home/arm-examples/blink/GCC_Project/output/cli_loop.o
 .text.CLI_init
                0x0000000000000834       0x24 /data/data/com.termux/files/home/arm-examples/blink/GCC_Project/output/cli_loop.o
                0x0000000000000834                CLI_init
 .text.CLI_print_prompt
                0x0000000000000858       0x44 /data/data/com.termux/files/home/arm-examples/blink/GCC_Project/output/cli_loop.o
                0x0000000000000858                CLI_print_prompt
 .text.CLI_dispatch_subcmd
                0x000000000000089c       0x84 /data/data/com.termux/files/home/arm-examples/blink/GCC_Project/output/cli_loop.o
                0x000000000000089c                CLI_dispatch_subcmd
 .text.CLI_dispatch
                0x0000000000000920       0xc0 /data/data/com.termux/files/home/arm-examples/blink/GCC_Project/output/cli_loop.o
 .text.CLI_submenu_handler
                0x00000000000009e0       0x30 /data/data/com.termux/files/home/arm-examples/blink/GCC_Project/output/cli_loop.o
                0x00000000000009e0                CLI_submenu_handler
 .text.CLI_verror
                0x0000000000000a10       0x40 /data/data/com.termux/files/home/arm-examples/blink/GCC_Project/output/cli_loop.o
                0x0000000000000a10                CLI_verror
 .text.CLI_rx_byte
                0x0000000000000a50       0xe8 /data/data/com.termux/files/home/arm-examples/blink/GCC_Project/output/cli_loop.o
                0x0000000000000a50                CLI_rx_byte
 .text.CLI_is_more_args
                0x0000000000000b38       0x14 /data/data/com.termux/files/home/arm-examples/blink/GCC_Project/output/cli_misc.o
                0x0000000000000b38                CLI_is_more_args
 .text.CLI_error
                0x0000000000000b4c       0x1a /data/data/com.termux/files/home/arm-examples/blink/GCC_Project/output/cli_misc.o
                0x0000000000000b4c                CLI_error
 *fill*         0x0000000000000b66        0x2 
 .text.CLI_error_missing_parameter
                0x0000000000000b68        0xc /data/data/com.termux/files/home/arm-examples/blink/GCC_Project/output/cli_misc.o
                0x0000000000000b68                CLI_error_missing_parameter
 .text.CLI_error_not_a_number
                0x0000000000000b74       0x10 /data/data/com.termux/files/home/arm-examples/blink/GCC_Project/output/cli_misc.o
                0x0000000000000b74                CLI_error_not_a_number
 .text.CLI_task
                0x0000000000000b84       0x54 /data/data/com.termux/files/home/arm-examples/blink/GCC_Project/output/cli_platform.o
                0x0000000000000b84                CLI_task
 .text.CLI_time_now
                0x0000000000000bd8        0x4 /data/data/com.termux/files/home/arm-examples/blink/GCC_Project/output/cli_platform.o
                0x0000000000000bd8                CLI_time_now
 .text.CLI_beep
                0x0000000000000bdc        0x6 /data/data/com.termux/files/home/arm-examples/blink/GCC_Project/output/cli_platform.o
                0x0000000000000bdc                CLI_beep
 .text.CLI_timeout_expired
                0x0000000000000be2       0x22 /data/data/com.termux/files/home/arm-examples/blink/GCC_Project/output/cli_platform.o
                0x0000000000000be2                CLI_timeout_expired
 .text.CLI_putc_raw
                0x0000000000000c04        0x8 /data/data/com.termux/files/home/arm-examples/blink/GCC_Project/output/cli_platform.o
                0x0000000000000c04                CLI_putc_raw
 .text.CLI_getkey_raw
                0x0000000000000c0c       0x3c /data/data/com.termux/files/home/arm-examples/blink/GCC_Project/output/cli_platform.o
                0x0000000000000c0c                CLI_getkey_raw
 .text.CLI_start_task
                0x0000000000000c48       0x58 /data/data/com.termux/files/home/arm-examples/blink/GCC_Project/output/cli_platform.o
                0x0000000000000c48                CLI_start_task
 .text.__debug_lockup
                0x0000000000000ca0       0x14 /data/data/com.termux/files/home/arm-examples/blink/GCC_Project/output/dbg_uart.o
 .text._semihost_write
                0x0000000000000cb4       0x54 /data/data/com.termux/files/home/arm-examples/blink/GCC_Project/output/dbg_uart.o
                0x0000000000000cb4                _semihost_write
 .text.dbg_ch_raw
                0x0000000000000d08       0x74 /data/data/com.termux/files/home/arm-examples/blink/GCC_Project/output/dbg_uart.o
                0x0000000000000d08                dbg_ch_raw
 .text.dbg_nl   0x0000000000000d7c       0x12 /data/data/com.termux/files/home/arm-examples/blink/GCC_Project/output/dbg_uart.o
                0x0000000000000d7c                dbg_nl
 .text.dbg_ch   0x0000000000000d8e        0xc /data/data/com.termux/files/home/arm-examples/blink/GCC_Project/output/dbg_uart.o
                0x0000000000000d8e                dbg_ch
 .text.dbg_hex4
                0x0000000000000d9a       0x14 /data/data/com.termux/files/home/arm-examples/blink/GCC_Project/output/dbg_uart.o
 .text.dbg_hex8
                0x0000000000000dae       0x14 /data/data/com.termux/files/home/arm-examples/blink/GCC_Project/output/dbg_uart.o
                0x0000000000000dae                dbg_hex8
 .text.dbg_hex16
                0x0000000000000dc2       0x14 /data/data/com.termux/files/home/arm-examples/blink/GCC_Project/output/dbg_uart.o
                0x0000000000000dc2                dbg_hex16
 .text.dbg_hex32
                0x0000000000000dd6       0x14 /data/data/com.termux/files/home/arm-examples/blink/GCC_Project/output/dbg_uart.o
                0x0000000000000dd6                dbg_hex32
 .text._dbg_int
                0x0000000000000dea       0x20 /data/data/com.termux/files/home/arm-examples/blink/GCC_Project/output/dbg_uart.o
 .text.dbg_memdumpx
                0x0000000000000e0a       0xea /data/data/com.termux/files/home/arm-examples/blink/GCC_Project/output/dbg_uart.o
 .text.dbg_str  0x0000000000000ef4       0x84 /data/data/com.termux/files/home/arm-examples/blink/GCC_Project/output/dbg_uart.o
                0x0000000000000ef4                dbg_str
 .text._dbg_str_xxx
                0x0000000000000f78       0x16 /data/data/com.termux/files/home/arm-examples/blink/GCC_Project/output/dbg_uart.o
 .text.dbg_str_hexXX
                0x0000000000000f8e       0x22 /data/data/com.termux/files/home/arm-examples/blink/GCC_Project/output/dbg_uart.o
 .text.dbg_int  0x0000000000000fb0       0x24 /data/data/com.termux/files/home/arm-examples/blink/GCC_Project/output/dbg_uart.o
                0x0000000000000fb0                dbg_int
 .text.dbg_str_str
                0x0000000000000fd4       0x16 /data/data/com.termux/files/home/arm-examples/blink/GCC_Project/output/dbg_uart.o
                0x0000000000000fd4                dbg_str_str
 .text.dbg_str_int
                0x0000000000000fea       0x16 /data/data/com.termux/files/home/arm-examples/blink/GCC_Project/output/dbg_uart.o
                0x0000000000000fea                dbg_str_int
 .text.dbg_str_hex32
                0x0000000000001000        0xc /data/data/com.termux/files/home/arm-examples/blink/GCC_Project/output/dbg_uart.o
                0x0000000000001000                dbg_str_hex32
 .text.dbg_fatal_error
                0x000000000000100c       0x12 /data/data/com.termux/files/home/arm-examples/blink/GCC_Project/output/dbg_uart.o
                0x000000000000100c                dbg_fatal_error
 .text.dbg_fatal_error_int
                0x000000000000101e        0xe /data/data/com.termux/files/home/arm-examples/blink/GCC_Project/output/dbg_uart.o
                0x000000000000101e                dbg_fatal_error_int
 .text.dbg_memdump32
                0x000000000000102c       0x1e /data/data/com.termux/files/home/arm-examples/blink/GCC_Project/output/dbg_uart.o
                0x000000000000102c                dbg_memdump32
 *fill*         0x000000000000104a        0x2 
 .text.HAL_GPIO_Write
                0x000000000000104c       0x28 /data/data/com.termux/files/home/arm-examples/blink/GCC_Project/output/eoss3_hal_gpio.o
                0x000000000000104c                HAL_GPIO_Write
 .text.HAL_PAD_Config
                0x0000000000001074      0x17c /data/data/com.termux/files/home/arm-examples/blink/GCC_Project/output/eoss3_hal_pad_config.o
                0x0000000000001074                HAL_PAD_Config
 .text.configure_s3_pads
                0x00000000000011f0       0x1a /data/data/com.termux/files/home/arm-examples/blink/GCC_Project/output/eoss3_hal_pad_config.o
                0x00000000000011f0                configure_s3_pads
 *fill*         0x000000000000120a        0x2 
 .text.eoss3_rtc_enable_irq
                0x000000000000120c       0x28 /data/data/com.termux/files/home/arm-examples/blink/GCC_Project/output/eoss3_hal_rtc.o
 .text.write_rtc_reg
                0x0000000000001234       0x18 /data/data/com.termux/files/home/arm-examples/blink/GCC_Project/output/eoss3_hal_rtc.o
 .text.__rtc_setup_alarm.isra.0
                0x000000000000124c       0x44 /data/data/com.termux/files/home/arm-examples/blink/GCC_Project/output/eoss3_hal_rtc.o
 .text.HAL_RTC_ISR
                0x0000000000001290       0x24 /data/data/com.termux/files/home/arm-examples/blink/GCC_Project/output/eoss3_hal_rtc.o
                0x0000000000001290                HAL_RTC_ISR
 .text.unlock_spi1_bus
                0x00000000000012b4       0x58 /data/data/com.termux/files/home/arm-examples/blink/GCC_Project/output/eoss3_hal_spi.o
                0x00000000000012b4                unlock_spi1_bus
 .text.SPI_DMA_Complete
                0x000000000000130c       0x88 /data/data/com.termux/files/home/arm-examples/blink/GCC_Project/output/eoss3_hal_spi.o
                0x000000000000130c                SPI_DMA_Complete
 .text.HAL_SPI_IRQHandler
                0x0000000000001394       0x6c /data/data/com.termux/files/home/arm-examples/blink/GCC_Project/output/eoss3_hal_spi.o
                0x0000000000001394                HAL_SPI_IRQHandler
 .text.HAL_Delay_Init
                0x0000000000001400       0x54 /data/data/com.termux/files/home/arm-examples/blink/GCC_Project/output/eoss3_hal_timer.o
                0x0000000000001400                HAL_Delay_Init
 .text.HAL_Timer_ISR
                0x0000000000001454       0x88 /data/data/com.termux/files/home/arm-examples/blink/GCC_Project/output/eoss3_hal_timer.o
                0x0000000000001454                HAL_Timer_ISR
 .text.uart_baud_rate
                0x00000000000014dc       0x60 /data/data/com.termux/files/home/arm-examples/blink/GCC_Project/output/eoss3_hal_uart.o
 .text.is_hw_uart_enabled
                0x000000000000153c       0x20 /data/data/com.termux/files/home/arm-examples/blink/GCC_Project/output/eoss3_hal_uart.o
 .text.uart_disable
                0x000000000000155c       0x1c /data/data/com.termux/files/home/arm-examples/blink/GCC_Project/output/eoss3_hal_uart.o
 .text.uart_lpm_callback
                0x0000000000001578       0x70 /data/data/com.termux/files/home/arm-examples/blink/GCC_Project/output/eoss3_hal_uart.o
 .text.uart_init
                0x00000000000015e8      0x168 /data/data/com.termux/files/home/arm-examples/blink/GCC_Project/output/eoss3_hal_uart.o
                0x00000000000015e8                uart_init
 .text.uart_isr_handler
                0x0000000000001750       0x84 /data/data/com.termux/files/home/arm-examples/blink/GCC_Project/output/eoss3_hal_uart.o
                0x0000000000001750                uart_isr_handler
 .text.uart_tx_raw
                0x00000000000017d4       0x38 /data/data/com.termux/files/home/arm-examples/blink/GCC_Project/output/eoss3_hal_uart.o
                0x00000000000017d4                uart_tx_raw
 .text.uart_tx  0x000000000000180c       0x1c /data/data/com.termux/files/home/arm-examples/blink/GCC_Project/output/eoss3_hal_uart.o
                0x000000000000180c                uart_tx
 .text.uart_tx_buf
                0x0000000000001828       0x1a /data/data/com.termux/files/home/arm-examples/blink/GCC_Project/output/eoss3_hal_uart.o
                0x0000000000001828                uart_tx_buf
 *fill*         0x0000000000001842        0x2 
 .text.uart_rx_wait
                0x0000000000001844       0x34 /data/data/com.termux/files/home/arm-examples/blink/GCC_Project/output/eoss3_hal_uart.o
                0x0000000000001844                uart_rx_wait
 .text.uart_rx_available
                0x0000000000001878       0x34 /data/data/com.termux/files/home/arm-examples/blink/GCC_Project/output/eoss3_hal_uart.o
                0x0000000000001878                uart_rx_available
 .text.uart_rx  0x00000000000018ac       0x60 /data/data/com.termux/files/home/arm-examples/blink/GCC_Project/output/eoss3_hal_uart.o
                0x00000000000018ac                uart_rx
 .text.WDT_ISR  0x000000000000190c       0x8c /data/data/com.termux/files/home/arm-examples/blink/GCC_Project/output/eoss3_hal_wdt.o
                0x000000000000190c                WDT_ISR
 .text.spurious_interrupt
                0x0000000000001998        0xc /data/data/com.termux/files/home/arm-examples/blink/GCC_Project/output/exceptions.o
 .text.prvGetRegistersFromStack
                0x00000000000019a4       0xf0 /data/data/com.termux/files/home/arm-examples/blink/GCC_Project/output/exceptions.o
                0x00000000000019a4                prvGetRegistersFromStack
 .text.HardFault_Handler
                0x0000000000001a94       0x16 /data/data/com.termux/files/home/arm-examples/blink/GCC_Project/output/exceptions.o
                0x0000000000001a94                HardFault_Handler
 .text.NMI_Handler
                0x0000000000001aaa        0x6 /data/data/com.termux/files/home/arm-examples/blink/GCC_Project/output/exceptions.o
                0x0000000000001aaa                NMI_Handler
 .text.MemManage_Handler
                0x0000000000001ab0        0x6 /data/data/com.termux/files/home/arm-examples/blink/GCC_Project/output/exceptions.o
                0x0000000000001ab0                MemManage_Handler
 .text.BusFault_Handler
                0x0000000000001ab6        0x6 /data/data/com.termux/files/home/arm-examples/blink/GCC_Project/output/exceptions.o
                0x0000000000001ab6                BusFault_Handler
 .text.UsageFault_Handler
                0x0000000000001abc        0x6 /data/data/com.termux/files/home/arm-examples/blink/GCC_Project/output/exceptions.o
                0x0000000000001abc                UsageFault_Handler
 .text.DebugMon_Handler
                0x0000000000001ac2        0x6 /data/data/com.termux/files/home/arm-examples/blink/GCC_Project/output/exceptions.o
                0x0000000000001ac2                DebugMon_Handler
 .text.Uart_Handler
                0x0000000000001ac8       0x50 /data/data/com.termux/files/home/arm-examples/blink/GCC_Project/output/exceptions.o
                0x0000000000001ac8                Uart_Handler
 .text.Timer_Handler
                0x0000000000001b18       0x24 /data/data/com.termux/files/home/arm-examples/blink/GCC_Project/output/exceptions.o
                0x0000000000001b18                Timer_Handler
 .text.CpuWdtInt_Handler
                0x0000000000001b3c       0x24 /data/data/com.termux/files/home/arm-examples/blink/GCC_Project/output/exceptions.o
                0x0000000000001b3c                CpuWdtInt_Handler
 .text.CpuWdtRst_Handler
                0x0000000000001b60        0x6 /data/data/com.termux/files/home/arm-examples/blink/GCC_Project/output/exceptions.o
                0x0000000000001b60                CpuWdtRst_Handler
 .text.BusTimeout_Handler
                0x0000000000001b66        0x6 /data/data/com.termux/files/home/arm-examples/blink/GCC_Project/output/exceptions.o
                0x0000000000001b66                BusTimeout_Handler
 .text.Fpu_Handler
                0x0000000000001b6c        0x6 /data/data/com.termux/files/home/arm-examples/blink/GCC_Project/output/exceptions.o
                0x0000000000001b6c                Fpu_Handler
 *fill*         0x0000000000001b72        0x2 
 .text.Pkfb_Handler
                0x0000000000001b74       0x10 /data/data/com.termux/files/home/arm-examples/blink/GCC_Project/output/exceptions.o
                0x0000000000001b74                Pkfb_Handler
 .text.I2s_Handler
                0x0000000000001b84        0x6 /data/data/com.termux/files/home/arm-examples/blink/GCC_Project/output/exceptions.o
                0x0000000000001b84                I2s_Handler
 .text.Audio_Handler
                0x0000000000001b8a        0x6 /data/data/com.termux/files/home/arm-examples/blink/GCC_Project/output/exceptions.o
                0x0000000000001b8a                Audio_Handler
 .text.SpiMs_Handler
                0x0000000000001b90       0x5c /data/data/com.termux/files/home/arm-examples/blink/GCC_Project/output/exceptions.o
                0x0000000000001b90                SpiMs_Handler
 .text.CfgDma_Handler
                0x0000000000001bec       0x28 /data/data/com.termux/files/home/arm-examples/blink/GCC_Project/output/exceptions.o
                0x0000000000001bec                CfgDma_Handler
 .text.PmuTimer_Handler
                0x0000000000001c14        0x2 /data/data/com.termux/files/home/arm-examples/blink/GCC_Project/output/exceptions.o
                0x0000000000001c14                PmuTimer_Handler
 .text.AdcDone_Handler
                0x0000000000001c16        0x8 /data/data/com.termux/files/home/arm-examples/blink/GCC_Project/output/exceptions.o
                0x0000000000001c16                AdcDone_Handler
 *fill*         0x0000000000001c1e        0x2 
 .text.RtcAlarm_Handler
                0x0000000000001c20       0x1c /data/data/com.termux/files/home/arm-examples/blink/GCC_Project/output/exceptions.o
                0x0000000000001c20                RtcAlarm_Handler
 .text.ResetInt_Handler
                0x0000000000001c3c        0x8 /data/data/com.termux/files/home/arm-examples/blink/GCC_Project/output/exceptions.o
                0x0000000000001c3c                ResetInt_Handler
 .text.Ffe0_Handler
                0x0000000000001c44       0x18 /data/data/com.termux/files/home/arm-examples/blink/GCC_Project/output/exceptions.o
                0x0000000000001c44                Ffe0_Handler
 .text.FbMsg_Handler
                0x0000000000001c5c       0x6c /data/data/com.termux/files/home/arm-examples/blink/GCC_Project/output/exceptions.o
                0x0000000000001c5c                FbMsg_Handler
 .text.SensorGpio_Handler
                0x0000000000001cc8        0x8 /data/data/com.termux/files/home/arm-examples/blink/GCC_Project/output/exceptions.o
                0x0000000000001cc8                SensorGpio_Handler
 .text.M4SramSleep_Handler
                0x0000000000001cd0        0x8 /data/data/com.termux/files/home/arm-examples/blink/GCC_Project/output/exceptions.o
                0x0000000000001cd0                M4SramSleep_Handler
 .text.LDO30_PG_Handler
                0x0000000000001cd8        0x8 /data/data/com.termux/files/home/arm-examples/blink/GCC_Project/output/exceptions.o
                0x0000000000001cd8                LDO30_PG_Handler
 .text.LDO50_PG_Handler
                0x0000000000001ce0        0x8 /data/data/com.termux/files/home/arm-examples/blink/GCC_Project/output/exceptions.o
                0x0000000000001ce0                LDO50_PG_Handler
 .text.DMIC_Voice_Det_Handler
                0x0000000000001ce8        0x8 /data/data/com.termux/files/home/arm-examples/blink/GCC_Project/output/exceptions.o
                0x0000000000001ce8                DMIC_Voice_Det_Handler
 .text.ApPDMClkOn_Handler
                0x0000000000001cf0        0x8 /data/data/com.termux/files/home/arm-examples/blink/GCC_Project/output/exceptions.o
                0x0000000000001cf0                ApPDMClkOn_Handler
 .text.ApPDMClkOff_Handler
                0x0000000000001cf8        0x8 /data/data/com.termux/files/home/arm-examples/blink/GCC_Project/output/exceptions.o
                0x0000000000001cf8                ApPDMClkOff_Handler
 .text.Dmac0BlkDone_Handler
                0x0000000000001d00        0x8 /data/data/com.termux/files/home/arm-examples/blink/GCC_Project/output/exceptions.o
                0x0000000000001d00                Dmac0BlkDone_Handler
 .text.Dmac0BufDone_Handler
                0x0000000000001d08        0x8 /data/data/com.termux/files/home/arm-examples/blink/GCC_Project/output/exceptions.o
                0x0000000000001d08                Dmac0BufDone_Handler
 .text.Dmac1BlkDone_Handler
                0x0000000000001d10        0x8 /data/data/com.termux/files/home/arm-examples/blink/GCC_Project/output/exceptions.o
                0x0000000000001d10                Dmac1BlkDone_Handler
 .text.Dmac1BufDone_Handler
                0x0000000000001d18        0x8 /data/data/com.termux/files/home/arm-examples/blink/GCC_Project/output/exceptions.o
                0x0000000000001d18                Dmac1BufDone_Handler
 .text.Sdma0Done_Handler
                0x0000000000001d20        0x8 /data/data/com.termux/files/home/arm-examples/blink/GCC_Project/output/exceptions.o
                0x0000000000001d20                Sdma0Done_Handler
 .text.Sdma1Done_Handler
                0x0000000000001d28        0x8 /data/data/com.termux/files/home/arm-examples/blink/GCC_Project/output/exceptions.o
                0x0000000000001d28                Sdma1Done_Handler
 .text.Sdma2Done_Handler
                0x0000000000001d30        0x8 /data/data/com.termux/files/home/arm-examples/blink/GCC_Project/output/exceptions.o
                0x0000000000001d30                Sdma2Done_Handler
 .text.Sdma3Done_Handler
                0x0000000000001d38        0x8 /data/data/com.termux/files/home/arm-examples/blink/GCC_Project/output/exceptions.o
                0x0000000000001d38                Sdma3Done_Handler
 .text.Sdma4Done_Handler
                0x0000000000001d40        0x8 /data/data/com.termux/files/home/arm-examples/blink/GCC_Project/output/exceptions.o
                0x0000000000001d40                Sdma4Done_Handler
 .text.Sdma5Done_Handler
                0x0000000000001d48        0x8 /data/data/com.termux/files/home/arm-examples/blink/GCC_Project/output/exceptions.o
                0x0000000000001d48                Sdma5Done_Handler
 .text.Sdma6Done_Handler
                0x0000000000001d50        0x8 /data/data/com.termux/files/home/arm-examples/blink/GCC_Project/output/exceptions.o
                0x0000000000001d50                Sdma6Done_Handler
 .text.Sdma7Done_Handler
                0x0000000000001d58        0x8 /data/data/com.termux/files/home/arm-examples/blink/GCC_Project/output/exceptions.o
                0x0000000000001d58                Sdma7Done_Handler
 .text.Sdma8Done_Handler
                0x0000000000001d60        0x8 /data/data/com.termux/files/home/arm-examples/blink/GCC_Project/output/exceptions.o
                0x0000000000001d60                Sdma8Done_Handler
 .text.Sdma9Done_Handler
                0x0000000000001d68        0x8 /data/data/com.termux/files/home/arm-examples/blink/GCC_Project/output/exceptions.o
                0x0000000000001d68                Sdma9Done_Handler
 .text.Sdma10Done_Handler
                0x0000000000001d70        0x8 /data/data/com.termux/files/home/arm-examples/blink/GCC_Project/output/exceptions.o
                0x0000000000001d70                Sdma10Done_Handler
 .text.Sdma11Done_Handler
                0x0000000000001d78        0x8 /data/data/com.termux/files/home/arm-examples/blink/GCC_Project/output/exceptions.o
                0x0000000000001d78                Sdma11Done_Handler
 .text.SdmaErr_Handler
                0x0000000000001d80        0x8 /data/data/com.termux/files/home/arm-examples/blink/GCC_Project/output/exceptions.o
                0x0000000000001d80                SdmaErr_Handler
 .text.I2S_SlvM4TxOr_Handler
                0x0000000000001d88        0x8 /data/data/com.termux/files/home/arm-examples/blink/GCC_Project/output/exceptions.o
                0x0000000000001d88                I2S_SlvM4TxOr_Handler
 .text.SRAM_128KB_Handler
                0x0000000000001d90        0x8 /data/data/com.termux/files/home/arm-examples/blink/GCC_Project/output/exceptions.o
                0x0000000000001d90                SRAM_128KB_Handler
 .text.LPSD_Voice_Det_Handler
                0x0000000000001d98        0x8 /data/data/com.termux/files/home/arm-examples/blink/GCC_Project/output/exceptions.o
                0x0000000000001d98                LPSD_Voice_Det_Handler
 .text.FfeWdt_Handler
                0x0000000000001da0        0x8 /data/data/com.termux/files/home/arm-examples/blink/GCC_Project/output/exceptions.o
                0x0000000000001da0                FfeWdt_Handler
 .text.ApBoot_Handler
                0x0000000000001da8        0x8 /data/data/com.termux/files/home/arm-examples/blink/GCC_Project/output/exceptions.o
                0x0000000000001da8                ApBoot_Handler
 .text.SwInt2_Handler
                0x0000000000001db0        0x8 /data/data/com.termux/files/home/arm-examples/blink/GCC_Project/output/exceptions.o
                0x0000000000001db0                SwInt2_Handler
 .text.SwInt1_Handler
                0x0000000000001db8       0x24 /data/data/com.termux/files/home/arm-examples/blink/GCC_Project/output/exceptions.o
                0x0000000000001db8                SwInt1_Handler
 .text.Ffe0Msg_Handler
                0x0000000000001ddc        0x8 /data/data/com.termux/files/home/arm-examples/blink/GCC_Project/output/exceptions.o
                0x0000000000001ddc                Ffe0Msg_Handler
 .text.lpsdVoiceOffHandler
                0x0000000000001de4        0x8 /data/data/com.termux/files/home/arm-examples/blink/GCC_Project/output/exceptions.o
                0x0000000000001de4                lpsdVoiceOffHandler
 .text.dmicVoiceOffHandler
                0x0000000000001dec        0x8 /data/data/com.termux/files/home/arm-examples/blink/GCC_Project/output/exceptions.o
                0x0000000000001dec                dmicVoiceOffHandler
 .text.vApplicationMallocFailedHook
                0x0000000000001df4       0x24 /data/data/com.termux/files/home/arm-examples/blink/GCC_Project/output/exceptions.o
                0x0000000000001df4                vApplicationMallocFailedHook
 .text.vApplicationStackOverflowHook
                0x0000000000001e18       0x24 /data/data/com.termux/files/home/arm-examples/blink/GCC_Project/output/exceptions.o
                0x0000000000001e18                vApplicationStackOverflowHook
 .text.vApplicationTickHook
                0x0000000000001e3c        0x2 /data/data/com.termux/files/home/arm-examples/blink/GCC_Project/output/exceptions.o
                0x0000000000001e3c                vApplicationTickHook
 *fill*         0x0000000000001e3e        0x2 
 .text.prvInsertBlockIntoFreeList
                0x0000000000001e40       0x74 /data/data/com.termux/files/home/arm-examples/blink/GCC_Project/output/heap_4.o
 .text.pvPortMalloc
                0x0000000000001eb4      0x198 /data/data/com.termux/files/home/arm-examples/blink/GCC_Project/output/heap_4.o
                0x0000000000001eb4                pvPortMalloc
 .text.vPortFree
                0x000000000000204c       0xa0 /data/data/com.termux/files/home/arm-examples/blink/GCC_Project/output/heap_4.o
                0x000000000000204c                vPortFree
 .text.vListInitialise
                0x00000000000020ec       0x16 /data/data/com.termux/files/home/arm-examples/blink/GCC_Project/output/list.o
                0x00000000000020ec                vListInitialise
 .text.vListInitialiseItem
                0x0000000000002102        0x6 /data/data/com.termux/files/home/arm-examples/blink/GCC_Project/output/list.o
                0x0000000000002102                vListInitialiseItem
 .text.vListInsertEnd
                0x0000000000002108       0x18 /data/data/com.termux/files/home/arm-examples/blink/GCC_Project/output/list.o
                0x0000000000002108                vListInsertEnd
 .text.vListInsert
                0x0000000000002120       0x2e /data/data/com.termux/files/home/arm-examples/blink/GCC_Project/output/list.o
                0x0000000000002120                vListInsert
 .text.uxListRemove
                0x000000000000214e       0x20 /data/data/com.termux/files/home/arm-examples/blink/GCC_Project/output/list.o
                0x000000000000214e                uxListRemove
 .text.SystemInit
                0x000000000000216e        0x2 /data/data/com.termux/files/home/arm-examples/blink/GCC_Project/output/main.o
                0x000000000000216e                SystemInit
 .text.PyHal_GPIO_Set
                0x0000000000002170       0x34 /data/data/com.termux/files/home/arm-examples/blink/GCC_Project/output/main.o
                0x0000000000002170                PyHal_GPIO_Set
 .text.startup.main
                0x00000000000021a4       0xdc /data/data/com.termux/files/home/arm-examples/blink/GCC_Project/output/main.o
                0x00000000000021a4                main
 .text.set_gpio_input
                0x0000000000002280       0x34 /data/data/com.termux/files/home/arm-examples/blink/GCC_Project/output/main_dbg_cli_menu.o
 .text.set_gpio_output
                0x00000000000022b4       0x60 /data/data/com.termux/files/home/arm-examples/blink/GCC_Project/output/main_dbg_cli_menu.o
 .text.get_gpio_value
                0x0000000000002314       0x50 /data/data/com.termux/files/home/arm-examples/blink/GCC_Project/output/main_dbg_cli_menu.o
 .text.prvTaskExitError
                0x0000000000002364       0x50 /data/data/com.termux/files/home/arm-examples/blink/GCC_Project/output/port.o
 .text.pxPortInitialiseStack
                0x00000000000023b4       0x2c /data/data/com.termux/files/home/arm-examples/blink/GCC_Project/output/port.o
                0x00000000000023b4                pxPortInitialiseStack
 .text.SVC_Handler
                0x00000000000023e0       0x24 /data/data/com.termux/files/home/arm-examples/blink/GCC_Project/output/port.o
                0x00000000000023e0                SVC_Handler
 .text.vPortEnterCritical
                0x0000000000002404       0x58 /data/data/com.termux/files/home/arm-examples/blink/GCC_Project/output/port.o
                0x0000000000002404                vPortEnterCritical
 .text.vPortExitCritical
                0x000000000000245c       0x3c /data/data/com.termux/files/home/arm-examples/blink/GCC_Project/output/port.o
                0x000000000000245c                vPortExitCritical
 *fill*         0x0000000000002498        0x8 
 .text.PendSV_Handler
                0x00000000000024a0       0x64 /data/data/com.termux/files/home/arm-examples/blink/GCC_Project/output/port.o
                0x00000000000024a0                PendSV_Handler
 .text.xPortSysTickHandler
                0x0000000000002504       0x2c /data/data/com.termux/files/home/arm-examples/blink/GCC_Project/output/port.o
                0x0000000000002504                xPortSysTickHandler
 .text.vPortValidateInterruptPriority
                0x0000000000002530       0x7c /data/data/com.termux/files/home/arm-examples/blink/GCC_Project/output/port.o
                0x0000000000002530                vPortValidateInterruptPriority
 .text.system_init
                0x00000000000025ac       0x6c /data/data/com.termux/files/home/arm-examples/blink/GCC_Project/output/qf_hardwaresetup.o
                0x00000000000025ac                system_init
 .text.qf_hardwareSetup
                0x0000000000002618       0x74 /data/data/com.termux/files/home/arm-examples/blink/GCC_Project/output/qf_hardwaresetup.o
                0x0000000000002618                qf_hardwareSetup
 .text.prvIsQueueEmpty
                0x000000000000268c       0x16 /data/data/com.termux/files/home/arm-examples/blink/GCC_Project/output/queue.o
 .text.prvCopyDataToQueue
                0x00000000000026a2       0x78 /data/data/com.termux/files/home/arm-examples/blink/GCC_Project/output/queue.o
 .text.prvCopyDataFromQueue
                0x000000000000271a       0x2a /data/data/com.termux/files/home/arm-examples/blink/GCC_Project/output/queue.o
 .text.prvUnlockQueue
                0x0000000000002744       0x70 /data/data/com.termux/files/home/arm-examples/blink/GCC_Project/output/queue.o
 .text.xQueueGenericReset
                0x00000000000027b4       0x90 /data/data/com.termux/files/home/arm-examples/blink/GCC_Project/output/queue.o
                0x00000000000027b4                xQueueGenericReset
 .text.xQueueGenericCreate
                0x0000000000002844       0x74 /data/data/com.termux/files/home/arm-examples/blink/GCC_Project/output/queue.o
                0x0000000000002844                xQueueGenericCreate
 .text.xQueueGenericSend
                0x00000000000028b8      0x198 /data/data/com.termux/files/home/arm-examples/blink/GCC_Project/output/queue.o
                0x00000000000028b8                xQueueGenericSend
 .text.xQueueGenericSendFromISR
                0x0000000000002a50       0xf0 /data/data/com.termux/files/home/arm-examples/blink/GCC_Project/output/queue.o
                0x0000000000002a50                xQueueGenericSendFromISR
 .text.xQueueGenericSendFromISRDebug
                0x0000000000002b40       0x30 /data/data/com.termux/files/home/arm-examples/blink/GCC_Project/output/queue.o
                0x0000000000002b40                xQueueGenericSendFromISRDebug
 .text.xQueueGiveFromISR
                0x0000000000002b70       0xdc /data/data/com.termux/files/home/arm-examples/blink/GCC_Project/output/queue.o
                0x0000000000002b70                xQueueGiveFromISR
 .text.xQueueReceive
                0x0000000000002c4c      0x160 /data/data/com.termux/files/home/arm-examples/blink/GCC_Project/output/queue.o
                0x0000000000002c4c                xQueueReceive
 .text.xQueueSemaphoreTake
                0x0000000000002dac      0x1b0 /data/data/com.termux/files/home/arm-examples/blink/GCC_Project/output/queue.o
                0x0000000000002dac                xQueueSemaphoreTake
 .text.xQueuePeek
                0x0000000000002f5c      0x160 /data/data/com.termux/files/home/arm-examples/blink/GCC_Project/output/queue.o
                0x0000000000002f5c                xQueuePeek
 .text.uxQueueMessagesWaiting
                0x00000000000030bc       0x38 /data/data/com.termux/files/home/arm-examples/blink/GCC_Project/output/queue.o
                0x00000000000030bc                uxQueueMessagesWaiting
 .text.vQueueAddToRegistry
                0x00000000000030f4       0x24 /data/data/com.termux/files/home/arm-examples/blink/GCC_Project/output/queue.o
                0x00000000000030f4                vQueueAddToRegistry
 .text.s3x_clkd_write_div
                0x0000000000003118       0xa8 /data/data/com.termux/files/home/arm-examples/blink/GCC_Project/output/s3x_clock.o
 .text.s3x_clkd_read_div
                0x00000000000031c0       0x44 /data/data/com.termux/files/home/arm-examples/blink/GCC_Project/output/s3x_clock.o
 .text.s3x_clkd_cal_div.part.1
                0x0000000000003204       0x30 /data/data/com.termux/files/home/arm-examples/blink/GCC_Project/output/s3x_clock.o
 .text.S3x_Id_To_Domain
                0x0000000000003234       0x1c /data/data/com.termux/files/home/arm-examples/blink/GCC_Project/output/s3x_clock.o
                0x0000000000003234                S3x_Id_To_Domain
 .text.s3x_clkd_update_div_val
                0x0000000000003250       0x4c /data/data/com.termux/files/home/arm-examples/blink/GCC_Project/output/s3x_clock.o
                0x0000000000003250                s3x_clkd_update_div_val
 .text.s3x_clkd_update_fd_rate
                0x000000000000329c        0xe /data/data/com.termux/files/home/arm-examples/blink/GCC_Project/output/s3x_clock.o
                0x000000000000329c                s3x_clkd_update_fd_rate
 *fill*         0x00000000000032aa        0x2 
 .text.s3x_clkd_update_sd_div
                0x00000000000032ac       0x5c /data/data/com.termux/files/home/arm-examples/blink/GCC_Project/output/s3x_clock.o
 .text.s3x_clkd_update_all_src_div
                0x0000000000003308       0xc8 /data/data/com.termux/files/home/arm-examples/blink/GCC_Project/output/s3x_clock.o
                0x0000000000003308                s3x_clkd_update_all_src_div
 .text.S3x_Clkd_Get_Hsosc_Rate
                0x00000000000033d0       0x34 /data/data/com.termux/files/home/arm-examples/blink/GCC_Project/output/s3x_clock.o
                0x00000000000033d0                S3x_Clkd_Get_Hsosc_Rate
 .text.S3x_Clkd_Change_Hsosc
                0x0000000000003404       0x70 /data/data/com.termux/files/home/arm-examples/blink/GCC_Project/output/s3x_clock.o
                0x0000000000003404                S3x_Clkd_Change_Hsosc
 .text.s3x_clkd_get_src_rate
                0x0000000000003474       0x12 /data/data/com.termux/files/home/arm-examples/blink/GCC_Project/output/s3x_clock.o
                0x0000000000003474                s3x_clkd_get_src_rate
 *fill*         0x0000000000003486        0x2 
 .text.s3x_clkd_get_div
                0x0000000000003488       0x74 /data/data/com.termux/files/home/arm-examples/blink/GCC_Project/output/s3x_clock.o
                0x0000000000003488                s3x_clkd_get_div
 .text.s3x_clkd_srate
                0x00000000000034fc      0x134 /data/data/com.termux/files/home/arm-examples/blink/GCC_Project/output/s3x_clock.o
 .text.s3x_clkd_grate
                0x0000000000003630       0x68 /data/data/com.termux/files/home/arm-examples/blink/GCC_Project/output/s3x_clock.o
 .text.s3x_clkd_set_src_div_st
                0x0000000000003698       0x4c /data/data/com.termux/files/home/arm-examples/blink/GCC_Project/output/s3x_clock.o
 .text.s3x_update_clk_rate
                0x00000000000036e4       0xb0 /data/data/com.termux/files/home/arm-examples/blink/GCC_Project/output/s3x_clock.o
                0x00000000000036e4                s3x_update_clk_rate
 .text.s3x_clkd_get_gate_mask_st
                0x0000000000003794       0x16 /data/data/com.termux/files/home/arm-examples/blink/GCC_Project/output/s3x_clock.o
                0x0000000000003794                s3x_clkd_get_gate_mask_st
 *fill*         0x00000000000037aa        0x2 
 .text.s3x_clkd_set_gate_mask
                0x00000000000037ac       0x50 /data/data/com.termux/files/home/arm-examples/blink/GCC_Project/output/s3x_clock.o
                0x00000000000037ac                s3x_clkd_set_gate_mask
 .text.s3x_clkd_enable_gate
                0x00000000000037fc       0x68 /data/data/com.termux/files/home/arm-examples/blink/GCC_Project/output/s3x_clock.o
 .text.s3x_clkd_disable_gate
                0x0000000000003864       0x54 /data/data/com.termux/files/home/arm-examples/blink/GCC_Project/output/s3x_clock.o
 .text._S3x_Clk_Enable
                0x00000000000038b8       0xb8 /data/data/com.termux/files/home/arm-examples/blink/GCC_Project/output/s3x_clock.o
                0x00000000000038b8                _S3x_Clk_Enable
 .text._S3x_Clk_Disable
                0x0000000000003970       0xc8 /data/data/com.termux/files/home/arm-examples/blink/GCC_Project/output/s3x_clock.o
                0x0000000000003970                _S3x_Clk_Disable
 .text._S3x_Clk_Get_Status
                0x0000000000003a38       0x2c /data/data/com.termux/files/home/arm-examples/blink/GCC_Project/output/s3x_clock.o
                0x0000000000003a38                _S3x_Clk_Get_Status
 .text._S3x_Clk_Get_Rate
                0x0000000000003a64       0x28 /data/data/com.termux/files/home/arm-examples/blink/GCC_Project/output/s3x_clock.o
                0x0000000000003a64                _S3x_Clk_Get_Rate
 .text.S3x_Clk_Init
                0x0000000000003a8c      0x15c /data/data/com.termux/files/home/arm-examples/blink/GCC_Project/output/s3x_clock.o
                0x0000000000003a8c                S3x_Clk_Init
 .text.S3x_Clk_Enable
                0x0000000000003be8        0x4 /data/data/com.termux/files/home/arm-examples/blink/GCC_Project/output/s3x_clock_hal.o
                0x0000000000003be8                S3x_Clk_Enable
 .text.S3x_Clk_Disable
                0x0000000000003bec        0x4 /data/data/com.termux/files/home/arm-examples/blink/GCC_Project/output/s3x_clock_hal.o
                0x0000000000003bec                S3x_Clk_Disable
 .text.S3x_Clk_Get_Rate
                0x0000000000003bf0        0x4 /data/data/com.termux/files/home/arm-examples/blink/GCC_Project/output/s3x_clock_hal.o
                0x0000000000003bf0                S3x_Clk_Get_Rate
 .text.DFS_cpuload
                0x0000000000003bf4       0x4c /data/data/com.termux/files/home/arm-examples/blink/GCC_Project/output/s3x_cpuload.o
                0x0000000000003bf4                DFS_cpuload
 .text.DFS_resetsleepticks
                0x0000000000003c40        0xc /data/data/com.termux/files/home/arm-examples/blink/GCC_Project/output/s3x_cpuload.o
                0x0000000000003c40                DFS_resetsleepticks
 .text.DFS_UpdateTimer
                0x0000000000003c4c       0x5c /data/data/com.termux/files/home/arm-examples/blink/GCC_Project/output/s3x_dfs.o
 .text.DFS_StartTimer
                0x0000000000003ca8       0x88 /data/data/com.termux/files/home/arm-examples/blink/GCC_Project/output/s3x_dfs.o
                0x0000000000003ca8                DFS_StartTimer
 .text.S3x_Set_Policy
                0x0000000000003d30      0x108 /data/data/com.termux/files/home/arm-examples/blink/GCC_Project/output/s3x_dfs.o
                0x0000000000003d30                S3x_Set_Policy
 .text.S3x_get_max_rate_dfs_node
                0x0000000000003e38       0x28 /data/data/com.termux/files/home/arm-examples/blink/GCC_Project/output/s3x_dfs.o
                0x0000000000003e38                S3x_get_max_rate_dfs_node
 .text.S3x_Stepup_Policy
                0x0000000000003e60       0x78 /data/data/com.termux/files/home/arm-examples/blink/GCC_Project/output/s3x_dfs.o
 .text.DFS_TimerCB
                0x0000000000003ed8        0xe /data/data/com.termux/files/home/arm-examples/blink/GCC_Project/output/s3x_dfs.o
 *fill*         0x0000000000003ee6        0x2 
 .text.DFS_Get_Curr_Policy
                0x0000000000003ee8        0xc /data/data/com.termux/files/home/arm-examples/blink/GCC_Project/output/s3x_dfs.o
                0x0000000000003ee8                DFS_Get_Curr_Policy
 .text.DFS_Initialize
                0x0000000000003ef4       0x14 /data/data/com.termux/files/home/arm-examples/blink/GCC_Project/output/s3x_dfs.o
                0x0000000000003ef4                DFS_Initialize
 .text.S3x_Register_Lpm_Cb
                0x0000000000003f08       0x3c /data/data/com.termux/files/home/arm-examples/blink/GCC_Project/output/s3x_lpm.o
                0x0000000000003f08                S3x_Register_Lpm_Cb
 .text.s3x_setup_systick_interrupt
                0x0000000000003f44       0x54 /data/data/com.termux/files/home/arm-examples/blink/GCC_Project/output/s3x_lpm.o
                0x0000000000003f44                s3x_setup_systick_interrupt
 .text.SysTick_Handler
                0x0000000000003f98       0x12 /data/data/com.termux/files/home/arm-examples/blink/GCC_Project/output/s3x_lpm.o
                0x0000000000003f98                SysTick_Handler
 *fill*         0x0000000000003faa        0x2 
 .text.s3x_get_pi
                0x0000000000003fac       0x20 /data/data/com.termux/files/home/arm-examples/blink/GCC_Project/output/s3x_pi.o
                0x0000000000003fac                s3x_get_pi
 .text.s3x_get_pi_gindex
                0x0000000000003fcc       0x14 /data/data/com.termux/files/home/arm-examples/blink/GCC_Project/output/s3x_pi.o
                0x0000000000003fcc                s3x_get_pi_gindex
 .text.s3x_pi_get_st
                0x0000000000003fe0       0x24 /data/data/com.termux/files/home/arm-examples/blink/GCC_Project/output/s3x_pi.o
                0x0000000000003fe0                s3x_pi_get_st
 .text.s3x_pi_set_cfg_st
                0x0000000000004004       0x94 /data/data/com.termux/files/home/arm-examples/blink/GCC_Project/output/s3x_pi.o
                0x0000000000004004                s3x_pi_set_cfg_st
 .text.s3x_pi_set_active_st
                0x0000000000004098       0xa0 /data/data/com.termux/files/home/arm-examples/blink/GCC_Project/output/s3x_pi.o
                0x0000000000004098                s3x_pi_set_active_st
 .text.s3x_pi_get_clkg_st
                0x0000000000004138       0x36 /data/data/com.termux/files/home/arm-examples/blink/GCC_Project/output/s3x_pi.o
                0x0000000000004138                s3x_pi_get_clkg_st
 .text.s3x_pi_set_clkg_st
                0x000000000000416e       0x26 /data/data/com.termux/files/home/arm-examples/blink/GCC_Project/output/s3x_pi.o
                0x000000000000416e                s3x_pi_set_clkg_st
 .text.s3x_set_pi_state
                0x0000000000004194        0xc /data/data/com.termux/files/home/arm-examples/blink/GCC_Project/output/s3x_pi.o
                0x0000000000004194                s3x_set_pi_state
 .text.s3x_get_pi_init_state
                0x00000000000041a0       0x18 /data/data/com.termux/files/home/arm-examples/blink/GCC_Project/output/s3x_pi.o
                0x00000000000041a0                s3x_get_pi_init_state
 .text.S3x_pi_init
                0x00000000000041b8       0x20 /data/data/com.termux/files/home/arm-examples/blink/GCC_Project/output/s3x_pi.o
                0x00000000000041b8                S3x_pi_init
 .text.S3x_pwrcfg_init
                0x00000000000041d8       0x2c /data/data/com.termux/files/home/arm-examples/blink/GCC_Project/output/s3x_pwrcfg.o
                0x00000000000041d8                S3x_pwrcfg_init
 .text.S3x_get_qos_rate
                0x0000000000004204       0x38 /data/data/com.termux/files/home/arm-examples/blink/GCC_Project/output/s3x_qos.o
                0x0000000000004204                S3x_get_qos_rate
 .text.save_assert_info
                0x000000000000423c       0x74 /data/data/com.termux/files/home/arm-examples/blink/GCC_Project/output/sec_debug.o
                0x000000000000423c                save_assert_info
 .text.invoke_soft_fault
                0x00000000000042b0       0x20 /data/data/com.termux/files/home/arm-examples/blink/GCC_Project/output/sec_debug.o
                0x00000000000042b0                invoke_soft_fault
 .text.Reset_Handler
                0x00000000000042d0       0x2c /data/data/com.termux/files/home/arm-examples/blink/GCC_Project/output/startup_EOSS3B_GCC.o
                0x00000000000042d0                Reset_Handler
 .text.__semihost_call
                0x00000000000042fc        0x6 /data/data/com.termux/files/home/arm-examples/blink/GCC_Project/output/startup_EOSS3B_GCC.o
                0x00000000000042fc                __semihost_call
 *fill*         0x0000000000004302        0x2 
 .text.prvResetNextTaskUnblockTime
                0x0000000000004304       0x24 /data/data/com.termux/files/home/arm-examples/blink/GCC_Project/output/tasks.o
 .text.prvAddCurrentTaskToDelayedList
                0x0000000000004328       0x8c /data/data/com.termux/files/home/arm-examples/blink/GCC_Project/output/tasks.o
 .text.xTaskCreate
                0x00000000000043b4      0x1dc /data/data/com.termux/files/home/arm-examples/blink/GCC_Project/output/tasks.o
                0x00000000000043b4                xTaskCreate
 .text.vTaskSuspendAll
                0x0000000000004590       0x10 /data/data/com.termux/files/home/arm-examples/blink/GCC_Project/output/tasks.o
                0x0000000000004590                vTaskSuspendAll
 .text.xTaskGetTickCount
                0x00000000000045a0        0xc /data/data/com.termux/files/home/arm-examples/blink/GCC_Project/output/tasks.o
                0x00000000000045a0                xTaskGetTickCount
 .text.xTaskIncrementTick
                0x00000000000045ac      0x144 /data/data/com.termux/files/home/arm-examples/blink/GCC_Project/output/tasks.o
                0x00000000000045ac                xTaskIncrementTick
 .text.xTaskResumeAll
                0x00000000000046f0       0xfc /data/data/com.termux/files/home/arm-examples/blink/GCC_Project/output/tasks.o
                0x00000000000046f0                xTaskResumeAll
 .text.vTaskDelay
                0x00000000000047ec       0x60 /data/data/com.termux/files/home/arm-examples/blink/GCC_Project/output/tasks.o
                0x00000000000047ec                vTaskDelay
 .text.vTaskSwitchContext
                0x000000000000484c       0xb8 /data/data/com.termux/files/home/arm-examples/blink/GCC_Project/output/tasks.o
                0x000000000000484c                vTaskSwitchContext
 .text.vTaskPlaceOnEventList
                0x0000000000004904       0x48 /data/data/com.termux/files/home/arm-examples/blink/GCC_Project/output/tasks.o
                0x0000000000004904                vTaskPlaceOnEventList
 .text.xTaskRemoveFromEventList
                0x000000000000494c       0x98 /data/data/com.termux/files/home/arm-examples/blink/GCC_Project/output/tasks.o
                0x000000000000494c                xTaskRemoveFromEventList
 .text.vTaskInternalSetTimeOutState
                0x00000000000049e4       0x18 /data/data/com.termux/files/home/arm-examples/blink/GCC_Project/output/tasks.o
                0x00000000000049e4                vTaskInternalSetTimeOutState
 .text.xTaskCheckForTimeOut
                0x00000000000049fc       0x94 /data/data/com.termux/files/home/arm-examples/blink/GCC_Project/output/tasks.o
                0x00000000000049fc                xTaskCheckForTimeOut
 .text.vTaskMissedYield
                0x0000000000004a90        0xc /data/data/com.termux/files/home/arm-examples/blink/GCC_Project/output/tasks.o
                0x0000000000004a90                vTaskMissedYield
 .text.uxTaskGetTCBNumber
                0x0000000000004a9c       0x14 /data/data/com.termux/files/home/arm-examples/blink/GCC_Project/output/tasks.o
                0x0000000000004a9c                uxTaskGetTCBNumber
 .text.xTaskGetCurrentTaskHandle
                0x0000000000004ab0        0xc /data/data/com.termux/files/home/arm-examples/blink/GCC_Project/output/tasks.o
                0x0000000000004ab0                xTaskGetCurrentTaskHandle
 .text.xTaskGetSchedulerState
                0x0000000000004abc       0x20 /data/data/com.termux/files/home/arm-examples/blink/GCC_Project/output/tasks.o
                0x0000000000004abc                xTaskGetSchedulerState
 .text.xTaskPriorityInherit
                0x0000000000004adc       0xa4 /data/data/com.termux/files/home/arm-examples/blink/GCC_Project/output/tasks.o
                0x0000000000004adc                xTaskPriorityInherit
 .text.xTaskPriorityDisinherit
                0x0000000000004b80       0xc0 /data/data/com.termux/files/home/arm-examples/blink/GCC_Project/output/tasks.o
                0x0000000000004b80                xTaskPriorityDisinherit
 .text.vTaskPriorityDisinheritAfterTimeout
                0x0000000000004c40       0xd0 /data/data/com.termux/files/home/arm-examples/blink/GCC_Project/output/tasks.o
                0x0000000000004c40                vTaskPriorityDisinheritAfterTimeout
 .text.pvTaskIncrementMutexHeldCount
                0x0000000000004d10       0x18 /data/data/com.termux/files/home/arm-examples/blink/GCC_Project/output/tasks.o
                0x0000000000004d10                pvTaskIncrementMutexHeldCount
 .text.prvCheckForValidListAndQueue
                0x0000000000004d28       0x58 /data/data/com.termux/files/home/arm-examples/blink/GCC_Project/output/timers.o
 .text.xTimerCreate
                0x0000000000004d80       0x58 /data/data/com.termux/files/home/arm-examples/blink/GCC_Project/output/timers.o
                0x0000000000004d80                xTimerCreate
 .text.xTimerGenericCommand
                0x0000000000004dd8       0x70 /data/data/com.termux/files/home/arm-examples/blink/GCC_Project/output/timers.o
                0x0000000000004dd8                xTimerGenericCommand
 .text          0x0000000000004e48       0x30 /usr/lib/gcc/arm-none-eabi/8.3.1/thumb/v7e-m+fp/hard/libgcc.a(_aeabi_uldivmod.o)
                0x0000000000004e48                __aeabi_uldivmod
 .text          0x0000000000004e78      0x2d0 /usr/lib/gcc/arm-none-eabi/8.3.1/thumb/v7e-m+fp/hard/libgcc.a(_udivmoddi4.o)
                0x0000000000004e78                __udivmoddi4
 .text          0x0000000000005148        0x4 /usr/lib/gcc/arm-none-eabi/8.3.1/thumb/v7e-m+fp/hard/libgcc.a(_dvmd_tls.o)
                0x0000000000005148                __aeabi_ldiv0
                0x0000000000005148                __aeabi_idiv0
 .text          0x000000000000514c        0xc /usr/lib/gcc/arm-none-eabi/8.3.1/../../../arm-none-eabi/lib/thumb/v7e-m+fp/hard/libg_nano.a(lib_a-atexit.o)
                0x000000000000514c                atexit
 .text          0x0000000000005158       0x28 /usr/lib/gcc/arm-none-eabi/8.3.1/../../../arm-none-eabi/lib/thumb/v7e-m+fp/hard/libg_nano.a(lib_a-exit.o)
                0x0000000000005158                exit
 .text          0x0000000000005180       0x34 /usr/lib/gcc/arm-none-eabi/8.3.1/../../../arm-none-eabi/lib/thumb/v7e-m+fp/hard/libg_nano.a(lib_a-fini.o)
                0x0000000000005180                __libc_fini_array
 .text          0x00000000000051b4       0x48 /usr/lib/gcc/arm-none-eabi/8.3.1/../../../arm-none-eabi/lib/thumb/v7e-m+fp/hard/libg_nano.a(lib_a-init.o)
                0x00000000000051b4                __libc_init_array
 .text          0x00000000000051fc       0x20 /usr/lib/gcc/arm-none-eabi/8.3.1/../../../arm-none-eabi/lib/thumb/v7e-m+fp/hard/libg_nano.a(lib_a-malloc.o)
                0x00000000000051fc                malloc
                0x000000000000520c                free
 .text          0x000000000000521c      0x134 /usr/lib/gcc/arm-none-eabi/8.3.1/../../../arm-none-eabi/lib/thumb/v7e-m+fp/hard/libg_nano.a(lib_a-memcpy.o)
                0x000000000000521c                memcpy
 .text          0x0000000000005350       0xa0 /usr/lib/gcc/arm-none-eabi/8.3.1/../../../arm-none-eabi/lib/thumb/v7e-m+fp/hard/libg_nano.a(lib_a-memset.o)
                0x0000000000005350                memset
 .text          0x00000000000053f0       0xac /usr/lib/gcc/arm-none-eabi/8.3.1/../../../arm-none-eabi/lib/thumb/v7e-m+fp/hard/libg_nano.a(lib_a-nano-freer.o)
                0x00000000000053f0                _free_r
 .text          0x000000000000549c       0xc8 /usr/lib/gcc/arm-none-eabi/8.3.1/../../../arm-none-eabi/lib/thumb/v7e-m+fp/hard/libg_nano.a(lib_a-nano-mallocr.o)
                0x000000000000549c                _malloc_r
 .text          0x0000000000005564       0x68 /usr/lib/gcc/arm-none-eabi/8.3.1/../../../arm-none-eabi/lib/thumb/v7e-m+fp/hard/libg_nano.a(lib_a-printf.o)
                0x0000000000005564                _printf_r
                0x0000000000005564                _iprintf_r
                0x0000000000005594                printf
                0x0000000000005594                iprintf
 .text          0x00000000000055cc       0xe8 /usr/lib/gcc/arm-none-eabi/8.3.1/../../../arm-none-eabi/lib/thumb/v7e-m+fp/hard/libg_nano.a(lib_a-puts.o)
                0x00000000000055cc                _puts_r
                0x00000000000056a4                puts
 .text          0x00000000000056b4       0x24 /usr/lib/gcc/arm-none-eabi/8.3.1/../../../arm-none-eabi/lib/thumb/v7e-m+fp/hard/libg_nano.a(lib_a-sbrkr.o)
                0x00000000000056b4                _sbrk_r
 .text          0x00000000000056d8       0x1c /usr/lib/gcc/arm-none-eabi/8.3.1/../../../arm-none-eabi/lib/thumb/v7e-m+fp/hard/libg_nano.a(lib_a-setjmp.o)
                0x00000000000056d8                setjmp
                0x00000000000056e4                longjmp
 .text          0x00000000000056f4      0x110 /usr/lib/gcc/arm-none-eabi/8.3.1/../../../arm-none-eabi/lib/thumb/v7e-m+fp/hard/libg_nano.a(lib_a-snprintf.o)
                0x00000000000056f4                _sniprintf_r
                0x00000000000056f4                _snprintf_r
                0x0000000000005778                snprintf
                0x0000000000005778                sniprintf
 .text          0x0000000000005804       0x80 /usr/lib/gcc/arm-none-eabi/8.3.1/../../../arm-none-eabi/lib/thumb/v7e-m+fp/hard/libg_nano.a(lib_a-sprintf.o)
                0x0000000000005804                _siprintf_r
                0x0000000000005804                _sprintf_r
                0x0000000000005840                sprintf
                0x0000000000005840                siprintf
 .text          0x0000000000005884       0xc8 /usr/lib/gcc/arm-none-eabi/8.3.1/../../../arm-none-eabi/lib/thumb/v7e-m+fp/hard/libg_nano.a(lib_a-strchr.o)
                0x0000000000005884                strchr
 *fill*         0x000000000000594c       0x14 
 .text          0x0000000000005960      0x2dc /usr/lib/gcc/arm-none-eabi/8.3.1/../../../arm-none-eabi/lib/thumb/v7e-m+fp/hard/libg_nano.a(lib_a-strcmp.o)
                0x0000000000005968                strcmp
 .text          0x0000000000005c3c       0xbc /usr/lib/gcc/arm-none-eabi/8.3.1/../../../arm-none-eabi/lib/thumb/v7e-m+fp/hard/libg_nano.a(lib_a-strcpy.o)
                0x0000000000005c3c                strcpy
 *fill*         0x0000000000005cf8        0x8 
 .text          0x0000000000005d00       0xdc /usr/lib/gcc/arm-none-eabi/8.3.1/../../../arm-none-eabi/lib/thumb/v7e-m+fp/hard/libg_nano.a(lib_a-strlen.o)
                0x0000000000005d00                strlen
 .text          0x0000000000005ddc       0x74 /usr/lib/gcc/arm-none-eabi/8.3.1/../../../arm-none-eabi/lib/thumb/v7e-m+fp/hard/libg_nano.a(lib_a-strncpy.o)
                0x0000000000005ddc                strncpy
 .text          0x0000000000005e50       0x24 /usr/lib/gcc/arm-none-eabi/8.3.1/../../../arm-none-eabi/lib/thumb/v7e-m+fp/hard/libg_nano.a(lib_a-strrchr.o)
                0x0000000000005e50                strrchr
 .text          0x0000000000005e74       0x70 /usr/lib/gcc/arm-none-eabi/8.3.1/../../../arm-none-eabi/lib/thumb/v7e-m+fp/hard/libg_nano.a(lib_a-strtok_r.o)
                0x0000000000005e74                __strtok_r
                0x0000000000005edc                strtok_r
 .text          0x0000000000005ee4      0x1c4 /usr/lib/gcc/arm-none-eabi/8.3.1/../../../arm-none-eabi/lib/thumb/v7e-m+fp/hard/libg_nano.a(lib_a-strtoll.o)
                0x0000000000006074                _strtoll_r
                0x0000000000006078                strtoll_l
                0x0000000000006090                strtoll
 .text          0x00000000000060a8      0x1f8 /usr/lib/gcc/arm-none-eabi/8.3.1/../../../arm-none-eabi/lib/thumb/v7e-m+fp/hard/libg_nano.a(lib_a-strtoull.o)
                0x000000000000626c                _strtoull_r
                0x0000000000006270                strtoull_l
                0x0000000000006288                strtoull
 .text          0x00000000000062a0       0x88 /usr/lib/gcc/arm-none-eabi/8.3.1/../../../arm-none-eabi/lib/thumb/v7e-m+fp/hard/libg_nano.a(lib_a-vsnprintf.o)
                0x00000000000062a0                _vsnprintf_r
                0x00000000000062a0                _vsniprintf_r
                0x000000000000630c                vsnprintf
                0x000000000000630c                vsniprintf
 .text          0x0000000000006328       0xc0 /usr/lib/gcc/arm-none-eabi/8.3.1/../../../arm-none-eabi/lib/thumb/v7e-m+fp/hard/libg_nano.a(lib_a-wbuf.o)
                0x0000000000006328                __swbuf_r
                0x00000000000063d8                __swbuf
 .text          0x00000000000063e8      0x100 /usr/lib/gcc/arm-none-eabi/8.3.1/../../../arm-none-eabi/lib/thumb/v7e-m+fp/hard/libg_nano.a(lib_a-wsetup.o)
                0x00000000000063e8                __swsetup_r
 .text          0x00000000000064e8       0xa0 /usr/lib/gcc/arm-none-eabi/8.3.1/../../../arm-none-eabi/lib/thumb/v7e-m+fp/hard/libg_nano.a(lib_a-__atexit.o)
                0x00000000000064e8                __register_exitproc
 .text          0x0000000000006588       0x9c /usr/lib/gcc/arm-none-eabi/8.3.1/../../../arm-none-eabi/lib/thumb/v7e-m+fp/hard/libg_nano.a(lib_a-__call_atexit.o)
                0x0000000000006588                __call_exitprocs
 .text          0x0000000000006624      0x1b0 /usr/lib/gcc/arm-none-eabi/8.3.1/../../../arm-none-eabi/lib/thumb/v7e-m+fp/hard/libg_nano.a(lib_a-fflush.o)
                0x0000000000006624                __sflush_r
                0x0000000000006750                _fflush_r
                0x00000000000067b0                fflush
 .text          0x00000000000067d4      0x210 /usr/lib/gcc/arm-none-eabi/8.3.1/../../../arm-none-eabi/lib/thumb/v7e-m+fp/hard/libg_nano.a(lib_a-findfp.o)
                0x00000000000067d8                _cleanup_r
                0x00000000000067e8                __sfmoreglue
                0x0000000000006818                __sfp
                0x0000000000006990                _cleanup
                0x00000000000069a4                __sinit
                0x00000000000069ac                __sfp_lock_acquire
                0x00000000000069b0                __sfp_lock_release
                0x00000000000069b4                __sinit_lock_acquire
                0x00000000000069b8                __sinit_lock_release
                0x00000000000069bc                __fp_lock_all
                0x00000000000069d0                __fp_unlock_all
 .text          0x00000000000069e4       0xa0 /usr/lib/gcc/arm-none-eabi/8.3.1/../../../arm-none-eabi/lib/thumb/v7e-m+fp/hard/libg_nano.a(lib_a-fwalk.o)
                0x00000000000069e4                _fwalk
                0x0000000000006a30                _fwalk_reent
 .text          0x0000000000006a84       0xf0 /usr/lib/gcc/arm-none-eabi/8.3.1/../../../arm-none-eabi/lib/thumb/v7e-m+fp/hard/libg_nano.a(lib_a-makebuf.o)
                0x0000000000006a84                __swhatbuf_r
                0x0000000000006ae0                __smakebuf_r
 .text          0x0000000000006b74        0x8 /usr/lib/gcc/arm-none-eabi/8.3.1/../../../arm-none-eabi/lib/thumb/v7e-m+fp/hard/libg_nano.a(lib_a-mlock.o)
                0x0000000000006b74                __malloc_lock
                0x0000000000006b78                __malloc_unlock
 .text          0x0000000000006b7c      0x42c /usr/lib/gcc/arm-none-eabi/8.3.1/../../../arm-none-eabi/lib/thumb/v7e-m+fp/hard/libg_nano.a(lib_a-nano-svfprintf.o)
                0x0000000000006b7c                __ssputs_r
                0x0000000000006c3c                __ssprint_r
                0x0000000000006d34                _svfprintf_r
                0x0000000000006d34                _svfiprintf_r
 .text          0x0000000000006fa8      0x364 /usr/lib/gcc/arm-none-eabi/8.3.1/../../../arm-none-eabi/lib/thumb/v7e-m+fp/hard/libg_nano.a(lib_a-nano-vfprintf.o)
                0x0000000000006fe4                __sfputs_r
                0x0000000000007014                __sprint_r
                0x0000000000007030                _vfiprintf_r
                0x0000000000007030                _vfprintf_r
                0x00000000000072f4                vfiprintf
                0x00000000000072f4                vfprintf
 .text          0x000000000000730c      0x3c4 /usr/lib/gcc/arm-none-eabi/8.3.1/../../../arm-none-eabi/lib/thumb/v7e-m+fp/hard/libg_nano.a(lib_a-nano-vfprintf_i.o)
                0x000000000000730c                _printf_common
                0x0000000000007438                _printf_i
 .text          0x00000000000076d0       0x90 /usr/lib/gcc/arm-none-eabi/8.3.1/../../../arm-none-eabi/lib/thumb/v7e-m+fp/hard/libg_nano.a(lib_a-stdio.o)
                0x00000000000076d0                __sread
                0x00000000000076f4                __seofread
                0x00000000000076f8                __swrite
                0x0000000000007738                __sseek
                0x0000000000007758                __sclose
 .text          0x0000000000007760       0x2c /usr/lib/gcc/arm-none-eabi/8.3.1/../../../arm-none-eabi/lib/thumb/v7e-m+fp/hard/libg_nano.a(lib_a-writer.o)
                0x0000000000007760                _write_r
 .text          0x000000000000778c       0x24 /usr/lib/gcc/arm-none-eabi/8.3.1/../../../arm-none-eabi/lib/thumb/v7e-m+fp/hard/libg_nano.a(lib_a-closer.o)
                0x000000000000778c                _close_r
 .text          0x00000000000077b0       0x28 /usr/lib/gcc/arm-none-eabi/8.3.1/../../../arm-none-eabi/lib/thumb/v7e-m+fp/hard/libg_nano.a(lib_a-fstatr.o)
                0x00000000000077b0                _fstat_r
 .text          0x00000000000077d8      0x308 /usr/lib/gcc/arm-none-eabi/8.3.1/../../../arm-none-eabi/lib/thumb/v7e-m+fp/hard/libg_nano.a(lib_a-fvwrite.o)
                0x00000000000077d8                __sfvwrite_r
 .text          0x0000000000007ae0       0x24 /usr/lib/gcc/arm-none-eabi/8.3.1/../../../arm-none-eabi/lib/thumb/v7e-m+fp/hard/libg_nano.a(lib_a-isattyr.o)
                0x0000000000007ae0                _isatty_r
 .text          0x0000000000007b04       0x2c /usr/lib/gcc/arm-none-eabi/8.3.1/../../../arm-none-eabi/lib/thumb/v7e-m+fp/hard/libg_nano.a(lib_a-lseekr.o)
                0x0000000000007b04                _lseek_r
 .text          0x0000000000007b30       0xa0 /usr/lib/gcc/arm-none-eabi/8.3.1/../../../arm-none-eabi/lib/thumb/v7e-m+fp/hard/libg_nano.a(lib_a-memchr.o)
                0x0000000000007b30                memchr
 .text          0x0000000000007bd0       0xd0 /usr/lib/gcc/arm-none-eabi/8.3.1/../../../arm-none-eabi/lib/thumb/v7e-m+fp/hard/libg_nano.a(lib_a-memmove.o)
                0x0000000000007bd0                memmove
 .text          0x0000000000007ca0       0x4c /usr/lib/gcc/arm-none-eabi/8.3.1/../../../arm-none-eabi/lib/thumb/v7e-m+fp/hard/libg_nano.a(lib_a-nano-reallocr.o)
                0x0000000000007ca0                _realloc_r
 .text          0x0000000000007cec       0x2c /usr/lib/gcc/arm-none-eabi/8.3.1/../../../arm-none-eabi/lib/thumb/v7e-m+fp/hard/libg_nano.a(lib_a-readr.o)
                0x0000000000007cec                _read_r
 .text          0x0000000000007d18       0x10 /usr/lib/gcc/arm-none-eabi/8.3.1/../../../arm-none-eabi/lib/thumb/v7e-m+fp/hard/libg_nano.a(lib_a-nano-msizer.o)
                0x0000000000007d18                _malloc_usable_size_r
 .text          0x0000000000007d28       0x10 /usr/lib/gcc/arm-none-eabi/8.3.1/../../../arm-none-eabi/lib/thumb/v7e-m+fp/hard/libnosys.a(fstat.o)
                0x0000000000007d28                _fstat
 .text          0x0000000000007d38       0x10 /usr/lib/gcc/arm-none-eabi/8.3.1/../../../arm-none-eabi/lib/thumb/v7e-m+fp/hard/libnosys.a(isatty.o)
                0x0000000000007d38                _isatty
 .text          0x0000000000007d48       0x1c /usr/lib/gcc/arm-none-eabi/8.3.1/../../../arm-none-eabi/lib/thumb/v7e-m+fp/hard/libnosys.a(sbrk.o)
                0x0000000000007d48                _sbrk
 .text          0x0000000000007d64        0x4 /usr/lib/gcc/arm-none-eabi/8.3.1/../../../arm-none-eabi/lib/thumb/v7e-m+fp/hard/libnosys.a(_exit.o)
                0x0000000000007d64                _exit
 *(.init)
 .init          0x0000000000007d68        0x4 /usr/lib/gcc/arm-none-eabi/8.3.1/thumb/v7e-m+fp/hard/crti.o
                0x0000000000007d68                _init
 .init          0x0000000000007d6c        0x8 /usr/lib/gcc/arm-none-eabi/8.3.1/thumb/v7e-m+fp/hard/crtn.o
 *(.fini)
 .fini          0x0000000000007d74        0x4 /usr/lib/gcc/arm-none-eabi/8.3.1/thumb/v7e-m+fp/hard/crti.o
                0x0000000000007d74                _fini
 .fini          0x0000000000007d78        0x8 /usr/lib/gcc/arm-none-eabi/8.3.1/thumb/v7e-m+fp/hard/crtn.o
 *crtbegin.o(.ctors)
 *crtbegin?.o(.ctors)
 *(EXCLUDE_FILE(*crtend.o *crtend?.o) .ctors)
 *(SORT_BY_NAME(.ctors.*))
 *(.ctors)
 *crtbegin.o(.dtors)
 *crtbegin?.o(.dtors)
 *(EXCLUDE_FILE(*crtend.o *crtend?.o) .dtors)
 *(SORT_BY_NAME(.dtors.*))
 *(.dtors)
 *(.rodata*)
 .rodata.CLI_numX_getshow_X.str1.1
                0x0000000000007d80       0x23 /data/data/com.termux/files/home/arm-examples/blink/GCC_Project/output/cli_args.o
 .rodata.CLI_string_ptr_get_subcmd.str1.1
                0x0000000000007da3        0xc /data/data/com.termux/files/home/arm-examples/blink/GCC_Project/output/cli_args.o
 .rodata.CLI_cmd_stack_pop.str1.1
                0x0000000000007daf       0x16 /data/data/com.termux/files/home/arm-examples/blink/GCC_Project/output/cli_loop.o
 .rodata.CLI_cmd_stack_push.str1.1
                0x0000000000007dc5       0x1a /data/data/com.termux/files/home/arm-examples/blink/GCC_Project/output/cli_loop.o
 .rodata.CLI_dispatch.str1.1
                0x0000000000007ddf       0x21 /data/data/com.termux/files/home/arm-examples/blink/GCC_Project/output/cli_loop.o
 .rodata.CLI_dispatch_subcmd.str1.1
                0x0000000000007e00       0x2a /data/data/com.termux/files/home/arm-examples/blink/GCC_Project/output/cli_loop.o
 .rodata.CLI_print_prompt.str1.1
                0x0000000000007e2a        0xd /data/data/com.termux/files/home/arm-examples/blink/GCC_Project/output/cli_loop.o
 .rodata.CLI_rx_byte.str1.1
                0x0000000000007e37        0x9 /data/data/com.termux/files/home/arm-examples/blink/GCC_Project/output/cli_loop.o
 .rodata.CLI_verror.str1.1
                0x0000000000007e40        0x8 /data/data/com.termux/files/home/arm-examples/blink/GCC_Project/output/cli_loop.o
 .rodata._backspace.7305
                0x0000000000007e48        0x4 /data/data/com.termux/files/home/arm-examples/blink/GCC_Project/output/cli_loop.o
 .rodata.handle_exit.str1.1
                0x0000000000007e4c        0xa /data/data/com.termux/files/home/arm-examples/blink/GCC_Project/output/cli_loop.o
 .rodata.handle_help.str1.1
                0x0000000000007e56       0x2e /data/data/com.termux/files/home/arm-examples/blink/GCC_Project/output/cli_loop.o
                                         0x33 (size before relaxing)
 .rodata.std_cmds
                0x0000000000007e84       0x40 /data/data/com.termux/files/home/arm-examples/blink/GCC_Project/output/cli_loop.o
 .rodata.str1.1
                0x0000000000007ec4       0x21 /data/data/com.termux/files/home/arm-examples/blink/GCC_Project/output/cli_loop.o
                                         0x26 (size before relaxing)
 .rodata.CLI_error_missing_parameter.str1.1
                0x0000000000007ee5        0xd /data/data/com.termux/files/home/arm-examples/blink/GCC_Project/output/cli_misc.o
 .rodata.CLI_error_not_a_number.str1.1
                0x0000000000007ef2       0x17 /data/data/com.termux/files/home/arm-examples/blink/GCC_Project/output/cli_misc.o
 .rodata.CLI_start_task.str1.1
                0x0000000000007f09       0x5a /data/data/com.termux/files/home/arm-examples/blink/GCC_Project/output/cli_platform.o
 .rodata.CLI_task.str1.1
                0x0000000000007f63       0x42 /data/data/com.termux/files/home/arm-examples/blink/GCC_Project/output/cli_platform.o
 .rodata._colon_tt.8560
                0x0000000000007fa5        0x4 /data/data/com.termux/files/home/arm-examples/blink/GCC_Project/output/dbg_uart.o
 .rodata.dbg_str.str1.1
                0x0000000000007fa9        0x3 /data/data/com.termux/files/home/arm-examples/blink/GCC_Project/output/dbg_uart.o
 .rodata.HAL_PAD_Config.str1.1
                0x0000000000007fac       0x54 /data/data/com.termux/files/home/arm-examples/blink/GCC_Project/output/eoss3_hal_pad_config.o
 .rodata.IO_INPUT_PAD_SEL
                0x0000000000008000       0x10 /data/data/com.termux/files/home/arm-examples/blink/GCC_Project/output/eoss3_hal_pad_config.o
                0x0000000000008000                IO_INPUT_PAD_SEL
 .rodata.SEL_EXT_PAD_REGS
                0x0000000000008010      0x160 /data/data/com.termux/files/home/arm-examples/blink/GCC_Project/output/eoss3_hal_pad_config.o
                0x0000000000008010                SEL_EXT_PAD_REGS
 .rodata.unlock_spi1_bus.str1.1
                0x0000000000008170       0x36 /data/data/com.termux/files/home/arm-examples/blink/GCC_Project/output/eoss3_hal_spi.o
 .rodata.HAL_Timer_ISR.str1.1
                0x00000000000081a6       0x20 /data/data/com.termux/files/home/arm-examples/blink/GCC_Project/output/eoss3_hal_timer.o
 .rodata.SendEventToTimerThread.str1.1
                0x00000000000081c6       0x82 /data/data/com.termux/files/home/arm-examples/blink/GCC_Project/output/eoss3_hal_timer.o
 .rodata.__FUNCTION__.9321
                0x0000000000008248        0xe /data/data/com.termux/files/home/arm-examples/blink/GCC_Project/output/eoss3_hal_timer.o
 .rodata.CSWTCH.15
                0x0000000000008256        0x4 /data/data/com.termux/files/home/arm-examples/blink/GCC_Project/output/eoss3_hal_uart.o
 *fill*         0x000000000000825a        0x2 
 .rodata.CSWTCH.16
                0x000000000000825c       0x28 /data/data/com.termux/files/home/arm-examples/blink/GCC_Project/output/eoss3_hal_uart.o
 .rodata.uart_init.str1.1
                0x0000000000008284        0xc /data/data/com.termux/files/home/arm-examples/blink/GCC_Project/output/eoss3_hal_uart.o
 .rodata.WDT_ISR.str1.1
                0x0000000000008290       0x4d /data/data/com.termux/files/home/arm-examples/blink/GCC_Project/output/eoss3_hal_wdt.o
 .rodata.__FUNCTION__.8685
                0x00000000000082dd        0x8 /data/data/com.termux/files/home/arm-examples/blink/GCC_Project/output/eoss3_hal_wdt.o
 .rodata.prvGetRegistersFromStack.str1.1
                0x00000000000082e5       0x41 /data/data/com.termux/files/home/arm-examples/blink/GCC_Project/output/exceptions.o
                                         0x44 (size before relaxing)
 .rodata.spurious_interrupt.str1.1
                0x0000000000008326        0xd /data/data/com.termux/files/home/arm-examples/blink/GCC_Project/output/exceptions.o
 .rodata.vApplicationMallocFailedHook.str1.1
                0x0000000000008333       0x20 /data/data/com.termux/files/home/arm-examples/blink/GCC_Project/output/exceptions.o
 .rodata.vApplicationStackOverflowHook.str1.1
                0x0000000000008353       0x21 /data/data/com.termux/files/home/arm-examples/blink/GCC_Project/output/exceptions.o
 .rodata.pvPortMalloc.str1.1
                0x0000000000008374       0x58 /data/data/com.termux/files/home/arm-examples/blink/GCC_Project/output/heap_4.o
 .rodata.vPortFree.str1.1
                0x00000000000083cc       0x35 /data/data/com.termux/files/home/arm-examples/blink/GCC_Project/output/heap_4.o
 .rodata.main.str1.1
                0x0000000000008401       0xcb /data/data/com.termux/files/home/arm-examples/blink/GCC_Project/output/main.o
                                         0xd0 (size before relaxing)
 .rodata.get_gpio_value.str1.1
                0x00000000000084cc       0x11 /data/data/com.termux/files/home/arm-examples/blink/GCC_Project/output/main_dbg_cli_menu.o
 *fill*         0x00000000000084dd        0x3 
 .rodata.my_main_menu
                0x00000000000084e0       0x20 /data/data/com.termux/files/home/arm-examples/blink/GCC_Project/output/main_dbg_cli_menu.o
                0x00000000000084e0                my_main_menu
 .rodata.qorc_gpioctlr
                0x0000000000008500       0x40 /data/data/com.termux/files/home/arm-examples/blink/GCC_Project/output/main_dbg_cli_menu.o
                0x0000000000008500                qorc_gpioctlr
 .rodata.set_gpio_input.str1.1
                0x0000000000008540        0x3 /data/data/com.termux/files/home/arm-examples/blink/GCC_Project/output/main_dbg_cli_menu.o
 .rodata.set_gpio_output.str1.1
                0x0000000000008543        0x3 /data/data/com.termux/files/home/arm-examples/blink/GCC_Project/output/main_dbg_cli_menu.o
                                          0x4 (size before relaxing)
 .rodata.str1.1
                0x0000000000008543       0x6e /data/data/com.termux/files/home/arm-examples/blink/GCC_Project/output/main_dbg_cli_menu.o
 .rodata.prvTaskExitError.str1.1
                0x00000000000085b1       0x6b /data/data/com.termux/files/home/arm-examples/blink/GCC_Project/output/port.o
 .rodata.xQueueGenericReset.str1.1
                0x000000000000861c       0x46 /data/data/com.termux/files/home/arm-examples/blink/GCC_Project/output/queue.o
 .rodata.S3x_Clk_Init.str1.1
                0x0000000000008662       0x5c /data/data/com.termux/files/home/arm-examples/blink/GCC_Project/output/s3x_clock.o
 .rodata.DFS_StartTimer.str1.1
                0x00000000000086be       0x5d /data/data/com.termux/files/home/arm-examples/blink/GCC_Project/output/s3x_dfs.o
 .rodata.S3x_Set_Policy.str1.1
                0x000000000000871b       0x17 /data/data/com.termux/files/home/arm-examples/blink/GCC_Project/output/s3x_dfs.o
 .rodata.__func__.9034
                0x0000000000008732       0x15 /data/data/com.termux/files/home/arm-examples/blink/GCC_Project/output/s3x_pi.o
 .rodata.s3x_pi_set_active_st.str1.1
                0x0000000000008747       0x2f /data/data/com.termux/files/home/arm-examples/blink/GCC_Project/output/s3x_pi.o
 .rodata        0x0000000000008776        0x8 /data/data/com.termux/files/home/arm-examples/blink/GCC_Project/output/sec_debug.o
 .rodata.invoke_soft_fault.str1.1
                0x000000000000877e        0xc /data/data/com.termux/files/home/arm-examples/blink/GCC_Project/output/sec_debug.o
 .rodata.save_assert_info.str1.1
                0x000000000000878a       0x1c /data/data/com.termux/files/home/arm-examples/blink/GCC_Project/output/sec_debug.o
 .rodata.prvTaskIsTaskSuspended.str1.1
                0x00000000000087a6       0x46 /data/data/com.termux/files/home/arm-examples/blink/GCC_Project/output/tasks.o
 .rodata.prvCheckForValidListAndQueue.str1.1
                0x00000000000087ec        0x5 /data/data/com.termux/files/home/arm-examples/blink/GCC_Project/output/timers.o
 .rodata.xTimerCreateTimerTask.str1.1
                0x00000000000087f1       0x4f /data/data/com.termux/files/home/arm-examples/blink/GCC_Project/output/timers.o
 .rodata        0x0000000000008840        0x4 /usr/lib/gcc/arm-none-eabi/8.3.1/../../../arm-none-eabi/lib/thumb/v7e-m+fp/hard/libg_nano.a(lib_a-impure.o)
                0x0000000000008840                _global_impure_ptr
 .rodata        0x0000000000008844      0x101 /usr/lib/gcc/arm-none-eabi/8.3.1/../../../arm-none-eabi/lib/thumb/v7e-m+fp/hard/libg_nano.a(lib_a-ctype_.o)
                0x0000000000008844                _ctype_
 *fill*         0x0000000000008945        0x3 
 .rodata        0x0000000000008948       0x60 /usr/lib/gcc/arm-none-eabi/8.3.1/../../../arm-none-eabi/lib/thumb/v7e-m+fp/hard/libg_nano.a(lib_a-findfp.o)
                0x0000000000008948                __sf_fake_stderr
                0x0000000000008968                __sf_fake_stdout
                0x0000000000008988                __sf_fake_stdin
 .rodata.str1.4
                0x00000000000089a8       0x13 /usr/lib/gcc/arm-none-eabi/8.3.1/../../../arm-none-eabi/lib/thumb/v7e-m+fp/hard/libg_nano.a(lib_a-nano-svfprintf.o)
 .rodata.str1.4
                0x00000000000089bb       0x13 /usr/lib/gcc/arm-none-eabi/8.3.1/../../../arm-none-eabi/lib/thumb/v7e-m+fp/hard/libg_nano.a(lib_a-nano-vfprintf.o)
 *fill*         0x00000000000089bb        0x1 
 .rodata.str1.4
                0x00000000000089bc       0x25 /usr/lib/gcc/arm-none-eabi/8.3.1/../../../arm-none-eabi/lib/thumb/v7e-m+fp/hard/libg_nano.a(lib_a-nano-vfprintf_i.o)
 *(.eh_fram e*)

.eh_frame       0x00000000000089e4        0x0
 .eh_frame      0x00000000000089e4        0x0 /usr/lib/gcc/arm-none-eabi/8.3.1/thumb/v7e-m+fp/hard/crtbegin.o

.glue_7         0x00000000000089e4        0x0
 .glue_7        0x00000000000089e4        0x0 linker stubs

.glue_7t        0x00000000000089e4        0x0
 .glue_7t       0x00000000000089e4        0x0 linker stubs

.vfp11_veneer   0x00000000000089e4        0x0
 .vfp11_veneer  0x00000000000089e4        0x0 linker stubs

.v4_bx          0x00000000000089e4        0x0
 .v4_bx         0x00000000000089e4        0x0 linker stubs

.iplt           0x00000000000089e4        0x0
 .iplt          0x00000000000089e4        0x0 /usr/lib/gcc/arm-none-eabi/8.3.1/thumb/v7e-m+fp/hard/crtbegin.o

.ARM.extab
 *(.ARM.extab* .gnu.linkonce.armextab.*)
                0x00000000000089e1                __exidx_start = .

.ARM.exidx      0x00000000000089e4        0x8
 *(.ARM.exidx* .gnu.linkonce.armexidx.*)
 .ARM.exidx     0x00000000000089e4        0x8 /usr/lib/gcc/arm-none-eabi/8.3.1/../../../arm-none-eabi/lib/thumb/v7e-m+fp/hard/crt0.o
                                         0x10 (size before relaxing)
 .ARM.exidx     0x00000000000089ec        0x0 /usr/lib/gcc/arm-none-eabi/8.3.1/thumb/v7e-m+fp/hard/libgcc.a(_udivmoddi4.o)
                                          0x8 (size before relaxing)
                0x00000000000089ec                __exidx_end = .
                0x00000000000089ec                __etext = .
                0x00000000000089ec                _sidata = __etext

.rel.dyn        0x00000000000089ec        0x0
 .rel.iplt      0x00000000000089ec        0x0 /usr/lib/gcc/arm-none-eabi/8.3.1/thumb/v7e-m+fp/hard/crtbegin.o

.data           0x0000000020027000      0x8fc load address 0x00000000000089ec
                0x0000000020027000                __data_start__ = .
                0x0000000020027000                _sdata = __data_start__
 *(vtable)
 *(.data*)
 .data._dbg_uart_id
                0x0000000020027000        0x4 /data/data/com.termux/files/home/arm-examples/blink/GCC_Project/output/dbg_uart.o
                0x0000000020027000                _dbg_uart_id
 .data._semihost_handle
                0x0000000020027004        0x4 /data/data/com.termux/files/home/arm-examples/blink/GCC_Project/output/dbg_uart.o
                0x0000000020027004                _semihost_handle
 .data.pcDbgBuffer
                0x0000000020027008        0x4 /data/data/com.termux/files/home/arm-examples/blink/GCC_Project/output/dbg_uart.o